
Memory Configuration

Name             Origin             Length             Attributes
BRAM             0x0000000000000000 0x0000000000004000 xrw
*default*        0x0000000000000000 0xffffffffffffffff

Linker script and memory map


everything      0x0000000000000000      0x606
                0x0000000000000000                . = ALIGN (0x4)
 main_UNO_ADC.o(.text)
 .text          0x0000000000000000      0x198 main_UNO_ADC.o
 *(.*)
 .data          0x0000000000000198       0x55 main_UNO_ADC.o
 .bss           0x00000000000001ed        0x0 main_UNO_ADC.o
 .riscv.attributes
                0x00000000000001ed       0x1a main_UNO_ADC.o
 *fill*         0x0000000000000207        0x1 
 .text          0x0000000000000208      0x214 print_decimal.o
                0x0000000000000208                udiv32
                0x000000000000024c                print_dec
                0x00000000000002f8                print_angle
                0x00000000000003bc                print_speed
                0x00000000000003ec                print_amplitude
 .data          0x000000000000041c        0x0 print_decimal.o
 .bss           0x000000000000041c        0x0 print_decimal.o
 .rodata        0x000000000000041c       0x20 print_decimal.o
 .riscv.attributes
                0x000000000000043c       0x1a print_decimal.o
 *fill*         0x0000000000000456        0x2 
 .text          0x0000000000000458       0x88 putchar.o
                0x0000000000000458                putchar
                0x000000000000049c                putchar1
 .data          0x00000000000004e0        0x0 putchar.o
 .bss           0x00000000000004e0        0x0 putchar.o
 .riscv.attributes
                0x00000000000004e0       0x1a putchar.o
 *fill*         0x00000000000004fa        0x2 
 .text          0x00000000000004fc       0x24 wait.o
                0x00000000000004fc                wait
 .data          0x0000000000000520        0x0 wait.o
 .bss           0x0000000000000520        0x0 wait.o
 .riscv.attributes
                0x0000000000000520       0x1a wait.o
 *fill*         0x000000000000053a        0x2 
 .text          0x000000000000053c       0x2c global_rev_DD.o
                0x000000000000053c                RDD_hw
 .data          0x0000000000000568        0x0 global_rev_DD.o
 .bss           0x0000000000000568        0x0 global_rev_DD.o
 .riscv.attributes
                0x0000000000000568       0x1a global_rev_DD.o
 *fill*         0x0000000000000582        0x2 
 .text          0x0000000000000584       0x68 getchar.o
                0x0000000000000584                getchar
                0x00000000000005b8                getchar1
 .data          0x00000000000005ec        0x0 getchar.o
 .bss           0x00000000000005ec        0x0 getchar.o
 .riscv.attributes
                0x00000000000005ec       0x1a getchar.o
LOAD main_UNO_ADC.o
LOAD print_decimal.o
LOAD putchar.o
LOAD wait.o
LOAD global_rev_DD.o
LOAD getchar.o
OUTPUT(firmware.elf elf32-littleriscv)
