
Memory Configuration

Name             Origin             Length             Attributes
BRAM             0x0000000000000000 0x0000000000004000 xrw
*default*        0x0000000000000000 0xffffffffffffffff

Linker script and memory map


everything      0x0000000000000000      0x5f6
                0x0000000000000000                . = ALIGN (0x4)
 main_UNO_ADC.o(.text)
 .text          0x0000000000000000      0x188 main_UNO_ADC.o
 *(.*)
 .data          0x0000000000000188       0x55 main_UNO_ADC.o
 .bss           0x00000000000001dd        0x0 main_UNO_ADC.o
 .riscv.attributes
                0x00000000000001dd       0x1a main_UNO_ADC.o
 *fill*         0x00000000000001f7        0x1 
 .text          0x00000000000001f8      0x214 print_decimal.o
                0x00000000000001f8                udiv32
                0x000000000000023c                print_dec
                0x00000000000002e8                print_angle
                0x00000000000003ac                print_speed
                0x00000000000003dc                print_amplitude
 .data          0x000000000000040c        0x0 print_decimal.o
 .bss           0x000000000000040c        0x0 print_decimal.o
 .rodata        0x000000000000040c       0x20 print_decimal.o
 .riscv.attributes
                0x000000000000042c       0x1a print_decimal.o
 *fill*         0x0000000000000446        0x2 
 .text          0x0000000000000448       0x88 putchar.o
                0x0000000000000448                putchar
                0x000000000000048c                putchar1
 .data          0x00000000000004d0        0x0 putchar.o
 .bss           0x00000000000004d0        0x0 putchar.o
 .riscv.attributes
                0x00000000000004d0       0x1a putchar.o
 *fill*         0x00000000000004ea        0x2 
 .text          0x00000000000004ec       0x24 wait.o
                0x00000000000004ec                wait
 .data          0x0000000000000510        0x0 wait.o
 .bss           0x0000000000000510        0x0 wait.o
 .riscv.attributes
                0x0000000000000510       0x1a wait.o
 *fill*         0x000000000000052a        0x2 
 .text          0x000000000000052c       0x2c global_rev_DD.o
                0x000000000000052c                RDD_hw
 .data          0x0000000000000558        0x0 global_rev_DD.o
 .bss           0x0000000000000558        0x0 global_rev_DD.o
 .riscv.attributes
                0x0000000000000558       0x1a global_rev_DD.o
 *fill*         0x0000000000000572        0x2 
 .text          0x0000000000000574       0x68 getchar.o
                0x0000000000000574                getchar
                0x00000000000005a8                getchar1
 .data          0x00000000000005dc        0x0 getchar.o
 .bss           0x00000000000005dc        0x0 getchar.o
 .riscv.attributes
                0x00000000000005dc       0x1a getchar.o
LOAD main_UNO_ADC.o
LOAD print_decimal.o
LOAD putchar.o
LOAD wait.o
LOAD global_rev_DD.o
LOAD getchar.o
OUTPUT(firmware.elf elf32-littleriscv)
