#! /usr/bin/env bash
exec /home/leonardo/miniconda3/envs/digital/bin/vvp -f "$0" "$@" <<'# EOF'
:ivl_version "13.0 (devel)" "(0_8-6859-gf50cc35d2-dirty)";
:ivl_delay_selection "TYPICAL";
:vpi_time_precision - 12;
:vpi_module "/home/leonardo/miniconda3/envs/digital/lib/ivl/system.vpi";
:vpi_module "/home/leonardo/miniconda3/envs/digital/lib/ivl/vhdl_sys.vpi";
:vpi_module "/home/leonardo/miniconda3/envs/digital/lib/ivl/vhdl_textio.vpi";
:vpi_module "/home/leonardo/miniconda3/envs/digital/lib/ivl/v2005_math.vpi";
:vpi_module "/home/leonardo/miniconda3/envs/digital/lib/ivl/va_math.vpi";
S_0x21222860 .scope module, "Display_TB" "Display_TB" 2 3;
 .timescale -9 -12;
P_0x2124fbe0 .param/l "PERIOD" 0 2 30, +C4<00000000000000000000000000010100>;
v0x212dd3d0_0 .net "DC", 0 0, v0x212d51b0_0;  1 drivers
v0x212dd470_0 .var "MISO", 0 0;
v0x212dd530_0 .net "MOSI", 0 0, v0x212d18d0_0;  1 drivers
v0x212dd5d0_0 .var "adr_a", 11 0;
v0x212dd670_0 .var "clk", 0 0;
v0x212dd710_0 .var "dat_a", 15 0;
v0x212dd800_0 .net "dat_a_out", 15 0, v0x212db1a0_0;  1 drivers
v0x212dd8f0_0 .net "data_rx", 7 0, L_0x212ef6f0;  1 drivers
v0x212dd9d0_0 .net "displayCS", 0 0, v0x212d5640_0;  1 drivers
v0x212dda70_0 .net "displayReset", 0 0, v0x212d8930_0;  1 drivers
v0x212ddb10_0 .net "done", 0 0, v0x212d89d0_0;  1 drivers
v0x212ddbb0_0 .var "en_a", 0 0;
v0x212ddc50_0 .var "init", 0 0;
v0x212ddcf0_0 .var "reset", 0 0;
v0x212ddd90_0 .net "spi_clk", 0 0, v0x212d38e0_0;  1 drivers
v0x212dde30_0 .var "we_a", 0 0;
E_0x21268f00 .event anyedge, v0x212d89d0_0;
L_0x212ef6f0 .part v0x212d23b0_0, 0, 8;
S_0x212976b0 .scope module, "Display0" "Display" 2 25, 3 3 0, S_0x21222860;
 .timescale -9 -12;
    .port_info 0 /INPUT 1 "clk";
    .port_info 1 /INPUT 1 "reset";
    .port_info 2 /INPUT 1 "en_a";
    .port_info 3 /INPUT 12 "adr_a";
    .port_info 4 /INPUT 16 "dat_a";
    .port_info 5 /INPUT 1 "we_a";
    .port_info 6 /OUTPUT 16 "dat_a_out";
    .port_info 7 /OUTPUT 16 "data_rx";
    .port_info 8 /OUTPUT 1 "spi_clk";
    .port_info 9 /OUTPUT 1 "MOSI";
    .port_info 10 /INPUT 1 "busy";
    .port_info 11 /INPUT 1 "MISO";
    .port_info 12 /OUTPUT 1 "DC";
    .port_info 13 /OUTPUT 1 "displayCS";
    .port_info 14 /OUTPUT 1 "displayReset";
    .port_info 15 /OUTPUT 1 "done";
    .port_info 16 /INPUT 1 "init";
P_0x212a4b90 .param/l "adr_width" 0 3 51, +C4<00000000000000000000000000001100>;
P_0x212a4bd0 .param/l "dat_width" 0 3 52, +C4<00000000000000000000000000010000>;
P_0x212a4c10 .param/str "mem_file_name" 0 3 53, "init_dpram.ini";
P_0x212a4c50 .param/l "number_of_bits" 0 3 50, +C4<00000000000000000000000000001000>;
P_0x212a4c90 .param/l "slowing_factor" 0 3 49, +C4<00000000000000000000000000100110>;
v0x212db930_0 .net "DC", 0 0, v0x212d51b0_0;  alias, 1 drivers
v0x212db9f0_0 .net "MISO", 0 0, v0x212dd470_0;  1 drivers
v0x212dbb00_0 .net "MOSI", 0 0, v0x212d18d0_0;  alias, 1 drivers
L_0x7f3fee7380f0 .functor BUFT 1, C4<0>, C4<0>, C4<0>, C4<0>;
v0x212dbbf0_0 .net *"_ivl_12", 0 0, L_0x7f3fee7380f0;  1 drivers
L_0x7f3fee738018 .functor BUFT 1, C4<0>, C4<0>, C4<0>, C4<0>;
v0x212dbc90_0 .net *"_ivl_3", 0 0, L_0x7f3fee738018;  1 drivers
v0x212dbdc0_0 .net "adr_a", 11 0, v0x212dd5d0_0;  1 drivers
o0x7f3fee783238 .functor BUFZ 1, C4<z>; HiZ drive
v0x212dbea0_0 .net "busy", 0 0, o0x7f3fee783238;  0 drivers
v0x212dbf60_0 .net "clk", 0 0, v0x212dd670_0;  1 drivers
v0x212dc000_0 .net "dat_a", 15 0, v0x212dd710_0;  1 drivers
v0x212dc0c0_0 .net "dat_a_out", 15 0, v0x212db1a0_0;  alias, 1 drivers
v0x212dc160_0 .net "data_rx", 15 0, v0x212d23b0_0;  1 drivers
v0x212dc200_0 .net "displayCS", 0 0, v0x212d5640_0;  alias, 1 drivers
v0x212dc2f0_0 .net "displayReset", 0 0, v0x212d8930_0;  alias, 1 drivers
v0x212dc3e0_0 .net "done", 0 0, v0x212d89d0_0;  alias, 1 drivers
v0x212dc4d0_0 .net "en_a", 0 0, v0x212ddbb0_0;  1 drivers
v0x212dc570_0 .net "frst_done", 0 0, v0x212d0a10_0;  1 drivers
v0x212dc610_0 .net "init", 0 0, v0x212ddc50_0;  1 drivers
v0x212dc7c0_0 .net "reset", 0 0, v0x212ddcf0_0;  1 drivers
v0x212dc970_0 .net "spi_clk", 0 0, v0x212d38e0_0;  alias, 1 drivers
v0x212dca60_0 .net "w_SPI_init", 0 0, v0x212d5350_0;  1 drivers
v0x212dcb00_0 .net "w_adr_b", 11 0, v0x212d7530_0;  1 drivers
v0x212dcbc0_0 .net "w_configState", 0 0, v0x212d76b0_0;  1 drivers
v0x212dcc60_0 .net "w_dat_b", 15 0, v0x212db280_0;  1 drivers
v0x212dcd20_0 .net "w_delay", 0 0, v0x212d7750_0;  1 drivers
v0x212dce50_0 .net "w_spiDone", 0 0, v0x2129f350_0;  1 drivers
v0x212dcef0_0 .net "we_a", 0 0, v0x212dde30_0;  1 drivers
L_0x212ddf20 .concat [ 12 1 0 0], v0x212dd5d0_0, L_0x7f3fee738018;
L_0x212de060 .concat [ 12 1 0 0], v0x212d7530_0, L_0x7f3fee7380f0;
L_0x212eed00 .part v0x212db280_0, 0, 1;
L_0x212ef600 .reduce/nor o0x7f3fee783238;
S_0x21298440 .scope module, "SPI0" "SPI" 3 86, 4 3 0, S_0x212976b0;
 .timescale -9 -12;
    .port_info 0 /INPUT 1 "reset";
    .port_info 1 /INPUT 1 "clk";
    .port_info 2 /INPUT 1 "init";
    .port_info 3 /INPUT 16 "data_tx";
    .port_info 4 /INPUT 1 "MISO";
    .port_info 5 /INPUT 1 "delay";
    .port_info 6 /INPUT 1 "busy";
    .port_info 7 /INPUT 1 "configState";
    .port_info 8 /OUTPUT 1 "done";
    .port_info 9 /OUTPUT 1 "frst_done";
    .port_info 10 /OUTPUT 16 "data_rx";
    .port_info 11 /OUTPUT 1 "spi_clk";
    .port_info 12 /OUTPUT 1 "MOSI";
P_0x212b96a0 .param/l "number_of_bits" 0 4 5, +C4<00000000000000000000000000001000>;
P_0x212b96e0 .param/l "slowing_factor" 0 4 4, +C4<00000000000000000000000000100110>;
L_0x212eee80 .functor BUFZ 1, v0x2129f350_0, C4<0>, C4<0>, C4<0>;
L_0x212eeef0 .functor BUFZ 1, v0x212d38e0_0, C4<0>, C4<0>, C4<0>;
v0x212d3ac0_0 .net "MISO", 0 0, v0x212dd470_0;  alias, 1 drivers
v0x212d3b80_0 .net "MOSI", 0 0, v0x212d18d0_0;  alias, 1 drivers
v0x212d3c20_0 .net "busy", 0 0, L_0x212ef600;  1 drivers
v0x212d3cf0_0 .net "clk", 0 0, v0x212dd670_0;  alias, 1 drivers
v0x212d3d90_0 .net "configState", 0 0, v0x212d76b0_0;  alias, 1 drivers
v0x212d3e30_0 .net "data_rx", 15 0, v0x212d23b0_0;  alias, 1 drivers
v0x212d3f00_0 .net "data_tx", 15 0, v0x212db280_0;  alias, 1 drivers
v0x212d3fd0_0 .net "delay", 0 0, v0x212d7750_0;  alias, 1 drivers
v0x212d40a0_0 .net "done", 0 0, v0x2129f350_0;  alias, 1 drivers
v0x212d4170_0 .net "frst_done", 0 0, v0x212d0a10_0;  alias, 1 drivers
v0x212d4240_0 .net "init", 0 0, v0x212d5350_0;  alias, 1 drivers
v0x212d4310_0 .net "reset", 0 0, v0x212ddcf0_0;  alias, 1 drivers
v0x212d43b0_0 .net "spi_clk", 0 0, v0x212d38e0_0;  alias, 1 drivers
v0x212d4480_0 .net "w_done", 0 0, L_0x212eee80;  1 drivers
v0x212d4520_0 .net "w_ending", 0 0, L_0x212ef510;  1 drivers
v0x212d4610_0 .net "w_flag_for_edge", 0 0, v0x212d34f0_0;  1 drivers
v0x212d4700_0 .net "w_load", 0 0, v0x212d0b90_0;  1 drivers
v0x212d48b0_0 .net "w_scnd_ld", 0 0, v0x212d0d10_0;  1 drivers
v0x212d4950_0 .net "w_spi_clk", 0 0, L_0x212eeef0;  1 drivers
v0x212d49f0_0 .net "w_stop", 0 0, v0x212d1050_0;  1 drivers
S_0x212aea90 .scope module, "control_SPI0" "control_SPI" 4 57, 4 185 0, S_0x21298440;
 .timescale -9 -12;
    .port_info 0 /INPUT 1 "reset";
    .port_info 1 /INPUT 1 "clk";
    .port_info 2 /INPUT 1 "init";
    .port_info 3 /INPUT 1 "delay";
    .port_info 4 /INPUT 1 "busy";
    .port_info 5 /INPUT 1 "ending";
    .port_info 6 /INPUT 1 "configState";
    .port_info 7 /OUTPUT 1 "dn";
    .port_info 8 /OUTPUT 1 "ld";
    .port_info 9 /OUTPUT 1 "stop";
    .port_info 10 /OUTPUT 1 "scnd_ld";
    .port_info 11 /OUTPUT 1 "frst_done";
P_0x212365f0 .param/l "LOAD" 0 4 201, C4<001>;
P_0x21236630 .param/l "SECOND_LD" 0 4 201, C4<100>;
P_0x21236670 .param/l "SECOND_START" 0 4 201, C4<101>;
P_0x212366b0 .param/l "SENDING_DATA" 0 4 201, C4<010>;
P_0x212366f0 .param/l "SLAVE_NOT_READY" 0 4 201, C4<011>;
P_0x21236730 .param/l "START" 0 4 201, C4<000>;
v0x212b9e20_0 .var "Config_mode", 0 0;
v0x21296920_0 .net "busy", 0 0, L_0x212ef600;  alias, 1 drivers
v0x212970a0_0 .net "clk", 0 0, v0x212dd670_0;  alias, 1 drivers
v0x212a24a0_0 .net "configState", 0 0, v0x212d76b0_0;  alias, 1 drivers
v0x212a4570_0 .net "delay", 0 0, v0x212d7750_0;  alias, 1 drivers
v0x2129f350_0 .var "dn", 0 0;
v0x212b55a0_0 .net "ending", 0 0, L_0x212ef510;  alias, 1 drivers
v0x212d0a10_0 .var "frst_done", 0 0;
v0x212d0ad0_0 .net "init", 0 0, v0x212d5350_0;  alias, 1 drivers
v0x212d0b90_0 .var "ld", 0 0;
v0x212d0c50_0 .net "reset", 0 0, v0x212ddcf0_0;  alias, 1 drivers
v0x212d0d10_0 .var "scnd_ld", 0 0;
v0x212d0dd0_0 .var "second_pack", 0 0;
v0x212d0e90_0 .var "state", 2 0;
v0x212d0f70_0 .var "state_name", 320 1;
v0x212d1050_0 .var "stop", 0 0;
E_0x212bac50 .event anyedge, v0x212d0e90_0;
E_0x212bab20 .event posedge, v0x212d0c50_0, v0x212970a0_0;
S_0x212d1290 .scope module, "spi_datapath0" "spi_datapath" 4 34, 4 74 0, S_0x21298440;
 .timescale -9 -12;
    .port_info 0 /INPUT 1 "clk";
    .port_info 1 /INPUT 1 "flag_for_edge";
    .port_info 2 /INPUT 1 "spi_clk";
    .port_info 3 /INPUT 1 "reset";
    .port_info 4 /INPUT 1 "done";
    .port_info 5 /INPUT 1 "load";
    .port_info 6 /INPUT 1 "scnd_ld";
    .port_info 7 /INPUT 16 "data_tx";
    .port_info 8 /INPUT 1 "MISO";
    .port_info 9 /OUTPUT 1 "ending";
    .port_info 10 /OUTPUT 16 "data_rx";
    .port_info 11 /OUTPUT 1 "MOSI";
P_0x21221610 .param/l "DONE" 1 4 98, C4<10>;
P_0x21221650 .param/l "SEND" 1 4 98, C4<00>;
P_0x21221690 .param/l "SHIFT" 1 4 98, C4<01>;
P_0x212216d0 .param/l "number_of_bits" 0 4 75, +C4<00000000000000000000000000001000>;
L_0x212ef270 .functor AND 1, L_0x212ef090, L_0x212ef1d0, C4<1>, C4<1>;
v0x212d17f0_0 .net "MISO", 0 0, v0x212dd470_0;  alias, 1 drivers
v0x212d18d0_0 .var "MOSI", 0 0;
v0x212d1990_0 .net *"_ivl_0", 31 0, L_0x212eeff0;  1 drivers
v0x212d1a80_0 .net *"_ivl_11", 0 0, L_0x212ef270;  1 drivers
L_0x7f3fee7383c0 .functor BUFT 1, C4<01>, C4<0>, C4<0>, C4<0>;
v0x212d1b40_0 .net/2s *"_ivl_12", 1 0, L_0x7f3fee7383c0;  1 drivers
L_0x7f3fee738408 .functor BUFT 1, C4<00>, C4<0>, C4<0>, C4<0>;
v0x212d1c70_0 .net/2s *"_ivl_14", 1 0, L_0x7f3fee738408;  1 drivers
v0x212d1d50_0 .net *"_ivl_16", 1 0, L_0x212ef380;  1 drivers
L_0x7f3fee738330 .functor BUFT 1, C4<0000000000000000000000000>, C4<0>, C4<0>, C4<0>;
v0x212d1e30_0 .net *"_ivl_3", 24 0, L_0x7f3fee738330;  1 drivers
L_0x7f3fee738378 .functor BUFT 1, C4<00000000000000000000000000001000>, C4<0>, C4<0>, C4<0>;
v0x212d1f10_0 .net/2u *"_ivl_4", 31 0, L_0x7f3fee738378;  1 drivers
v0x212d1ff0_0 .net *"_ivl_6", 0 0, L_0x212ef090;  1 drivers
v0x212d20b0_0 .net *"_ivl_9", 0 0, L_0x212ef1d0;  1 drivers
v0x212d2170_0 .var "bit_cnt", 6 0;
v0x212d2250_0 .net "clk", 0 0, v0x212dd670_0;  alias, 1 drivers
v0x212d22f0_0 .var "data", 15 0;
v0x212d23b0_0 .var "data_rx", 15 0;
v0x212d2490_0 .net "data_tx", 15 0, v0x212db280_0;  alias, 1 drivers
v0x212d2570_0 .net "done", 0 0, L_0x212eee80;  alias, 1 drivers
v0x212d2630_0 .net "ending", 0 0, L_0x212ef510;  alias, 1 drivers
v0x212d2700_0 .net "flag_for_edge", 0 0, v0x212d34f0_0;  alias, 1 drivers
v0x212d27a0_0 .net "load", 0 0, v0x212d0b90_0;  alias, 1 drivers
v0x212d2870_0 .net "reset", 0 0, v0x212ddcf0_0;  alias, 1 drivers
v0x212d2940_0 .net "scnd_ld", 0 0, v0x212d0d10_0;  alias, 1 drivers
v0x212d2a10_0 .net "spi_clk", 0 0, L_0x212eeef0;  alias, 1 drivers
v0x212d2ab0_0 .var "sub_state", 1 0;
v0x212d2b50_0 .var "substate_name", 320 1;
E_0x212baaa0 .event anyedge, v0x212d2ab0_0;
E_0x212d1790 .event posedge, v0x212970a0_0;
L_0x212eeff0 .concat [ 7 25 0 0], v0x212d2170_0, L_0x7f3fee738330;
L_0x212ef090 .cmp/eq 32, L_0x212eeff0, L_0x7f3fee738378;
L_0x212ef1d0 .reduce/nor L_0x212eeef0;
L_0x212ef380 .functor MUXZ 2, L_0x7f3fee738408, L_0x7f3fee7383c0, L_0x212ef270, C4<>;
L_0x212ef510 .part L_0x212ef380, 0, 1;
S_0x212d2db0 .scope module, "spiclk0" "spiclk" 4 48, 4 145 0, S_0x21298440;
 .timescale -9 -12;
    .port_info 0 /INPUT 1 "clk";
    .port_info 1 /INPUT 1 "reset";
    .port_info 2 /INPUT 1 "done";
    .port_info 3 /INPUT 1 "load";
    .port_info 4 /INPUT 1 "stop";
    .port_info 5 /INPUT 1 "scnd_ld";
    .port_info 6 /OUTPUT 1 "spi_clk";
    .port_info 7 /OUTPUT 1 "flag_for_edge";
P_0x212b9460 .param/l "slowing_factor" 0 4 146, +C4<00000000000000000000000000100110>;
P_0x212b94a0 .param/l "slowing_factor_for_half_clk" 1 4 159, +C4<000000000000000000000000000010010>;
v0x212d3230_0 .net "clk", 0 0, v0x212dd670_0;  alias, 1 drivers
v0x212d3340_0 .var "clk_div", 15 0;
v0x212d3420_0 .net "done", 0 0, L_0x212eee80;  alias, 1 drivers
v0x212d34f0_0 .var "flag_for_edge", 0 0;
v0x212d35c0_0 .net "load", 0 0, v0x212d0b90_0;  alias, 1 drivers
v0x212d3700_0 .net "reset", 0 0, v0x212ddcf0_0;  alias, 1 drivers
v0x212d37f0_0 .net "scnd_ld", 0 0, v0x212d0d10_0;  alias, 1 drivers
v0x212d38e0_0 .var "spi_clk", 0 0;
v0x212d3980_0 .net "stop", 0 0, v0x212d1050_0;  alias, 1 drivers
E_0x212d31d0 .event negedge, v0x212970a0_0;
S_0x212d4b20 .scope module, "addrCtrl0" "addrCtrl" 3 70, 5 2 0, S_0x212976b0;
 .timescale -9 -12;
    .port_info 0 /INPUT 1 "reset";
    .port_info 1 /INPUT 1 "clk";
    .port_info 2 /INPUT 1 "init";
    .port_info 3 /INPUT 1 "spiDone";
    .port_info 4 /INPUT 1 "DC_input";
    .port_info 5 /INPUT 1 "frst_done";
    .port_info 6 /OUTPUT 12 "adrB";
    .port_info 7 /OUTPUT 1 "DC";
    .port_info 8 /OUTPUT 1 "displayCS";
    .port_info 9 /OUTPUT 1 "SPI_init";
    .port_info 10 /OUTPUT 1 "done";
    .port_info 11 /OUTPUT 1 "delay";
    .port_info 12 /OUTPUT 1 "configState";
    .port_info 13 /OUTPUT 1 "displayReset";
P_0x212d4d20 .param/l "slowing_factor" 0 5 3, +C4<00000000000000000000000000100110>;
L_0x212b6050 .functor BUFZ 1, v0x212d89d0_0, C4<0>, C4<0>, C4<0>;
L_0x212de230 .functor BUFZ 1, v0x212d7750_0, C4<0>, C4<0>, C4<0>;
L_0x212de2a0 .functor BUFZ 1, v0x212d76b0_0, C4<0>, C4<0>, C4<0>;
v0x212d9450_0 .net "DC", 0 0, v0x212d51b0_0;  alias, 1 drivers
v0x212d9540_0 .net "DC_input", 0 0, L_0x212eed00;  1 drivers
v0x212d9610_0 .net "SPI_init", 0 0, v0x212d5350_0;  alias, 1 drivers
v0x212d96e0_0 .net "adrB", 11 0, v0x212d7530_0;  alias, 1 drivers
v0x212d97b0_0 .net "clk", 0 0, v0x212dd670_0;  alias, 1 drivers
v0x212d9850_0 .net "configState", 0 0, v0x212d76b0_0;  alias, 1 drivers
v0x212d98f0_0 .net "delay", 0 0, v0x212d7750_0;  alias, 1 drivers
v0x212d9990_0 .net "displayCS", 0 0, v0x212d5640_0;  alias, 1 drivers
v0x212d9a30_0 .net "displayReset", 0 0, v0x212d8930_0;  alias, 1 drivers
v0x212d9b90_0 .net "done", 0 0, v0x212d89d0_0;  alias, 1 drivers
v0x212d9c60_0 .net "frst_done", 0 0, v0x212d0a10_0;  alias, 1 drivers
L_0x7f3fee7382e8 .functor BUFT 1, C4<0>, C4<0>, C4<0>, C4<0>;
v0x212d9d90_0 .net "init", 0 0, L_0x7f3fee7382e8;  1 drivers
v0x212d9e60_0 .net "reset", 0 0, v0x212ddcf0_0;  alias, 1 drivers
v0x212d9f00_0 .net "spiDone", 0 0, v0x2129f350_0;  alias, 1 drivers
v0x212d9fa0_0 .net "w_configState", 0 0, L_0x212de2a0;  1 drivers
v0x212da070_0 .net "w_delay", 0 0, L_0x212de230;  1 drivers
v0x212da110_0 .net "w_dn", 0 0, L_0x212b6050;  1 drivers
v0x212da2c0_0 .net "w_frFinshed", 0 0, L_0x212eeb80;  1 drivers
v0x212da360_0 .net "w_ld", 0 0, v0x212d8cc0_0;  1 drivers
v0x212da400_0 .net "w_sd", 0 0, v0x212d8e30_0;  1 drivers
v0x212da4f0_0 .net "w_sh", 0 0, v0x212d8f00_0;  1 drivers
S_0x212d4dc0 .scope module, "DC0" "DC" 5 33, 5 72 0, S_0x212d4b20;
 .timescale -9 -12;
    .port_info 0 /INPUT 1 "clk";
    .port_info 1 /INPUT 1 "reset";
    .port_info 2 /INPUT 1 "sd";
    .port_info 3 /INPUT 1 "dn";
    .port_info 4 /INPUT 1 "spiDone";
    .port_info 5 /INPUT 1 "frst_done";
    .port_info 6 /INPUT 1 "configState";
    .port_info 7 /INPUT 1 "DC_input";
    .port_info 8 /INPUT 1 "delay";
    .port_info 9 /OUTPUT 1 "DC";
    .port_info 10 /OUTPUT 1 "SPI_init";
    .port_info 11 /OUTPUT 1 "displayCS";
v0x212d51b0_0 .var "DC", 0 0;
v0x212d5290_0 .net "DC_input", 0 0, L_0x212eed00;  alias, 1 drivers
v0x212d5350_0 .var "SPI_init", 0 0;
v0x212d5440_0 .net "clk", 0 0, v0x212dd670_0;  alias, 1 drivers
v0x212d54e0_0 .net "configState", 0 0, L_0x212de2a0;  alias, 1 drivers
v0x212d5580_0 .net "delay", 0 0, L_0x212de230;  alias, 1 drivers
v0x212d5640_0 .var "displayCS", 0 0;
v0x212d5700_0 .net "dn", 0 0, L_0x212b6050;  alias, 1 drivers
v0x212d57c0_0 .net "frst_done", 0 0, v0x212d0a10_0;  alias, 1 drivers
v0x212d5860_0 .net "reset", 0 0, v0x212ddcf0_0;  alias, 1 drivers
v0x212d5990_0 .net "sd", 0 0, v0x212d8e30_0;  alias, 1 drivers
v0x212d5a50_0 .net "spiDone", 0 0, v0x2129f350_0;  alias, 1 drivers
E_0x212d5130/0 .event negedge, v0x212970a0_0;
E_0x212d5130/1 .event posedge, v0x212d0c50_0;
E_0x212d5130 .event/or E_0x212d5130/0, E_0x212d5130/1;
S_0x212d5c70 .scope module, "addr0" "addr" 5 46, 5 114 0, S_0x212d4b20;
 .timescale -9 -12;
    .port_info 0 /INPUT 1 "clk";
    .port_info 1 /INPUT 1 "reset";
    .port_info 2 /INPUT 1 "sh";
    .port_info 3 /INPUT 1 "ld";
    .port_info 4 /INPUT 1 "spiDone";
    .port_info 5 /OUTPUT 1 "frameFinished";
    .port_info 6 /OUTPUT 1 "configState";
    .port_info 7 /OUTPUT 12 "address";
    .port_info 8 /OUTPUT 1 "delay";
P_0x212d5e70 .param/l "CONFIG_END_ADDR" 1 5 129, +C4<00000000000000000000000000101100>;
P_0x212d5eb0 .param/l "Memory_cells" 1 5 133, +C4<00000000000000000001000000000000>;
P_0x212d5ef0 .param/l "bits_of_mem" 1 5 135, +C4<00000000000000000000000000000000000000000000000001111110101000000>;
P_0x212d5f30 .param/l "cell_size" 1 5 134, +C4<00000000000000000000000000010000>;
P_0x212d5f70 .param/l "end_address" 1 5 138, +C4<00000000000000000000000000000000000000000000000000000000000000000000000000000000000000000000000000000000000000000000000111100010000>;
P_0x212d5fb0 .param/l "end_address_with_ending_cmds" 1 5 139, +C4<000000000000000000000000000000000000000000000000000000000000000000000000000000000000000000000000000000000000000000000000111100010011>;
P_0x212d5ff0 .param/l "end_bits" 1 5 137, +C4<0000000000000000000000000000000000000000000000000000000000000000000000000000000000000000000000000000000000000000001110111001001000>;
P_0x212d6030 .param/l "required_full_memories" 1 5 136, +C4<000000000000000000000000000000000000000000000000000000000000000000000000000000000000000000000000>;
P_0x212d6070 .param/l "st_address1" 1 5 142, +C4<00000000000000000000000000000011>;
P_0x212d60b0 .param/l "st_address2" 1 5 142, +C4<00000000000000000000000000101010>;
P_0x212d60f0 .param/l "total_frame_bits" 0 5 132, +C4<000000000000000000000000000000000000000000000000000000000000000000000000000000001110111001001000>;
L_0x212de3b0 .functor AND 1, L_0x212ee4d0, L_0x212ee7d0, C4<1>, C4<1>;
v0x212d6a90_0 .net *"_ivl_0", 95 0, L_0x212de310;  1 drivers
L_0x7f3fee7381c8 .functor BUFT 1, C4<000000000000000000000000000000000000000000000000000000000000000000000000000000000000000000000000000000000000000000000000>, C4<0>, C4<0>, C4<0>;
v0x212d6b90_0 .net *"_ivl_11", 119 0, L_0x7f3fee7381c8;  1 drivers
L_0x7f3fee738210 .functor BUFT 1, C4<000000000000000000000000000000000000000000000000000000000000000000000000000000000000000000000000000000000000000000000000111100010011>, C4<0>, C4<0>, C4<0>;
v0x212d6c70_0 .net/2u *"_ivl_12", 131 0, L_0x7f3fee738210;  1 drivers
v0x212d6d60_0 .net *"_ivl_14", 0 0, L_0x212ee7d0;  1 drivers
v0x212d6e20_0 .net *"_ivl_17", 0 0, L_0x212de3b0;  1 drivers
L_0x7f3fee738258 .functor BUFT 1, C4<01>, C4<0>, C4<0>, C4<0>;
v0x212d6f30_0 .net/2s *"_ivl_18", 1 0, L_0x7f3fee738258;  1 drivers
L_0x7f3fee7382a0 .functor BUFT 1, C4<00>, C4<0>, C4<0>, C4<0>;
v0x212d7010_0 .net/2s *"_ivl_20", 1 0, L_0x7f3fee7382a0;  1 drivers
v0x212d70f0_0 .net *"_ivl_22", 1 0, L_0x212eea40;  1 drivers
L_0x7f3fee738138 .functor BUFT 1, C4<0000000000000000000000000000000000000000000000000000000000000000000000000000000000000000000>, C4<0>, C4<0>, C4<0>;
v0x212d71d0_0 .net *"_ivl_3", 90 0, L_0x7f3fee738138;  1 drivers
L_0x7f3fee738180 .functor BUFT 1, C4<000000000000000000000000000000000000000000000000000000000000000000000000000000000000000000000000>, C4<0>, C4<0>, C4<0>;
v0x212d72b0_0 .net/2u *"_ivl_4", 95 0, L_0x7f3fee738180;  1 drivers
v0x212d7390_0 .net *"_ivl_6", 0 0, L_0x212ee4d0;  1 drivers
v0x212d7450_0 .net *"_ivl_8", 131 0, L_0x212ee610;  1 drivers
v0x212d7530_0 .var "address", 11 0;
v0x212d7610_0 .net "clk", 0 0, v0x212dd670_0;  alias, 1 drivers
v0x212d76b0_0 .var "configState", 0 0;
v0x212d7750_0 .var "delay", 0 0;
v0x212d7840_0 .net "frameFinished", 0 0, L_0x212eeb80;  alias, 1 drivers
v0x212d7900_0 .net "ld", 0 0, v0x212d8cc0_0;  alias, 1 drivers
v0x212d79c0_0 .var "pointerResets", 4 0;
v0x212d7aa0_0 .net "reset", 0 0, v0x212ddcf0_0;  alias, 1 drivers
v0x212d7b40_0 .net "sh", 0 0, v0x212d8f00_0;  alias, 1 drivers
v0x212d7c00_0 .net "spiDone", 0 0, v0x2129f350_0;  alias, 1 drivers
E_0x212d6a30 .event anyedge, v0x212d7530_0;
L_0x212de310 .concat [ 5 91 0 0], v0x212d79c0_0, L_0x7f3fee738138;
L_0x212ee4d0 .cmp/eq 96, L_0x212de310, L_0x7f3fee738180;
L_0x212ee610 .concat [ 12 120 0 0], v0x212d7530_0, L_0x7f3fee7381c8;
L_0x212ee7d0 .cmp/eq 132, L_0x212ee610, L_0x7f3fee738210;
L_0x212eea40 .functor MUXZ 2, L_0x7f3fee7382a0, L_0x7f3fee738258, L_0x212de3b0, C4<>;
L_0x212eeb80 .part L_0x212eea40, 0, 1;
S_0x212d66d0 .scope module, "control_addr0" "control_addr" 5 57, 5 172 0, S_0x212d4b20;
 .timescale -9 -12;
    .port_info 0 /INPUT 1 "reset";
    .port_info 1 /INPUT 1 "clk";
    .port_info 2 /INPUT 1 "init";
    .port_info 3 /INPUT 1 "frameFinished";
    .port_info 4 /INPUT 1 "spiDone";
    .port_info 5 /INPUT 1 "delay";
    .port_info 6 /INPUT 1 "frst_done";
    .port_info 7 /OUTPUT 1 "dn";
    .port_info 8 /OUTPUT 1 "sh";
    .port_info 9 /OUTPUT 1 "ld";
    .port_info 10 /OUTPUT 1 "sd";
    .port_info 11 /OUTPUT 1 "displayReset";
P_0x212d7e10 .param/l "CONFIGURE_LD" 1 5 189, C4<110>;
P_0x212d7e50 .param/l "DELAY" 1 5 189, C4<101>;
P_0x212d7e90 .param/l "LOAD" 1 5 189, C4<001>;
P_0x212d7ed0 .param/l "SHIFT_ADDR" 1 5 189, C4<011>;
P_0x212d7f10 .param/l "START" 1 5 189, C4<000>;
P_0x212d7f50 .param/l "START_SPI" 1 5 189, C4<010>;
P_0x212d7f90 .param/l "START_SPI_2" 1 5 189, C4<111>;
P_0x212d7fd0 .param/l "WAIT" 1 5 189, C4<100>;
P_0x212d8010 .param/l "delay_time" 1 5 193, +C4<00000000000000000000000100101100>;
P_0x212d8050 .param/l "slowing_factor" 0 5 173, +C4<00000000000000000000000000100110>;
v0x212d86b0_0 .net "clk", 0 0, v0x212dd670_0;  alias, 1 drivers
v0x212d8770_0 .net "delay", 0 0, L_0x212de230;  alias, 1 drivers
v0x212d8860_0 .var "delay_cnt", 28 0;
v0x212d8930_0 .var "displayReset", 0 0;
v0x212d89d0_0 .var "dn", 0 0;
v0x212d8ae0_0 .net "frameFinished", 0 0, L_0x212eeb80;  alias, 1 drivers
v0x212d8b80_0 .net "frst_done", 0 0, v0x212d0a10_0;  alias, 1 drivers
v0x212d8c20_0 .net "init", 0 0, L_0x7f3fee7382e8;  alias, 1 drivers
v0x212d8cc0_0 .var "ld", 0 0;
v0x212d8d90_0 .net "reset", 0 0, v0x212ddcf0_0;  alias, 1 drivers
v0x212d8e30_0 .var "sd", 0 0;
v0x212d8f00_0 .var "sh", 0 0;
v0x212d8fd0_0 .net "spiDone", 0 0, v0x2129f350_0;  alias, 1 drivers
v0x212d9100_0 .var "state", 2 0;
v0x212d91a0_0 .var "state_name", 320 1;
E_0x212d8650 .event anyedge, v0x212d9100_0;
S_0x212da680 .scope module, "dp_ram0" "dpram" 3 57, 6 5 0, S_0x212976b0;
 .timescale -9 -12;
    .port_info 0 /INPUT 1 "clk_a";
    .port_info 1 /INPUT 1 "en_a";
    .port_info 2 /INPUT 13 "adr_a";
    .port_info 3 /INPUT 16 "dat_a";
    .port_info 4 /INPUT 1 "we_a";
    .port_info 5 /INPUT 1 "clk_b";
    .port_info 6 /INPUT 1 "en_b";
    .port_info 7 /INPUT 1 "re_b";
    .port_info 8 /INPUT 13 "adr_b";
    .port_info 9 /OUTPUT 16 "dat_b";
    .port_info 10 /OUTPUT 16 "dat_a_out";
P_0x212da860 .param/l "adr_width" 0 6 6, +C4<00000000000000000000000000001101>;
P_0x212da8a0 .param/l "dat_width" 0 6 7, +C4<00000000000000000000000000010000>;
P_0x212da8e0 .param/l "depth" 1 6 25, +C4<000000000000000000000000000000010000000000000>;
P_0x212da920 .param/str "mem_file_name" 0 6 8, "init_dpram.hex";
v0x212dac60_0 .net "adr_a", 12 0, L_0x212ddf20;  1 drivers
v0x212dad60_0 .net "adr_b", 12 0, L_0x212de060;  1 drivers
v0x212dae40_0 .net "clk_a", 0 0, v0x212dd670_0;  alias, 1 drivers
v0x212daff0_0 .net "clk_b", 0 0, v0x212dd670_0;  alias, 1 drivers
v0x212db090_0 .net "dat_a", 15 0, v0x212dd710_0;  alias, 1 drivers
v0x212db1a0_0 .var "dat_a_out", 15 0;
v0x212db280_0 .var "dat_b", 15 0;
v0x212db390_0 .net "en_a", 0 0, v0x212ddbb0_0;  alias, 1 drivers
L_0x7f3fee738060 .functor BUFT 1, C4<1>, C4<0>, C4<0>, C4<0>;
v0x212db450_0 .net "en_b", 0 0, L_0x7f3fee738060;  1 drivers
v0x212db510 .array "ram", 4095 0, 15 0;
L_0x7f3fee7380a8 .functor BUFT 1, C4<1>, C4<0>, C4<0>, C4<0>;
v0x212db610_0 .net "re_b", 0 0, L_0x7f3fee7380a8;  1 drivers
v0x212db6b0_0 .net "we_a", 0 0, v0x212dde30_0;  alias, 1 drivers
S_0x212dd220 .scope begin, "TEST_CASE" "TEST_CASE" 2 64, 2 64 0, S_0x21222860;
 .timescale -9 -12;
    .scope S_0x212da680;
T_0 ;
    %vpi_call 6 30 "$readmemh", P_0x212da920, v0x212db510 {0 0 0};
    %end;
    .thread T_0;
    .scope S_0x212da680;
T_1 ;
    %wait E_0x212d1790;
    %load/vec4 v0x212db450_0;
    %flag_set/vec4 8;
    %jmp/0xz  T_1.0, 8;
    %load/vec4 v0x212db610_0;
    %flag_set/vec4 8;
    %jmp/0xz  T_1.2, 8;
    %load/vec4 v0x212dad60_0;
    %pad/u 14;
    %ix/vec4 4;
    %load/vec4a v0x212db510, 4;
    %assign/vec4 v0x212db280_0, 0;
T_1.2 ;
T_1.0 ;
    %jmp T_1;
    .thread T_1;
    .scope S_0x212da680;
T_2 ;
    %wait E_0x212d1790;
    %load/vec4 v0x212db390_0;
    %flag_set/vec4 8;
    %jmp/0xz  T_2.0, 8;
    %load/vec4 v0x212db6b0_0;
    %flag_set/vec4 8;
    %jmp/0xz  T_2.2, 8;
    %load/vec4 v0x212db090_0;
    %load/vec4 v0x212dac60_0;
    %pad/u 14;
    %ix/vec4 3;
    %ix/load 4, 0, 0; Constant delay
    %assign/vec4/a/d v0x212db510, 0, 4;
    %jmp T_2.3;
T_2.2 ;
    %load/vec4 v0x212dac60_0;
    %pad/u 14;
    %ix/vec4 4;
    %load/vec4a v0x212db510, 4;
    %assign/vec4 v0x212db1a0_0, 0;
T_2.3 ;
T_2.0 ;
    %jmp T_2;
    .thread T_2;
    .scope S_0x212d4dc0;
T_3 ;
    %wait E_0x212d5130;
    %load/vec4 v0x212d5860_0;
    %flag_set/vec4 8;
    %jmp/0xz  T_3.0, 8;
    %pushi/vec4 0, 0, 1;
    %assign/vec4 v0x212d51b0_0, 0;
    %pushi/vec4 1, 0, 1;
    %assign/vec4 v0x212d5640_0, 0;
    %pushi/vec4 0, 0, 1;
    %assign/vec4 v0x212d5350_0, 0;
    %jmp T_3.1;
T_3.0 ;
    %load/vec4 v0x212d5990_0;
    %flag_set/vec4 8;
    %jmp/0xz  T_3.2, 8;
    %load/vec4 v0x212d54e0_0;
    %flag_set/vec4 8;
    %jmp/0xz  T_3.4, 8;
    %load/vec4 v0x212d5290_0;
    %assign/vec4 v0x212d51b0_0, 0;
    %jmp T_3.5;
T_3.4 ;
    %pushi/vec4 1, 0, 1;
    %assign/vec4 v0x212d51b0_0, 0;
T_3.5 ;
    %pushi/vec4 0, 0, 1;
    %assign/vec4 v0x212d5640_0, 0;
    %pushi/vec4 1, 0, 1;
    %assign/vec4 v0x212d5350_0, 0;
    %jmp T_3.3;
T_3.2 ;
    %load/vec4 v0x212d5700_0;
    %flag_set/vec4 8;
    %jmp/1 T_3.9, 8;
    %load/vec4 v0x212d57c0_0;
    %flag_set/vec4 9;
    %flag_or 8, 9;
T_3.9;
    %jmp/1 T_3.8, 8;
    %load/vec4 v0x212d5a50_0;
    %flag_set/vec4 9;
    %flag_or 8, 9;
T_3.8;
    %jmp/0xz  T_3.6, 8;
    %pushi/vec4 1, 0, 1;
    %assign/vec4 v0x212d5640_0, 0;
    %pushi/vec4 0, 0, 1;
    %assign/vec4 v0x212d5350_0, 0;
    %jmp T_3.7;
T_3.6 ;
    %pushi/vec4 0, 0, 1;
    %assign/vec4 v0x212d5350_0, 0;
T_3.7 ;
T_3.3 ;
T_3.1 ;
    %jmp T_3;
    .thread T_3;
    .scope S_0x212d5c70;
T_4 ;
    %wait E_0x212d31d0;
    %load/vec4 v0x212d7aa0_0;
    %flag_set/vec4 8;
    %jmp/0xz  T_4.0, 8;
    %pushi/vec4 0, 0, 12;
    %assign/vec4 v0x212d7530_0, 0;
    %pushi/vec4 0, 0, 5;
    %assign/vec4 v0x212d79c0_0, 0;
    %jmp T_4.1;
T_4.0 ;
    %load/vec4 v0x212d7900_0;
    %flag_set/vec4 8;
    %jmp/0xz  T_4.2, 8;
    %pushi/vec4 43, 0, 12;
    %assign/vec4 v0x212d7530_0, 0;
    %pushi/vec4 0, 0, 5;
    %assign/vec4 v0x212d79c0_0, 0;
    %jmp T_4.3;
T_4.2 ;
    %load/vec4 v0x212d7b40_0;
    %flag_set/vec4 8;
    %jmp/0xz  T_4.4, 8;
    %load/vec4 v0x212d7530_0;
    %pad/u 132;
    %cmpi/u 3859, 0, 132;
    %jmp/0xz  T_4.6, 5;
    %load/vec4 v0x212d7530_0;
    %addi 1, 0, 12;
    %assign/vec4 v0x212d7530_0, 0;
    %jmp T_4.7;
T_4.6 ;
    %load/vec4 v0x212d79c0_0;
    %addi 1, 0, 5;
    %assign/vec4 v0x212d79c0_0, 0;
    %pushi/vec4 44, 0, 12;
    %assign/vec4 v0x212d7530_0, 0;
T_4.7 ;
T_4.4 ;
T_4.3 ;
T_4.1 ;
    %load/vec4 v0x212d7c00_0;
    %flag_set/vec4 8;
    %jmp/0xz  T_4.8, 8;
    %load/vec4 v0x212d79c0_0;
    %pad/u 32;
    %cmpi/e 0, 0, 32;
    %flag_get/vec4 4;
    %jmp/0 T_4.13, 4;
    %load/vec4 v0x212d7530_0;
    %pad/u 32;
    %cmpi/u 44, 0, 32;
    %flag_get/vec4 5;
    %and;
T_4.13;
    %flag_set/vec4 8;
    %jmp/1 T_4.12, 8;
    %load/vec4 v0x212d7530_0;
    %pad/u 131;
    %cmpi/u 3856, 0, 131;
    %flag_or 5, 4; GT is !LE
    %flag_inv 5;
    %flag_or 8, 5;
T_4.12;
    %jmp/0 T_4.10, 8;
    %pushi/vec4 1, 0, 2;
    %jmp/1 T_4.11, 8;
T_4.10 ; End of true expr.
    %pushi/vec4 0, 0, 2;
    %jmp/0 T_4.11, 8;
 ; End of false expr.
    %blend;
T_4.11;
    %pad/s 1;
    %store/vec4 v0x212d76b0_0, 0, 1;
T_4.8 ;
    %jmp T_4;
    .thread T_4;
    .scope S_0x212d5c70;
T_5 ;
    %wait E_0x212d6a30;
    %load/vec4 v0x212d7530_0;
    %pad/u 32;
    %cmpi/e 3, 0, 32;
    %jmp/1 T_5.2, 4;
    %flag_mov 8, 4;
    %load/vec4 v0x212d7530_0;
    %pad/u 32;
    %cmpi/e 42, 0, 32;
    %flag_or 4, 8;
T_5.2;
    %flag_mov 8, 4;
    %jmp/0 T_5.0, 8;
    %pushi/vec4 1, 0, 2;
    %jmp/1 T_5.1, 8;
T_5.0 ; End of true expr.
    %pushi/vec4 0, 0, 2;
    %jmp/0 T_5.1, 8;
 ; End of false expr.
    %blend;
T_5.1;
    %pad/s 1;
    %store/vec4 v0x212d7750_0, 0, 1;
    %jmp T_5;
    .thread T_5, $push;
    .scope S_0x212d66d0;
T_6 ;
    %wait E_0x212d1790;
    %load/vec4 v0x212d8d90_0;
    %flag_set/vec4 8;
    %jmp/0xz  T_6.0, 8;
    %pushi/vec4 6, 0, 3;
    %assign/vec4 v0x212d9100_0, 0;
    %pushi/vec4 0, 0, 29;
    %assign/vec4 v0x212d8860_0, 0;
    %pushi/vec4 1, 0, 1;
    %assign/vec4 v0x212d8930_0, 0;
    %jmp T_6.1;
T_6.0 ;
    %pushi/vec4 0, 0, 1;
    %assign/vec4 v0x212d8930_0, 0;
    %load/vec4 v0x212d9100_0;
    %dup/vec4;
    %pushi/vec4 0, 0, 3;
    %cmp/u;
    %jmp/1 T_6.2, 6;
    %dup/vec4;
    %pushi/vec4 1, 0, 3;
    %cmp/u;
    %jmp/1 T_6.3, 6;
    %dup/vec4;
    %pushi/vec4 2, 0, 3;
    %cmp/u;
    %jmp/1 T_6.4, 6;
    %dup/vec4;
    %pushi/vec4 3, 0, 3;
    %cmp/u;
    %jmp/1 T_6.5, 6;
    %dup/vec4;
    %pushi/vec4 4, 0, 3;
    %cmp/u;
    %jmp/1 T_6.6, 6;
    %dup/vec4;
    %pushi/vec4 7, 0, 3;
    %cmp/u;
    %jmp/1 T_6.7, 6;
    %dup/vec4;
    %pushi/vec4 5, 0, 3;
    %cmp/u;
    %jmp/1 T_6.8, 6;
    %dup/vec4;
    %pushi/vec4 6, 0, 3;
    %cmp/u;
    %jmp/1 T_6.9, 6;
    %pushi/vec4 0, 0, 3;
    %assign/vec4 v0x212d9100_0, 0;
    %jmp T_6.11;
T_6.2 ;
    %load/vec4 v0x212d8c20_0;
    %flag_set/vec4 8;
    %jmp/0xz  T_6.12, 8;
    %pushi/vec4 1, 0, 3;
    %assign/vec4 v0x212d9100_0, 0;
    %jmp T_6.13;
T_6.12 ;
    %pushi/vec4 0, 0, 3;
    %assign/vec4 v0x212d9100_0, 0;
T_6.13 ;
    %jmp T_6.11;
T_6.3 ;
    %pushi/vec4 2, 0, 3;
    %assign/vec4 v0x212d9100_0, 0;
    %jmp T_6.11;
T_6.4 ;
    %pushi/vec4 3, 0, 3;
    %assign/vec4 v0x212d9100_0, 0;
    %jmp T_6.11;
T_6.5 ;
    %pushi/vec4 4, 0, 3;
    %assign/vec4 v0x212d9100_0, 0;
    %jmp T_6.11;
T_6.6 ;
    %load/vec4 v0x212d8fd0_0;
    %flag_set/vec4 8;
    %jmp/1 T_6.16, 8;
    %load/vec4 v0x212d8b80_0;
    %flag_set/vec4 9;
    %flag_or 8, 9;
T_6.16;
    %jmp/0xz  T_6.14, 8;
    %load/vec4 v0x212d8ae0_0;
    %flag_set/vec4 8;
    %jmp/0xz  T_6.17, 8;
    %pushi/vec4 0, 0, 3;
    %assign/vec4 v0x212d9100_0, 0;
    %jmp T_6.18;
T_6.17 ;
    %load/vec4 v0x212d8770_0;
    %flag_set/vec4 8;
    %jmp/0xz  T_6.19, 8;
    %pushi/vec4 300, 0, 29;
    %assign/vec4 v0x212d8860_0, 0;
    %jmp T_6.20;
T_6.19 ;
    %pushi/vec4 38, 0, 29;
    %store/vec4 v0x212d8860_0, 0, 29;
T_6.20 ;
    %pushi/vec4 5, 0, 3;
    %assign/vec4 v0x212d9100_0, 0;
T_6.18 ;
    %jmp T_6.15;
T_6.14 ;
    %pushi/vec4 4, 0, 3;
    %assign/vec4 v0x212d9100_0, 0;
T_6.15 ;
    %jmp T_6.11;
T_6.7 ;
    %pushi/vec4 4, 0, 3;
    %store/vec4 v0x212d9100_0, 0, 3;
    %jmp T_6.11;
T_6.8 ;
    %load/vec4 v0x212d8860_0;
    %cmpi/ne 0, 0, 29;
    %jmp/0xz  T_6.21, 4;
    %load/vec4 v0x212d8860_0;
    %subi 1, 0, 29;
    %assign/vec4 v0x212d8860_0, 0;
    %jmp T_6.22;
T_6.21 ;
    %load/vec4 v0x212d8fd0_0;
    %flag_set/vec4 8;
    %jmp/0xz  T_6.23, 8;
    %pushi/vec4 2, 0, 3;
    %assign/vec4 v0x212d9100_0, 0;
    %jmp T_6.24;
T_6.23 ;
    %load/vec4 v0x212d8b80_0;
    %flag_set/vec4 8;
    %jmp/0xz  T_6.25, 8;
    %pushi/vec4 7, 0, 3;
    %assign/vec4 v0x212d9100_0, 0;
T_6.25 ;
T_6.24 ;
T_6.22 ;
    %jmp T_6.11;
T_6.9 ;
    %pushi/vec4 2, 0, 3;
    %assign/vec4 v0x212d9100_0, 0;
    %jmp T_6.11;
T_6.11 ;
    %pop/vec4 1;
T_6.1 ;
    %jmp T_6;
    .thread T_6;
    .scope S_0x212d66d0;
T_7 ;
    %wait E_0x212d8650;
    %load/vec4 v0x212d9100_0;
    %dup/vec4;
    %pushi/vec4 0, 0, 3;
    %cmp/u;
    %jmp/1 T_7.0, 6;
    %dup/vec4;
    %pushi/vec4 1, 0, 3;
    %cmp/u;
    %jmp/1 T_7.1, 6;
    %dup/vec4;
    %pushi/vec4 2, 0, 3;
    %cmp/u;
    %jmp/1 T_7.2, 6;
    %dup/vec4;
    %pushi/vec4 3, 0, 3;
    %cmp/u;
    %jmp/1 T_7.3, 6;
    %dup/vec4;
    %pushi/vec4 7, 0, 3;
    %cmp/u;
    %jmp/1 T_7.4, 6;
    %pushi/vec4 0, 0, 1;
    %store/vec4 v0x212d89d0_0, 0, 1;
    %pushi/vec4 0, 0, 1;
    %store/vec4 v0x212d8f00_0, 0, 1;
    %pushi/vec4 0, 0, 1;
    %store/vec4 v0x212d8cc0_0, 0, 1;
    %pushi/vec4 0, 0, 1;
    %store/vec4 v0x212d8e30_0, 0, 1;
    %jmp T_7.6;
T_7.0 ;
    %pushi/vec4 1, 0, 1;
    %store/vec4 v0x212d89d0_0, 0, 1;
    %pushi/vec4 0, 0, 1;
    %store/vec4 v0x212d8f00_0, 0, 1;
    %pushi/vec4 0, 0, 1;
    %store/vec4 v0x212d8cc0_0, 0, 1;
    %pushi/vec4 0, 0, 1;
    %store/vec4 v0x212d8e30_0, 0, 1;
    %jmp T_7.6;
T_7.1 ;
    %pushi/vec4 0, 0, 1;
    %store/vec4 v0x212d89d0_0, 0, 1;
    %pushi/vec4 0, 0, 1;
    %store/vec4 v0x212d8f00_0, 0, 1;
    %pushi/vec4 1, 0, 1;
    %store/vec4 v0x212d8cc0_0, 0, 1;
    %pushi/vec4 0, 0, 1;
    %store/vec4 v0x212d8e30_0, 0, 1;
    %jmp T_7.6;
T_7.2 ;
    %pushi/vec4 0, 0, 1;
    %store/vec4 v0x212d89d0_0, 0, 1;
    %pushi/vec4 0, 0, 1;
    %store/vec4 v0x212d8f00_0, 0, 1;
    %pushi/vec4 0, 0, 1;
    %store/vec4 v0x212d8cc0_0, 0, 1;
    %pushi/vec4 1, 0, 1;
    %store/vec4 v0x212d8e30_0, 0, 1;
    %jmp T_7.6;
T_7.3 ;
    %pushi/vec4 0, 0, 1;
    %store/vec4 v0x212d89d0_0, 0, 1;
    %pushi/vec4 1, 0, 1;
    %store/vec4 v0x212d8f00_0, 0, 1;
    %pushi/vec4 0, 0, 1;
    %store/vec4 v0x212d8cc0_0, 0, 1;
    %pushi/vec4 1, 0, 1;
    %store/vec4 v0x212d8e30_0, 0, 1;
    %jmp T_7.6;
T_7.4 ;
    %pushi/vec4 0, 0, 1;
    %store/vec4 v0x212d89d0_0, 0, 1;
    %pushi/vec4 0, 0, 1;
    %store/vec4 v0x212d8f00_0, 0, 1;
    %pushi/vec4 0, 0, 1;
    %store/vec4 v0x212d8cc0_0, 0, 1;
    %pushi/vec4 1, 0, 1;
    %store/vec4 v0x212d8e30_0, 0, 1;
    %jmp T_7.6;
T_7.6 ;
    %pop/vec4 1;
    %jmp T_7;
    .thread T_7, $push;
    .scope S_0x212d66d0;
T_8 ;
    %wait E_0x212d8650;
    %load/vec4 v0x212d9100_0;
    %dup/vec4;
    %pushi/vec4 0, 0, 3;
    %cmp/u;
    %jmp/1 T_8.0, 6;
    %dup/vec4;
    %pushi/vec4 1, 0, 3;
    %cmp/u;
    %jmp/1 T_8.1, 6;
    %dup/vec4;
    %pushi/vec4 3, 0, 3;
    %cmp/u;
    %jmp/1 T_8.2, 6;
    %dup/vec4;
    %pushi/vec4 2, 0, 3;
    %cmp/u;
    %jmp/1 T_8.3, 6;
    %dup/vec4;
    %pushi/vec4 4, 0, 3;
    %cmp/u;
    %jmp/1 T_8.4, 6;
    %dup/vec4;
    %pushi/vec4 5, 0, 3;
    %cmp/u;
    %jmp/1 T_8.5, 6;
    %dup/vec4;
    %pushi/vec4 6, 0, 3;
    %cmp/u;
    %jmp/1 T_8.6, 6;
    %jmp T_8.7;
T_8.0 ;
    %pushi/vec4 0, 0, 32; draw_string_vec4
    %pushi/vec4 0, 0, 32; draw_string_vec4
    %concat/vec4; draw_string_vec4
    %pushi/vec4 0, 0, 32; draw_string_vec4
    %concat/vec4; draw_string_vec4
    %pushi/vec4 0, 0, 32; draw_string_vec4
    %concat/vec4; draw_string_vec4
    %pushi/vec4 0, 0, 32; draw_string_vec4
    %concat/vec4; draw_string_vec4
    %pushi/vec4 0, 0, 32; draw_string_vec4
    %concat/vec4; draw_string_vec4
    %pushi/vec4 0, 0, 32; draw_string_vec4
    %concat/vec4; draw_string_vec4
    %pushi/vec4 0, 0, 32; draw_string_vec4
    %concat/vec4; draw_string_vec4
    %pushi/vec4 83, 0, 32; draw_string_vec4
    %concat/vec4; draw_string_vec4
    %pushi/vec4 1413567060, 0, 32; draw_string_vec4
    %concat/vec4; draw_string_vec4
    %store/vec4 v0x212d91a0_0, 0, 320;
    %jmp T_8.7;
T_8.1 ;
    %pushi/vec4 0, 0, 32; draw_string_vec4
    %pushi/vec4 0, 0, 32; draw_string_vec4
    %concat/vec4; draw_string_vec4
    %pushi/vec4 0, 0, 32; draw_string_vec4
    %concat/vec4; draw_string_vec4
    %pushi/vec4 0, 0, 32; draw_string_vec4
    %concat/vec4; draw_string_vec4
    %pushi/vec4 0, 0, 32; draw_string_vec4
    %concat/vec4; draw_string_vec4
    %pushi/vec4 0, 0, 32; draw_string_vec4
    %concat/vec4; draw_string_vec4
    %pushi/vec4 0, 0, 32; draw_string_vec4
    %concat/vec4; draw_string_vec4
    %pushi/vec4 0, 0, 32; draw_string_vec4
    %concat/vec4; draw_string_vec4
    %pushi/vec4 0, 0, 32; draw_string_vec4
    %concat/vec4; draw_string_vec4
    %pushi/vec4 1280262468, 0, 32; draw_string_vec4
    %concat/vec4; draw_string_vec4
    %store/vec4 v0x212d91a0_0, 0, 320;
    %jmp T_8.7;
T_8.2 ;
    %pushi/vec4 0, 0, 32; draw_string_vec4
    %pushi/vec4 0, 0, 32; draw_string_vec4
    %concat/vec4; draw_string_vec4
    %pushi/vec4 0, 0, 32; draw_string_vec4
    %concat/vec4; draw_string_vec4
    %pushi/vec4 0, 0, 32; draw_string_vec4
    %concat/vec4; draw_string_vec4
    %pushi/vec4 0, 0, 32; draw_string_vec4
    %concat/vec4; draw_string_vec4
    %pushi/vec4 0, 0, 32; draw_string_vec4
    %concat/vec4; draw_string_vec4
    %pushi/vec4 0, 0, 32; draw_string_vec4
    %concat/vec4; draw_string_vec4
    %pushi/vec4 21320, 0, 32; draw_string_vec4
    %concat/vec4; draw_string_vec4
    %pushi/vec4 1229345887, 0, 32; draw_string_vec4
    %concat/vec4; draw_string_vec4
    %pushi/vec4 1094992978, 0, 32; draw_string_vec4
    %concat/vec4; draw_string_vec4
    %store/vec4 v0x212d91a0_0, 0, 320;
    %jmp T_8.7;
T_8.3 ;
    %pushi/vec4 0, 0, 32; draw_string_vec4
    %pushi/vec4 0, 0, 32; draw_string_vec4
    %concat/vec4; draw_string_vec4
    %pushi/vec4 0, 0, 32; draw_string_vec4
    %concat/vec4; draw_string_vec4
    %pushi/vec4 0, 0, 32; draw_string_vec4
    %concat/vec4; draw_string_vec4
    %pushi/vec4 0, 0, 32; draw_string_vec4
    %concat/vec4; draw_string_vec4
    %pushi/vec4 0, 0, 32; draw_string_vec4
    %concat/vec4; draw_string_vec4
    %pushi/vec4 0, 0, 32; draw_string_vec4
    %concat/vec4; draw_string_vec4
    %pushi/vec4 83, 0, 32; draw_string_vec4
    %concat/vec4; draw_string_vec4
    %pushi/vec4 1413567060, 0, 32; draw_string_vec4
    %concat/vec4; draw_string_vec4
    %pushi/vec4 1599295561, 0, 32; draw_string_vec4
    %concat/vec4; draw_string_vec4
    %store/vec4 v0x212d91a0_0, 0, 320;
    %jmp T_8.7;
T_8.4 ;
    %pushi/vec4 0, 0, 32; draw_string_vec4
    %pushi/vec4 0, 0, 32; draw_string_vec4
    %concat/vec4; draw_string_vec4
    %pushi/vec4 0, 0, 32; draw_string_vec4
    %concat/vec4; draw_string_vec4
    %pushi/vec4 0, 0, 32; draw_string_vec4
    %concat/vec4; draw_string_vec4
    %pushi/vec4 0, 0, 32; draw_string_vec4
    %concat/vec4; draw_string_vec4
    %pushi/vec4 0, 0, 32; draw_string_vec4
    %concat/vec4; draw_string_vec4
    %pushi/vec4 0, 0, 32; draw_string_vec4
    %concat/vec4; draw_string_vec4
    %pushi/vec4 0, 0, 32; draw_string_vec4
    %concat/vec4; draw_string_vec4
    %pushi/vec4 0, 0, 32; draw_string_vec4
    %concat/vec4; draw_string_vec4
    %pushi/vec4 1463896404, 0, 32; draw_string_vec4
    %concat/vec4; draw_string_vec4
    %store/vec4 v0x212d91a0_0, 0, 320;
    %jmp T_8.7;
T_8.5 ;
    %pushi/vec4 0, 0, 32; draw_string_vec4
    %pushi/vec4 0, 0, 32; draw_string_vec4
    %concat/vec4; draw_string_vec4
    %pushi/vec4 0, 0, 32; draw_string_vec4
    %concat/vec4; draw_string_vec4
    %pushi/vec4 0, 0, 32; draw_string_vec4
    %concat/vec4; draw_string_vec4
    %pushi/vec4 0, 0, 32; draw_string_vec4
    %concat/vec4; draw_string_vec4
    %pushi/vec4 0, 0, 32; draw_string_vec4
    %concat/vec4; draw_string_vec4
    %pushi/vec4 0, 0, 32; draw_string_vec4
    %concat/vec4; draw_string_vec4
    %pushi/vec4 0, 0, 32; draw_string_vec4
    %concat/vec4; draw_string_vec4
    %pushi/vec4 68, 0, 32; draw_string_vec4
    %concat/vec4; draw_string_vec4
    %pushi/vec4 1162625369, 0, 32; draw_string_vec4
    %concat/vec4; draw_string_vec4
    %store/vec4 v0x212d91a0_0, 0, 320;
    %jmp T_8.7;
T_8.6 ;
    %pushi/vec4 0, 0, 32; draw_string_vec4
    %pushi/vec4 0, 0, 32; draw_string_vec4
    %concat/vec4; draw_string_vec4
    %pushi/vec4 0, 0, 32; draw_string_vec4
    %concat/vec4; draw_string_vec4
    %pushi/vec4 0, 0, 32; draw_string_vec4
    %concat/vec4; draw_string_vec4
    %pushi/vec4 0, 0, 32; draw_string_vec4
    %concat/vec4; draw_string_vec4
    %pushi/vec4 0, 0, 32; draw_string_vec4
    %concat/vec4; draw_string_vec4
    %pushi/vec4 0, 0, 32; draw_string_vec4
    %concat/vec4; draw_string_vec4
    %pushi/vec4 1129270854, 0, 32; draw_string_vec4
    %concat/vec4; draw_string_vec4
    %pushi/vec4 1229411666, 0, 32; draw_string_vec4
    %concat/vec4; draw_string_vec4
    %pushi/vec4 1163873348, 0, 32; draw_string_vec4
    %concat/vec4; draw_string_vec4
    %store/vec4 v0x212d91a0_0, 0, 320;
    %jmp T_8.7;
T_8.7 ;
    %pop/vec4 1;
    %jmp T_8;
    .thread T_8, $push;
    .scope S_0x212d1290;
T_9 ;
    %wait E_0x212d1790;
    %load/vec4 v0x212d2570_0;
    %flag_set/vec4 8;
    %jmp/1 T_9.2, 8;
    %load/vec4 v0x212d2870_0;
    %flag_set/vec4 9;
    %flag_or 8, 9;
T_9.2;
    %jmp/0xz  T_9.0, 8;
    %pushi/vec4 0, 0, 1;
    %assign/vec4 v0x212d18d0_0, 0;
    %pushi/vec4 2, 0, 2;
    %assign/vec4 v0x212d2ab0_0, 0;
    %pushi/vec4 0, 0, 7;
    %assign/vec4 v0x212d2170_0, 0;
    %pushi/vec4 0, 0, 16;
    %assign/vec4 v0x212d23b0_0, 0;
    %jmp T_9.1;
T_9.0 ;
    %load/vec4 v0x212d2940_0;
    %flag_set/vec4 8;
    %jmp/0xz  T_9.3, 8;
    %load/vec4 v0x212d22f0_0;
    %parti/s 1, 15, 5;
    %assign/vec4 v0x212d18d0_0, 0;
    %pushi/vec4 0, 0, 7;
    %assign/vec4 v0x212d2170_0, 0;
    %pushi/vec4 1, 0, 2;
    %assign/vec4 v0x212d2ab0_0, 0;
    %jmp T_9.4;
T_9.3 ;
    %load/vec4 v0x212d27a0_0;
    %flag_set/vec4 8;
    %jmp/0xz  T_9.5, 8;
    %load/vec4 v0x212d2490_0;
    %parti/s 1, 15, 5;
    %assign/vec4 v0x212d18d0_0, 0;
    %load/vec4 v0x212d2490_0;
    %assign/vec4 v0x212d22f0_0, 0;
    %pushi/vec4 0, 0, 7;
    %assign/vec4 v0x212d2170_0, 0;
    %pushi/vec4 1, 0, 2;
    %assign/vec4 v0x212d2ab0_0, 0;
    %jmp T_9.6;
T_9.5 ;
    %load/vec4 v0x212d2ab0_0;
    %cmpi/e 1, 0, 2;
    %flag_get/vec4 4;
    %jmp/0 T_9.9, 4;
    %load/vec4 v0x212d2700_0;
    %and;
T_9.9;
    %flag_set/vec4 8;
    %jmp/0xz  T_9.7, 8;
    %load/vec4 v0x212d23b0_0;
    %parti/s 15, 0, 2;
    %load/vec4 v0x212d17f0_0;
    %concat/vec4; draw_concat_vec4
    %assign/vec4 v0x212d23b0_0, 0;
    %load/vec4 v0x212d22f0_0;
    %ix/load 4, 1, 0;
    %flag_set/imm 4, 0;
    %shiftl 4;
    %assign/vec4 v0x212d22f0_0, 0;
    %pushi/vec4 0, 0, 2;
    %assign/vec4 v0x212d2ab0_0, 0;
    %load/vec4 v0x212d2170_0;
    %addi 1, 0, 7;
    %assign/vec4 v0x212d2170_0, 0;
    %jmp T_9.8;
T_9.7 ;
    %load/vec4 v0x212d2ab0_0;
    %cmpi/e 0, 0, 2;
    %flag_get/vec4 4;
    %jmp/0 T_9.12, 4;
    %load/vec4 v0x212d2700_0;
    %and;
T_9.12;
    %flag_set/vec4 8;
    %jmp/0xz  T_9.10, 8;
    %load/vec4 v0x212d22f0_0;
    %parti/s 1, 15, 5;
    %assign/vec4 v0x212d18d0_0, 0;
    %pushi/vec4 1, 0, 2;
    %assign/vec4 v0x212d2ab0_0, 0;
T_9.10 ;
T_9.8 ;
T_9.6 ;
T_9.4 ;
T_9.1 ;
    %jmp T_9;
    .thread T_9;
    .scope S_0x212d1290;
T_10 ;
    %wait E_0x212baaa0;
    %load/vec4 v0x212d2ab0_0;
    %dup/vec4;
    %pushi/vec4 0, 0, 2;
    %cmp/u;
    %jmp/1 T_10.0, 6;
    %dup/vec4;
    %pushi/vec4 1, 0, 2;
    %cmp/u;
    %jmp/1 T_10.1, 6;
    %dup/vec4;
    %pushi/vec4 2, 0, 2;
    %cmp/u;
    %jmp/1 T_10.2, 6;
    %jmp T_10.3;
T_10.0 ;
    %pushi/vec4 0, 0, 32; draw_string_vec4
    %pushi/vec4 0, 0, 32; draw_string_vec4
    %concat/vec4; draw_string_vec4
    %pushi/vec4 0, 0, 32; draw_string_vec4
    %concat/vec4; draw_string_vec4
    %pushi/vec4 0, 0, 32; draw_string_vec4
    %concat/vec4; draw_string_vec4
    %pushi/vec4 0, 0, 32; draw_string_vec4
    %concat/vec4; draw_string_vec4
    %pushi/vec4 0, 0, 32; draw_string_vec4
    %concat/vec4; draw_string_vec4
    %pushi/vec4 0, 0, 32; draw_string_vec4
    %concat/vec4; draw_string_vec4
    %pushi/vec4 0, 0, 32; draw_string_vec4
    %concat/vec4; draw_string_vec4
    %pushi/vec4 0, 0, 32; draw_string_vec4
    %concat/vec4; draw_string_vec4
    %pushi/vec4 1397050948, 0, 32; draw_string_vec4
    %concat/vec4; draw_string_vec4
    %store/vec4 v0x212d2b50_0, 0, 320;
    %jmp T_10.3;
T_10.1 ;
    %pushi/vec4 0, 0, 32; draw_string_vec4
    %pushi/vec4 0, 0, 32; draw_string_vec4
    %concat/vec4; draw_string_vec4
    %pushi/vec4 0, 0, 32; draw_string_vec4
    %concat/vec4; draw_string_vec4
    %pushi/vec4 0, 0, 32; draw_string_vec4
    %concat/vec4; draw_string_vec4
    %pushi/vec4 0, 0, 32; draw_string_vec4
    %concat/vec4; draw_string_vec4
    %pushi/vec4 0, 0, 32; draw_string_vec4
    %concat/vec4; draw_string_vec4
    %pushi/vec4 0, 0, 32; draw_string_vec4
    %concat/vec4; draw_string_vec4
    %pushi/vec4 0, 0, 32; draw_string_vec4
    %concat/vec4; draw_string_vec4
    %pushi/vec4 83, 0, 32; draw_string_vec4
    %concat/vec4; draw_string_vec4
    %pushi/vec4 1212761684, 0, 32; draw_string_vec4
    %concat/vec4; draw_string_vec4
    %store/vec4 v0x212d2b50_0, 0, 320;
    %jmp T_10.3;
T_10.2 ;
    %pushi/vec4 0, 0, 32; draw_string_vec4
    %pushi/vec4 0, 0, 32; draw_string_vec4
    %concat/vec4; draw_string_vec4
    %pushi/vec4 0, 0, 32; draw_string_vec4
    %concat/vec4; draw_string_vec4
    %pushi/vec4 0, 0, 32; draw_string_vec4
    %concat/vec4; draw_string_vec4
    %pushi/vec4 0, 0, 32; draw_string_vec4
    %concat/vec4; draw_string_vec4
    %pushi/vec4 0, 0, 32; draw_string_vec4
    %concat/vec4; draw_string_vec4
    %pushi/vec4 0, 0, 32; draw_string_vec4
    %concat/vec4; draw_string_vec4
    %pushi/vec4 0, 0, 32; draw_string_vec4
    %concat/vec4; draw_string_vec4
    %pushi/vec4 0, 0, 32; draw_string_vec4
    %concat/vec4; draw_string_vec4
    %pushi/vec4 1146048069, 0, 32; draw_string_vec4
    %concat/vec4; draw_string_vec4
    %store/vec4 v0x212d2b50_0, 0, 320;
    %jmp T_10.3;
T_10.3 ;
    %pop/vec4 1;
    %jmp T_10;
    .thread T_10, $push;
    .scope S_0x212d2db0;
T_11 ;
    %wait E_0x212d31d0;
    %load/vec4 v0x212d3700_0;
    %flag_set/vec4 8;
    %jmp/1 T_11.3, 8;
    %load/vec4 v0x212d3420_0;
    %flag_set/vec4 9;
    %flag_or 8, 9;
T_11.3;
    %jmp/1 T_11.2, 8;
    %load/vec4 v0x212d3980_0;
    %flag_set/vec4 9;
    %flag_or 8, 9;
T_11.2;
    %jmp/0xz  T_11.0, 8;
    %pushi/vec4 0, 0, 1;
    %assign/vec4 v0x212d34f0_0, 0;
    %pushi/vec4 0, 0, 1;
    %assign/vec4 v0x212d38e0_0, 0;
    %pushi/vec4 0, 0, 16;
    %assign/vec4 v0x212d3340_0, 0;
    %jmp T_11.1;
T_11.0 ;
    %load/vec4 v0x212d35c0_0;
    %flag_set/vec4 8;
    %jmp/1 T_11.6, 8;
    %load/vec4 v0x212d37f0_0;
    %flag_set/vec4 9;
    %flag_or 8, 9;
T_11.6;
    %jmp/0xz  T_11.4, 8;
    %pushi/vec4 1, 0, 1;
    %assign/vec4 v0x212d34f0_0, 0;
    %pushi/vec4 0, 0, 1;
    %assign/vec4 v0x212d38e0_0, 0;
    %pushi/vec4 0, 0, 16;
    %assign/vec4 v0x212d3340_0, 0;
    %jmp T_11.5;
T_11.4 ;
    %load/vec4 v0x212d3340_0;
    %pad/u 32;
    %cmpi/e 38, 0, 32;
    %jmp/0xz  T_11.7, 4;
    %load/vec4 v0x212d38e0_0;
    %inv;
    %assign/vec4 v0x212d38e0_0, 0;
    %pushi/vec4 1, 0, 1;
    %assign/vec4 v0x212d34f0_0, 0;
    %pushi/vec4 0, 0, 16;
    %assign/vec4 v0x212d3340_0, 0;
    %jmp T_11.8;
T_11.7 ;
    %load/vec4 v0x212d3340_0;
    %addi 1, 0, 16;
    %assign/vec4 v0x212d3340_0, 0;
    %pushi/vec4 0, 0, 1;
    %store/vec4 v0x212d34f0_0, 0, 1;
T_11.8 ;
T_11.5 ;
T_11.1 ;
    %jmp T_11;
    .thread T_11;
    .scope S_0x212aea90;
T_12 ;
    %wait E_0x212bab20;
    %load/vec4 v0x212d0c50_0;
    %flag_set/vec4 8;
    %jmp/0xz  T_12.0, 8;
    %pushi/vec4 0, 0, 3;
    %assign/vec4 v0x212d0e90_0, 0;
    %jmp T_12.1;
T_12.0 ;
    %load/vec4 v0x21296920_0;
    %flag_set/vec4 8;
    %jmp/0xz  T_12.2, 8;
    %pushi/vec4 3, 0, 3;
    %assign/vec4 v0x212d0e90_0, 0;
    %jmp T_12.3;
T_12.2 ;
    %load/vec4 v0x212d0e90_0;
    %dup/vec4;
    %pushi/vec4 0, 0, 3;
    %cmp/u;
    %jmp/1 T_12.4, 6;
    %dup/vec4;
    %pushi/vec4 1, 0, 3;
    %cmp/u;
    %jmp/1 T_12.5, 6;
    %dup/vec4;
    %pushi/vec4 2, 0, 3;
    %cmp/u;
    %jmp/1 T_12.6, 6;
    %dup/vec4;
    %pushi/vec4 3, 0, 3;
    %cmp/u;
    %jmp/1 T_12.7, 6;
    %dup/vec4;
    %pushi/vec4 5, 0, 3;
    %cmp/u;
    %jmp/1 T_12.8, 6;
    %dup/vec4;
    %pushi/vec4 4, 0, 3;
    %cmp/u;
    %jmp/1 T_12.9, 6;
    %pushi/vec4 0, 0, 3;
    %assign/vec4 v0x212d0e90_0, 0;
    %jmp T_12.11;
T_12.4 ;
    %load/vec4 v0x212d0ad0_0;
    %flag_set/vec4 8;
    %jmp/0xz  T_12.12, 8;
    %pushi/vec4 1, 0, 3;
    %assign/vec4 v0x212d0e90_0, 0;
    %jmp T_12.13;
T_12.12 ;
    %pushi/vec4 0, 0, 3;
    %assign/vec4 v0x212d0e90_0, 0;
T_12.13 ;
    %load/vec4 v0x212a24a0_0;
    %assign/vec4 v0x212b9e20_0, 0;
    %jmp T_12.11;
T_12.5 ;
    %pushi/vec4 2, 0, 3;
    %assign/vec4 v0x212d0e90_0, 0;
    %pushi/vec4 0, 0, 1;
    %assign/vec4 v0x212d0dd0_0, 0;
    %jmp T_12.11;
T_12.6 ;
    %load/vec4 v0x212b55a0_0;
    %flag_set/vec4 8;
    %jmp/0xz  T_12.14, 8;
    %load/vec4 v0x212b9e20_0;
    %flag_set/vec4 8;
    %jmp/1 T_12.18, 8;
    %load/vec4 v0x212d0dd0_0;
    %flag_set/vec4 9;
    %flag_or 8, 9;
T_12.18;
    %jmp/0xz  T_12.16, 8;
    %pushi/vec4 0, 0, 3;
    %assign/vec4 v0x212d0e90_0, 0;
    %jmp T_12.17;
T_12.16 ;
    %pushi/vec4 5, 0, 3;
    %assign/vec4 v0x212d0e90_0, 0;
T_12.17 ;
    %jmp T_12.15;
T_12.14 ;
    %pushi/vec4 2, 0, 3;
    %assign/vec4 v0x212d0e90_0, 0;
T_12.15 ;
    %jmp T_12.11;
T_12.7 ;
    %pushi/vec4 1, 0, 3;
    %assign/vec4 v0x212d0e90_0, 0;
    %jmp T_12.11;
T_12.8 ;
    %load/vec4 v0x212d0ad0_0;
    %flag_set/vec4 8;
    %jmp/0xz  T_12.19, 8;
    %pushi/vec4 4, 0, 3;
    %assign/vec4 v0x212d0e90_0, 0;
    %jmp T_12.20;
T_12.19 ;
    %pushi/vec4 5, 0, 3;
    %assign/vec4 v0x212d0e90_0, 0;
T_12.20 ;
    %jmp T_12.11;
T_12.9 ;
    %pushi/vec4 2, 0, 3;
    %assign/vec4 v0x212d0e90_0, 0;
    %pushi/vec4 1, 0, 1;
    %assign/vec4 v0x212d0dd0_0, 0;
    %jmp T_12.11;
T_12.11 ;
    %pop/vec4 1;
T_12.3 ;
T_12.1 ;
    %jmp T_12;
    .thread T_12;
    .scope S_0x212aea90;
T_13 ;
    %wait E_0x212bac50;
    %load/vec4 v0x212d0e90_0;
    %dup/vec4;
    %pushi/vec4 0, 0, 3;
    %cmp/u;
    %jmp/1 T_13.0, 6;
    %dup/vec4;
    %pushi/vec4 1, 0, 3;
    %cmp/u;
    %jmp/1 T_13.1, 6;
    %dup/vec4;
    %pushi/vec4 3, 0, 3;
    %cmp/u;
    %jmp/1 T_13.2, 6;
    %dup/vec4;
    %pushi/vec4 5, 0, 3;
    %cmp/u;
    %jmp/1 T_13.3, 6;
    %dup/vec4;
    %pushi/vec4 4, 0, 3;
    %cmp/u;
    %jmp/1 T_13.4, 6;
    %pushi/vec4 0, 0, 1;
    %store/vec4 v0x212d0b90_0, 0, 1;
    %pushi/vec4 0, 0, 1;
    %store/vec4 v0x2129f350_0, 0, 1;
    %pushi/vec4 0, 0, 1;
    %store/vec4 v0x212d1050_0, 0, 1;
    %pushi/vec4 0, 0, 1;
    %store/vec4 v0x212d0d10_0, 0, 1;
    %pushi/vec4 0, 0, 1;
    %store/vec4 v0x212d0a10_0, 0, 1;
    %jmp T_13.6;
T_13.0 ;
    %pushi/vec4 1, 0, 1;
    %store/vec4 v0x2129f350_0, 0, 1;
    %pushi/vec4 0, 0, 1;
    %store/vec4 v0x212d0b90_0, 0, 1;
    %pushi/vec4 0, 0, 1;
    %store/vec4 v0x212d1050_0, 0, 1;
    %pushi/vec4 0, 0, 1;
    %store/vec4 v0x212d0d10_0, 0, 1;
    %pushi/vec4 0, 0, 1;
    %store/vec4 v0x212d0a10_0, 0, 1;
    %jmp T_13.6;
T_13.1 ;
    %pushi/vec4 0, 0, 1;
    %store/vec4 v0x2129f350_0, 0, 1;
    %pushi/vec4 1, 0, 1;
    %store/vec4 v0x212d0b90_0, 0, 1;
    %pushi/vec4 0, 0, 1;
    %store/vec4 v0x212d1050_0, 0, 1;
    %pushi/vec4 0, 0, 1;
    %store/vec4 v0x212d0d10_0, 0, 1;
    %pushi/vec4 0, 0, 1;
    %store/vec4 v0x212d0a10_0, 0, 1;
    %jmp T_13.6;
T_13.2 ;
    %pushi/vec4 0, 0, 1;
    %store/vec4 v0x2129f350_0, 0, 1;
    %pushi/vec4 0, 0, 1;
    %store/vec4 v0x212d0b90_0, 0, 1;
    %pushi/vec4 1, 0, 1;
    %store/vec4 v0x212d1050_0, 0, 1;
    %pushi/vec4 0, 0, 1;
    %store/vec4 v0x212d0d10_0, 0, 1;
    %pushi/vec4 0, 0, 1;
    %store/vec4 v0x212d0a10_0, 0, 1;
    %jmp T_13.6;
T_13.3 ;
    %pushi/vec4 0, 0, 1;
    %store/vec4 v0x2129f350_0, 0, 1;
    %pushi/vec4 0, 0, 1;
    %store/vec4 v0x212d0b90_0, 0, 1;
    %pushi/vec4 1, 0, 1;
    %store/vec4 v0x212d1050_0, 0, 1;
    %pushi/vec4 0, 0, 1;
    %store/vec4 v0x212d0d10_0, 0, 1;
    %pushi/vec4 1, 0, 1;
    %store/vec4 v0x212d0a10_0, 0, 1;
    %jmp T_13.6;
T_13.4 ;
    %pushi/vec4 0, 0, 1;
    %store/vec4 v0x2129f350_0, 0, 1;
    %pushi/vec4 0, 0, 1;
    %store/vec4 v0x212d0b90_0, 0, 1;
    %pushi/vec4 0, 0, 1;
    %store/vec4 v0x212d1050_0, 0, 1;
    %pushi/vec4 1, 0, 1;
    %store/vec4 v0x212d0d10_0, 0, 1;
    %pushi/vec4 0, 0, 1;
    %store/vec4 v0x212d0a10_0, 0, 1;
    %jmp T_13.6;
T_13.6 ;
    %pop/vec4 1;
    %jmp T_13;
    .thread T_13, $push;
    .scope S_0x212aea90;
T_14 ;
    %wait E_0x212bac50;
    %load/vec4 v0x212d0e90_0;
    %dup/vec4;
    %pushi/vec4 0, 0, 3;
    %cmp/u;
    %jmp/1 T_14.0, 6;
    %dup/vec4;
    %pushi/vec4 1, 0, 3;
    %cmp/u;
    %jmp/1 T_14.1, 6;
    %dup/vec4;
    %pushi/vec4 3, 0, 3;
    %cmp/u;
    %jmp/1 T_14.2, 6;
    %dup/vec4;
    %pushi/vec4 2, 0, 3;
    %cmp/u;
    %jmp/1 T_14.3, 6;
    %dup/vec4;
    %pushi/vec4 4, 0, 3;
    %cmp/u;
    %jmp/1 T_14.4, 6;
    %dup/vec4;
    %pushi/vec4 5, 0, 3;
    %cmp/u;
    %jmp/1 T_14.5, 6;
    %jmp T_14.6;
T_14.0 ;
    %pushi/vec4 0, 0, 32; draw_string_vec4
    %pushi/vec4 0, 0, 32; draw_string_vec4
    %concat/vec4; draw_string_vec4
    %pushi/vec4 0, 0, 32; draw_string_vec4
    %concat/vec4; draw_string_vec4
    %pushi/vec4 0, 0, 32; draw_string_vec4
    %concat/vec4; draw_string_vec4
    %pushi/vec4 0, 0, 32; draw_string_vec4
    %concat/vec4; draw_string_vec4
    %pushi/vec4 0, 0, 32; draw_string_vec4
    %concat/vec4; draw_string_vec4
    %pushi/vec4 0, 0, 32; draw_string_vec4
    %concat/vec4; draw_string_vec4
    %pushi/vec4 0, 0, 32; draw_string_vec4
    %concat/vec4; draw_string_vec4
    %pushi/vec4 83, 0, 32; draw_string_vec4
    %concat/vec4; draw_string_vec4
    %pushi/vec4 1413567060, 0, 32; draw_string_vec4
    %concat/vec4; draw_string_vec4
    %store/vec4 v0x212d0f70_0, 0, 320;
    %jmp T_14.6;
T_14.1 ;
    %pushi/vec4 0, 0, 32; draw_string_vec4
    %pushi/vec4 0, 0, 32; draw_string_vec4
    %concat/vec4; draw_string_vec4
    %pushi/vec4 0, 0, 32; draw_string_vec4
    %concat/vec4; draw_string_vec4
    %pushi/vec4 0, 0, 32; draw_string_vec4
    %concat/vec4; draw_string_vec4
    %pushi/vec4 0, 0, 32; draw_string_vec4
    %concat/vec4; draw_string_vec4
    %pushi/vec4 0, 0, 32; draw_string_vec4
    %concat/vec4; draw_string_vec4
    %pushi/vec4 0, 0, 32; draw_string_vec4
    %concat/vec4; draw_string_vec4
    %pushi/vec4 0, 0, 32; draw_string_vec4
    %concat/vec4; draw_string_vec4
    %pushi/vec4 0, 0, 32; draw_string_vec4
    %concat/vec4; draw_string_vec4
    %pushi/vec4 1280262468, 0, 32; draw_string_vec4
    %concat/vec4; draw_string_vec4
    %store/vec4 v0x212d0f70_0, 0, 320;
    %jmp T_14.6;
T_14.2 ;
    %pushi/vec4 0, 0, 32; draw_string_vec4
    %pushi/vec4 0, 0, 32; draw_string_vec4
    %concat/vec4; draw_string_vec4
    %pushi/vec4 0, 0, 32; draw_string_vec4
    %concat/vec4; draw_string_vec4
    %pushi/vec4 0, 0, 32; draw_string_vec4
    %concat/vec4; draw_string_vec4
    %pushi/vec4 0, 0, 32; draw_string_vec4
    %concat/vec4; draw_string_vec4
    %pushi/vec4 0, 0, 32; draw_string_vec4
    %concat/vec4; draw_string_vec4
    %pushi/vec4 0, 0, 32; draw_string_vec4
    %concat/vec4; draw_string_vec4
    %pushi/vec4 0, 0, 32; draw_string_vec4
    %concat/vec4; draw_string_vec4
    %pushi/vec4 0, 0, 32; draw_string_vec4
    %concat/vec4; draw_string_vec4
    %pushi/vec4 1463896404, 0, 32; draw_string_vec4
    %concat/vec4; draw_string_vec4
    %store/vec4 v0x212d0f70_0, 0, 320;
    %jmp T_14.6;
T_14.3 ;
    %pushi/vec4 0, 0, 32; draw_string_vec4
    %pushi/vec4 0, 0, 32; draw_string_vec4
    %concat/vec4; draw_string_vec4
    %pushi/vec4 0, 0, 32; draw_string_vec4
    %concat/vec4; draw_string_vec4
    %pushi/vec4 0, 0, 32; draw_string_vec4
    %concat/vec4; draw_string_vec4
    %pushi/vec4 0, 0, 32; draw_string_vec4
    %concat/vec4; draw_string_vec4
    %pushi/vec4 0, 0, 32; draw_string_vec4
    %concat/vec4; draw_string_vec4
    %pushi/vec4 0, 0, 32; draw_string_vec4
    %concat/vec4; draw_string_vec4
    %pushi/vec4 1397050948, 0, 32; draw_string_vec4
    %concat/vec4; draw_string_vec4
    %pushi/vec4 1229866847, 0, 32; draw_string_vec4
    %concat/vec4; draw_string_vec4
    %pushi/vec4 1145132097, 0, 32; draw_string_vec4
    %concat/vec4; draw_string_vec4
    %store/vec4 v0x212d0f70_0, 0, 320;
    %jmp T_14.6;
T_14.4 ;
    %pushi/vec4 0, 0, 32; draw_string_vec4
    %pushi/vec4 0, 0, 32; draw_string_vec4
    %concat/vec4; draw_string_vec4
    %pushi/vec4 0, 0, 32; draw_string_vec4
    %concat/vec4; draw_string_vec4
    %pushi/vec4 0, 0, 32; draw_string_vec4
    %concat/vec4; draw_string_vec4
    %pushi/vec4 0, 0, 32; draw_string_vec4
    %concat/vec4; draw_string_vec4
    %pushi/vec4 0, 0, 32; draw_string_vec4
    %concat/vec4; draw_string_vec4
    %pushi/vec4 0, 0, 32; draw_string_vec4
    %concat/vec4; draw_string_vec4
    %pushi/vec4 83, 0, 32; draw_string_vec4
    %concat/vec4; draw_string_vec4
    %pushi/vec4 1162039118, 0, 32; draw_string_vec4
    %concat/vec4; draw_string_vec4
    %pushi/vec4 1147096132, 0, 32; draw_string_vec4
    %concat/vec4; draw_string_vec4
    %store/vec4 v0x212d0f70_0, 0, 320;
    %jmp T_14.6;
T_14.5 ;
    %pushi/vec4 0, 0, 32; draw_string_vec4
    %pushi/vec4 0, 0, 32; draw_string_vec4
    %concat/vec4; draw_string_vec4
    %pushi/vec4 0, 0, 32; draw_string_vec4
    %concat/vec4; draw_string_vec4
    %pushi/vec4 0, 0, 32; draw_string_vec4
    %concat/vec4; draw_string_vec4
    %pushi/vec4 0, 0, 32; draw_string_vec4
    %concat/vec4; draw_string_vec4
    %pushi/vec4 0, 0, 32; draw_string_vec4
    %concat/vec4; draw_string_vec4
    %pushi/vec4 0, 0, 32; draw_string_vec4
    %concat/vec4; draw_string_vec4
    %pushi/vec4 1397048143, 0, 32; draw_string_vec4
    %concat/vec4; draw_string_vec4
    %pushi/vec4 1313103699, 0, 32; draw_string_vec4
    %concat/vec4; draw_string_vec4
    %pushi/vec4 1413567060, 0, 32; draw_string_vec4
    %concat/vec4; draw_string_vec4
    %store/vec4 v0x212d0f70_0, 0, 320;
    %jmp T_14.6;
T_14.6 ;
    %pop/vec4 1;
    %jmp T_14;
    .thread T_14, $push;
    .scope S_0x21222860;
T_15 ;
    %pushi/vec4 0, 0, 1;
    %store/vec4 v0x212dd670_0, 0, 1;
    %pushi/vec4 0, 0, 1;
    %store/vec4 v0x212ddcf0_0, 0, 1;
    %pushi/vec4 0, 0, 1;
    %store/vec4 v0x212ddc50_0, 0, 1;
    %pushi/vec4 0, 0, 1;
    %store/vec4 v0x212ddbb0_0, 0, 1;
    %pushi/vec4 0, 0, 12;
    %store/vec4 v0x212dd5d0_0, 0, 12;
    %pushi/vec4 0, 0, 16;
    %store/vec4 v0x212dd710_0, 0, 16;
    %pushi/vec4 0, 0, 1;
    %store/vec4 v0x212dde30_0, 0, 1;
    %pushi/vec4 0, 0, 1;
    %store/vec4 v0x212dd470_0, 0, 1;
    %end;
    .thread T_15;
    .scope S_0x21222860;
T_16 ;
    %pushi/vec4 0, 0, 1;
    %assign/vec4 v0x212dd670_0, 0;
    %end;
    .thread T_16;
    .scope S_0x21222860;
T_17 ;
    %delay 10000, 0;
    %load/vec4 v0x212dd670_0;
    %inv;
    %assign/vec4 v0x212dd670_0, 0;
    %jmp T_17;
    .thread T_17;
    .scope S_0x21222860;
T_18 ;
    %pushi/vec4 1, 0, 1;
    %store/vec4 v0x212ddcf0_0, 0, 1;
    %pushi/vec4 0, 0, 1;
    %store/vec4 v0x212ddc50_0, 0, 1;
    %delay 20000, 0;
    %pushi/vec4 0, 0, 1;
    %store/vec4 v0x212ddcf0_0, 0, 1;
T_18.0 ;
    %load/vec4 v0x212ddb10_0;
    %cmpi/ne 1, 0, 1;
    %jmp/0xz T_18.1, 6;
    %wait E_0x21268f00;
    %jmp T_18.0;
T_18.1 ;
    %pushi/vec4 1, 0, 1;
    %store/vec4 v0x212ddc50_0, 0, 1;
    %delay 40000, 0;
    %pushi/vec4 0, 0, 1;
    %store/vec4 v0x212ddc50_0, 0, 1;
T_18.2 ;
    %load/vec4 v0x212ddb10_0;
    %cmpi/ne 1, 0, 1;
    %jmp/0xz T_18.3, 6;
    %wait E_0x21268f00;
    %jmp T_18.2;
T_18.3 ;
    %pushi/vec4 1, 0, 1;
    %store/vec4 v0x212ddc50_0, 0, 1;
    %end;
    .thread T_18;
    .scope S_0x21222860;
T_19 ;
    %fork t_1, S_0x212dd220;
    %jmp t_0;
    .scope S_0x212dd220;
t_1 ;
    %vpi_call 2 65 "$dumpfile", "Display_TB.vcd" {0 0 0};
    %vpi_call 2 66 "$dumpvars", 32'sb11111111111111111111111111111111, S_0x21222860 {0 0 0};
    %delay 2431504384, 46;
    %vpi_call 2 67 "$finish" {0 0 0};
    %end;
    .scope S_0x21222860;
t_0 %join;
    %end;
    .thread T_19;
# The file index is used to find the file name in the following table.
:file_names 7;
    "N/A";
    "<interactive>";
    "Display_TB.v";
    "Display.v";
    "SPI.v";
    "addrCtrl.v";
    "dpram.v";
# EOF
