#! /usr/bin/env bash
exec /home/leonardo/miniconda3/envs/digital/bin/vvp -f "$0" "$@" <<'# EOF'
:ivl_version "13.0 (devel)" "(0_8-6859-gf50cc35d2-dirty)";
:ivl_delay_selection "TYPICAL";
:vpi_time_precision - 12;
:vpi_module "/home/leonardo/miniconda3/envs/digital/lib/ivl/system.vpi";
:vpi_module "/home/leonardo/miniconda3/envs/digital/lib/ivl/vhdl_sys.vpi";
:vpi_module "/home/leonardo/miniconda3/envs/digital/lib/ivl/vhdl_textio.vpi";
:vpi_module "/home/leonardo/miniconda3/envs/digital/lib/ivl/v2005_math.vpi";
:vpi_module "/home/leonardo/miniconda3/envs/digital/lib/ivl/va_math.vpi";
S_0x17a8e140 .scope module, "SPI_TB" "SPI_TB" 2 3;
 .timescale -9 -12;
P_0x17ad8120 .param/l "PERIOD" 0 2 27, +C4<00000000000000000000000000010100>;
v0x17b07c10_0 .var "MISO", 0 0;
v0x17b07cd0_0 .net "MOSI", 0 0, v0x17b06260_0;  1 drivers
v0x17b07de0_0 .var "clk", 0 0;
v0x17b07ed0_0 .net "data_rx", 7 0, v0x17b06320_0;  1 drivers
v0x17b07fc0_0 .var "data_tx", 7 0;
v0x17b08100_0 .net "done", 0 0, v0x17ad9960_0;  1 drivers
v0x17b081f0_0 .var "init", 0 0;
v0x17b082e0_0 .var "reset", 0 0;
v0x17b083d0_0 .net "spi_clk", 0 0, v0x17b06ee0_0;  1 drivers
E_0x17ace540 .event anyedge, v0x17ad9960_0;
S_0x17a8e320 .scope begin, "TEST_CASE" "TEST_CASE" 2 64, 2 64 0, S_0x17a8e140;
 .timescale -9 -12;
S_0x17ad7740 .scope module, "uut" "SPI" 2 15, 3 3 0, S_0x17a8e140;
 .timescale -9 -12;
    .port_info 0 /INPUT 1 "reset";
    .port_info 1 /INPUT 1 "clk";
    .port_info 2 /INPUT 1 "init";
    .port_info 3 /INPUT 8 "data_tx";
    .port_info 4 /INPUT 1 "MISO";
    .port_info 5 /OUTPUT 1 "done";
    .port_info 6 /OUTPUT 8 "data_rx";
    .port_info 7 /OUTPUT 1 "spi_clk";
    .port_info 8 /OUTPUT 1 "MOSI";
v0x17b07150_0 .net "MISO", 0 0, v0x17b07c10_0;  1 drivers
v0x17b07210_0 .net "MOSI", 0 0, v0x17b06260_0;  alias, 1 drivers
v0x17b072e0_0 .net "clk", 0 0, v0x17b07de0_0;  1 drivers
v0x17b073e0_0 .net "data_rx", 7 0, v0x17b06320_0;  alias, 1 drivers
v0x17b074b0_0 .net "data_tx", 7 0, v0x17b07fc0_0;  1 drivers
v0x17b075a0_0 .net "done", 0 0, v0x17ad9960_0;  alias, 1 drivers
v0x17b07670_0 .net "init", 0 0, v0x17b081f0_0;  1 drivers
v0x17b07740_0 .net "reset", 0 0, v0x17b082e0_0;  1 drivers
v0x17b07810_0 .net "spi_clk", 0 0, v0x17b06ee0_0;  alias, 1 drivers
v0x17b078b0_0 .net "w_load", 0 0, v0x17ad9680_0;  1 drivers
v0x17b07950_0 .net "w_send", 0 0, v0x17abee00_0;  1 drivers
v0x17b079f0_0 .net "w_sh", 0 0, v0x17b05a30_0;  1 drivers
v0x17b07a90_0 .net "w_x", 0 0, L_0x17ae67b0;  1 drivers
S_0x17ad7970 .scope module, "control0" "control_SPI" 3 22, 3 96 0, S_0x17ad7740;
 .timescale -9 -12;
    .port_info 0 /INPUT 1 "reset";
    .port_info 1 /INPUT 1 "clk";
    .port_info 2 /INPUT 1 "init";
    .port_info 3 /INPUT 1 "x";
    .port_info 4 /INPUT 1 "spi_clk";
    .port_info 5 /OUTPUT 1 "dn";
    .port_info 6 /OUTPUT 1 "sh";
    .port_info 7 /OUTPUT 1 "ld";
    .port_info 8 /OUTPUT 1 "sd";
P_0x17ad0380 .param/l "DONE" 0 3 108, C4<101>;
P_0x17ad03c0 .param/l "LOAD" 0 3 108, C4<001>;
P_0x17ad0400 .param/l "SEND" 0 3 108, C4<010>;
P_0x17ad0440 .param/l "SHIFT" 0 3 108, C4<011>;
P_0x17ad0480 .param/l "SPI_CLK" 0 3 108, C4<100>;
P_0x17ad04c0 .param/l "START" 0 3 108, C4<000>;
P_0x17ad0500 .param/l "medio_periodo" 0 3 111, +C4<00000000000000000000000000000101>;
v0x17ad9510_0 .net "clk", 0 0, v0x17b07de0_0;  alias, 1 drivers
v0x17ad9ad0_0 .var "count", 14 0;
v0x17ad9960_0 .var "dn", 0 0;
v0x17ad97f0_0 .net "init", 0 0, v0x17b081f0_0;  alias, 1 drivers
v0x17ad9680_0 .var "ld", 0 0;
v0x17ae6920_0 .net "reset", 0 0, v0x17b082e0_0;  alias, 1 drivers
v0x17abee00_0 .var "sd", 0 0;
v0x17b05a30_0 .var "sh", 0 0;
v0x17b05af0_0 .net "spi_clk", 0 0, v0x17b06ee0_0;  alias, 1 drivers
v0x17b05bb0_0 .var "state", 2 0;
v0x17b05c90_0 .var "state_name", 320 1;
v0x17b05d70_0 .net "x", 0 0, L_0x17ae67b0;  alias, 1 drivers
E_0x17ae7900 .event anyedge, v0x17b05bb0_0;
E_0x17ae76b0 .event posedge, v0x17ad9510_0;
S_0x17b05f50 .scope module, "data0" "data" 3 24, 3 30 0, S_0x17ad7740;
 .timescale -9 -12;
    .port_info 0 /INPUT 1 "load";
    .port_info 1 /INPUT 1 "shift";
    .port_info 2 /INPUT 1 "send";
    .port_info 3 /INPUT 8 "data_tx";
    .port_info 4 /INPUT 1 "MISO";
    .port_info 5 /OUTPUT 1 "MOSI";
    .port_info 6 /OUTPUT 8 "data_rx";
v0x17b06180_0 .net "MISO", 0 0, v0x17b07c10_0;  alias, 1 drivers
v0x17b06260_0 .var "MOSI", 0 0;
v0x17b06320_0 .var "data_rx", 7 0;
v0x17b063e0_0 .net "data_tx", 7 0, v0x17b07fc0_0;  alias, 1 drivers
v0x17b064c0_0 .net "load", 0 0, v0x17ad9680_0;  alias, 1 drivers
v0x17b065b0_0 .net "send", 0 0, v0x17abee00_0;  alias, 1 drivers
v0x17b06650_0 .net "shift", 0 0, v0x17b05a30_0;  alias, 1 drivers
E_0x17b06100/0 .event anyedge, v0x17ad9680_0, v0x17b063e0_0, v0x17b05a30_0, v0x17b06180_0;
E_0x17b06100/1 .event anyedge, v0x17b06320_0, v0x17abee00_0;
E_0x17b06100 .event/or E_0x17b06100/0, E_0x17b06100/1;
S_0x17b067b0 .scope module, "spiclk0" "spiclk" 3 23, 3 55 0, S_0x17ad7740;
 .timescale -9 -12;
    .port_info 0 /INPUT 1 "shift";
    .port_info 1 /INPUT 1 "send";
    .port_info 2 /INPUT 1 "load";
    .port_info 3 /OUTPUT 1 "spi_clk";
    .port_info 4 /OUTPUT 1 "x";
P_0x17b069c0 .param/l "size_pack" 0 3 65, +C4<00000000000000000000000000001000>;
L_0x17ae67b0 .functor BUFZ 1, v0x17b06fd0_0, C4<0>, C4<0>, C4<0>;
v0x17b06af0_0 .var "bit_cnt", 3 0;
v0x17b06bf0_0 .net "load", 0 0, v0x17ad9680_0;  alias, 1 drivers
v0x17b06d00_0 .net "send", 0 0, v0x17abee00_0;  alias, 1 drivers
v0x17b06df0_0 .net "shift", 0 0, v0x17b05a30_0;  alias, 1 drivers
v0x17b06ee0_0 .var "spi_clk", 0 0;
v0x17b06fd0_0 .var "temp", 0 0;
v0x17b07070_0 .net "x", 0 0, L_0x17ae67b0;  alias, 1 drivers
E_0x17ae7630 .event anyedge, v0x17ad9680_0, v0x17b06af0_0, v0x17abee00_0, v0x17b05a30_0;
    .scope S_0x17ad7970;
T_0 ;
    %pushi/vec4 0, 0, 1;
    %store/vec4 v0x17ad9960_0, 0, 1;
    %pushi/vec4 0, 0, 1;
    %store/vec4 v0x17b05a30_0, 0, 1;
    %pushi/vec4 0, 0, 1;
    %store/vec4 v0x17abee00_0, 0, 1;
    %pushi/vec4 0, 0, 1;
    %store/vec4 v0x17ad9680_0, 0, 1;
    %pushi/vec4 0, 0, 3;
    %store/vec4 v0x17b05bb0_0, 0, 3;
    %pushi/vec4 0, 0, 15;
    %store/vec4 v0x17ad9ad0_0, 0, 15;
    %end;
    .thread T_0;
    .scope S_0x17ad7970;
T_1 ;
    %wait E_0x17ae76b0;
    %load/vec4 v0x17ae6920_0;
    %flag_set/vec4 8;
    %jmp/0xz  T_1.0, 8;
    %pushi/vec4 0, 0, 3;
    %store/vec4 v0x17b05bb0_0, 0, 3;
    %jmp T_1.1;
T_1.0 ;
    %load/vec4 v0x17b05bb0_0;
    %dup/vec4;
    %pushi/vec4 0, 0, 3;
    %cmp/u;
    %jmp/1 T_1.2, 6;
    %dup/vec4;
    %pushi/vec4 1, 0, 3;
    %cmp/u;
    %jmp/1 T_1.3, 6;
    %dup/vec4;
    %pushi/vec4 4, 0, 3;
    %cmp/u;
    %jmp/1 T_1.4, 6;
    %dup/vec4;
    %pushi/vec4 2, 0, 3;
    %cmp/u;
    %jmp/1 T_1.5, 6;
    %dup/vec4;
    %pushi/vec4 3, 0, 3;
    %cmp/u;
    %jmp/1 T_1.6, 6;
    %dup/vec4;
    %pushi/vec4 5, 0, 3;
    %cmp/u;
    %jmp/1 T_1.7, 6;
    %pushi/vec4 0, 0, 3;
    %store/vec4 v0x17b05bb0_0, 0, 3;
    %jmp T_1.9;
T_1.2 ;
    %load/vec4 v0x17ad97f0_0;
    %flag_set/vec4 8;
    %jmp/0xz  T_1.10, 8;
    %pushi/vec4 1, 0, 3;
    %store/vec4 v0x17b05bb0_0, 0, 3;
    %jmp T_1.11;
T_1.10 ;
    %pushi/vec4 0, 0, 3;
    %store/vec4 v0x17b05bb0_0, 0, 3;
T_1.11 ;
    %jmp T_1.9;
T_1.3 ;
    %pushi/vec4 0, 0, 15;
    %store/vec4 v0x17ad9ad0_0, 0, 15;
    %pushi/vec4 4, 0, 3;
    %store/vec4 v0x17b05bb0_0, 0, 3;
    %jmp T_1.9;
T_1.4 ;
    %load/vec4 v0x17b05d70_0;
    %flag_set/vec4 8;
    %jmp/0xz  T_1.12, 8;
    %pushi/vec4 5, 0, 3;
    %store/vec4 v0x17b05bb0_0, 0, 3;
    %jmp T_1.13;
T_1.12 ;
    %load/vec4 v0x17ad9ad0_0;
    %pad/u 32;
    %cmpi/ne 5, 0, 32;
    %flag_get/vec4 4;
    %jmp/0 T_1.16, 4;
    %load/vec4 v0x17ad9ad0_0;
    %pad/u 32;
    %pushi/vec4 10, 0, 32;
    %cmp/ne;
    %flag_get/vec4 4;
    %and;
T_1.16;
    %flag_set/vec4 8;
    %jmp/0xz  T_1.14, 8;
    %load/vec4 v0x17ad9ad0_0;
    %addi 1, 0, 15;
    %store/vec4 v0x17ad9ad0_0, 0, 15;
    %pushi/vec4 4, 0, 3;
    %store/vec4 v0x17b05bb0_0, 0, 3;
    %jmp T_1.15;
T_1.14 ;
    %load/vec4 v0x17ad9ad0_0;
    %pad/u 32;
    %cmpi/e 5, 0, 32;
    %jmp/0xz  T_1.17, 4;
    %pushi/vec4 2, 0, 3;
    %store/vec4 v0x17b05bb0_0, 0, 3;
    %load/vec4 v0x17ad9ad0_0;
    %addi 1, 0, 15;
    %store/vec4 v0x17ad9ad0_0, 0, 15;
    %jmp T_1.18;
T_1.17 ;
    %pushi/vec4 3, 0, 3;
    %store/vec4 v0x17b05bb0_0, 0, 3;
    %pushi/vec4 0, 0, 15;
    %store/vec4 v0x17ad9ad0_0, 0, 15;
T_1.18 ;
T_1.15 ;
T_1.13 ;
    %jmp T_1.9;
T_1.5 ;
    %pushi/vec4 4, 0, 3;
    %store/vec4 v0x17b05bb0_0, 0, 3;
    %jmp T_1.9;
T_1.6 ;
    %pushi/vec4 4, 0, 3;
    %store/vec4 v0x17b05bb0_0, 0, 3;
    %jmp T_1.9;
T_1.7 ;
    %pushi/vec4 0, 0, 3;
    %store/vec4 v0x17b05bb0_0, 0, 3;
    %jmp T_1.9;
T_1.9 ;
    %pop/vec4 1;
T_1.1 ;
    %jmp T_1;
    .thread T_1;
    .scope S_0x17ad7970;
T_2 ;
    %wait E_0x17ae7900;
    %load/vec4 v0x17b05bb0_0;
    %dup/vec4;
    %pushi/vec4 0, 0, 3;
    %cmp/u;
    %jmp/1 T_2.0, 6;
    %dup/vec4;
    %pushi/vec4 1, 0, 3;
    %cmp/u;
    %jmp/1 T_2.1, 6;
    %dup/vec4;
    %pushi/vec4 4, 0, 3;
    %cmp/u;
    %jmp/1 T_2.2, 6;
    %dup/vec4;
    %pushi/vec4 2, 0, 3;
    %cmp/u;
    %jmp/1 T_2.3, 6;
    %dup/vec4;
    %pushi/vec4 3, 0, 3;
    %cmp/u;
    %jmp/1 T_2.4, 6;
    %dup/vec4;
    %pushi/vec4 5, 0, 3;
    %cmp/u;
    %jmp/1 T_2.5, 6;
    %jmp T_2.6;
T_2.0 ;
    %pushi/vec4 0, 0, 1;
    %store/vec4 v0x17b05a30_0, 0, 1;
    %pushi/vec4 0, 0, 1;
    %store/vec4 v0x17ad9680_0, 0, 1;
    %pushi/vec4 0, 0, 1;
    %store/vec4 v0x17abee00_0, 0, 1;
    %jmp T_2.6;
T_2.1 ;
    %pushi/vec4 0, 0, 1;
    %store/vec4 v0x17ad9960_0, 0, 1;
    %pushi/vec4 0, 0, 1;
    %store/vec4 v0x17b05a30_0, 0, 1;
    %pushi/vec4 1, 0, 1;
    %store/vec4 v0x17ad9680_0, 0, 1;
    %pushi/vec4 0, 0, 1;
    %store/vec4 v0x17abee00_0, 0, 1;
    %jmp T_2.6;
T_2.2 ;
    %pushi/vec4 0, 0, 1;
    %store/vec4 v0x17ad9960_0, 0, 1;
    %pushi/vec4 0, 0, 1;
    %store/vec4 v0x17b05a30_0, 0, 1;
    %pushi/vec4 0, 0, 1;
    %store/vec4 v0x17ad9680_0, 0, 1;
    %pushi/vec4 0, 0, 1;
    %store/vec4 v0x17abee00_0, 0, 1;
    %jmp T_2.6;
T_2.3 ;
    %pushi/vec4 0, 0, 1;
    %store/vec4 v0x17ad9960_0, 0, 1;
    %pushi/vec4 0, 0, 1;
    %store/vec4 v0x17b05a30_0, 0, 1;
    %pushi/vec4 0, 0, 1;
    %store/vec4 v0x17ad9680_0, 0, 1;
    %pushi/vec4 1, 0, 1;
    %store/vec4 v0x17abee00_0, 0, 1;
    %jmp T_2.6;
T_2.4 ;
    %pushi/vec4 0, 0, 1;
    %store/vec4 v0x17ad9960_0, 0, 1;
    %pushi/vec4 1, 0, 1;
    %store/vec4 v0x17b05a30_0, 0, 1;
    %pushi/vec4 0, 0, 1;
    %store/vec4 v0x17ad9680_0, 0, 1;
    %pushi/vec4 0, 0, 1;
    %store/vec4 v0x17abee00_0, 0, 1;
    %jmp T_2.6;
T_2.5 ;
    %pushi/vec4 1, 0, 1;
    %store/vec4 v0x17ad9960_0, 0, 1;
    %pushi/vec4 0, 0, 1;
    %store/vec4 v0x17b05a30_0, 0, 1;
    %pushi/vec4 0, 0, 1;
    %store/vec4 v0x17ad9680_0, 0, 1;
    %pushi/vec4 0, 0, 1;
    %store/vec4 v0x17abee00_0, 0, 1;
    %jmp T_2.6;
T_2.6 ;
    %pop/vec4 1;
    %jmp T_2;
    .thread T_2, $push;
    .scope S_0x17ad7970;
T_3 ;
    %wait E_0x17ae7900;
    %load/vec4 v0x17b05bb0_0;
    %dup/vec4;
    %pushi/vec4 0, 0, 3;
    %cmp/u;
    %jmp/1 T_3.0, 6;
    %dup/vec4;
    %pushi/vec4 1, 0, 3;
    %cmp/u;
    %jmp/1 T_3.1, 6;
    %dup/vec4;
    %pushi/vec4 2, 0, 3;
    %cmp/u;
    %jmp/1 T_3.2, 6;
    %dup/vec4;
    %pushi/vec4 4, 0, 3;
    %cmp/u;
    %jmp/1 T_3.3, 6;
    %dup/vec4;
    %pushi/vec4 3, 0, 3;
    %cmp/u;
    %jmp/1 T_3.4, 6;
    %dup/vec4;
    %pushi/vec4 5, 0, 3;
    %cmp/u;
    %jmp/1 T_3.5, 6;
    %jmp T_3.6;
T_3.0 ;
    %pushi/vec4 0, 0, 32; draw_string_vec4
    %pushi/vec4 0, 0, 32; draw_string_vec4
    %concat/vec4; draw_string_vec4
    %pushi/vec4 0, 0, 32; draw_string_vec4
    %concat/vec4; draw_string_vec4
    %pushi/vec4 0, 0, 32; draw_string_vec4
    %concat/vec4; draw_string_vec4
    %pushi/vec4 0, 0, 32; draw_string_vec4
    %concat/vec4; draw_string_vec4
    %pushi/vec4 0, 0, 32; draw_string_vec4
    %concat/vec4; draw_string_vec4
    %pushi/vec4 0, 0, 32; draw_string_vec4
    %concat/vec4; draw_string_vec4
    %pushi/vec4 0, 0, 32; draw_string_vec4
    %concat/vec4; draw_string_vec4
    %pushi/vec4 83, 0, 32; draw_string_vec4
    %concat/vec4; draw_string_vec4
    %pushi/vec4 1413567060, 0, 32; draw_string_vec4
    %concat/vec4; draw_string_vec4
    %store/vec4 v0x17b05c90_0, 0, 320;
    %jmp T_3.6;
T_3.1 ;
    %pushi/vec4 0, 0, 32; draw_string_vec4
    %pushi/vec4 0, 0, 32; draw_string_vec4
    %concat/vec4; draw_string_vec4
    %pushi/vec4 0, 0, 32; draw_string_vec4
    %concat/vec4; draw_string_vec4
    %pushi/vec4 0, 0, 32; draw_string_vec4
    %concat/vec4; draw_string_vec4
    %pushi/vec4 0, 0, 32; draw_string_vec4
    %concat/vec4; draw_string_vec4
    %pushi/vec4 0, 0, 32; draw_string_vec4
    %concat/vec4; draw_string_vec4
    %pushi/vec4 0, 0, 32; draw_string_vec4
    %concat/vec4; draw_string_vec4
    %pushi/vec4 0, 0, 32; draw_string_vec4
    %concat/vec4; draw_string_vec4
    %pushi/vec4 0, 0, 32; draw_string_vec4
    %concat/vec4; draw_string_vec4
    %pushi/vec4 1280262468, 0, 32; draw_string_vec4
    %concat/vec4; draw_string_vec4
    %store/vec4 v0x17b05c90_0, 0, 320;
    %jmp T_3.6;
T_3.2 ;
    %pushi/vec4 0, 0, 32; draw_string_vec4
    %pushi/vec4 0, 0, 32; draw_string_vec4
    %concat/vec4; draw_string_vec4
    %pushi/vec4 0, 0, 32; draw_string_vec4
    %concat/vec4; draw_string_vec4
    %pushi/vec4 0, 0, 32; draw_string_vec4
    %concat/vec4; draw_string_vec4
    %pushi/vec4 0, 0, 32; draw_string_vec4
    %concat/vec4; draw_string_vec4
    %pushi/vec4 0, 0, 32; draw_string_vec4
    %concat/vec4; draw_string_vec4
    %pushi/vec4 0, 0, 32; draw_string_vec4
    %concat/vec4; draw_string_vec4
    %pushi/vec4 0, 0, 32; draw_string_vec4
    %concat/vec4; draw_string_vec4
    %pushi/vec4 0, 0, 32; draw_string_vec4
    %concat/vec4; draw_string_vec4
    %pushi/vec4 1397050948, 0, 32; draw_string_vec4
    %concat/vec4; draw_string_vec4
    %store/vec4 v0x17b05c90_0, 0, 320;
    %jmp T_3.6;
T_3.3 ;
    %pushi/vec4 0, 0, 32; draw_string_vec4
    %pushi/vec4 0, 0, 32; draw_string_vec4
    %concat/vec4; draw_string_vec4
    %pushi/vec4 0, 0, 32; draw_string_vec4
    %concat/vec4; draw_string_vec4
    %pushi/vec4 0, 0, 32; draw_string_vec4
    %concat/vec4; draw_string_vec4
    %pushi/vec4 0, 0, 32; draw_string_vec4
    %concat/vec4; draw_string_vec4
    %pushi/vec4 0, 0, 32; draw_string_vec4
    %concat/vec4; draw_string_vec4
    %pushi/vec4 0, 0, 32; draw_string_vec4
    %concat/vec4; draw_string_vec4
    %pushi/vec4 0, 0, 32; draw_string_vec4
    %concat/vec4; draw_string_vec4
    %pushi/vec4 5460041, 0, 32; draw_string_vec4
    %concat/vec4; draw_string_vec4
    %pushi/vec4 1598245963, 0, 32; draw_string_vec4
    %concat/vec4; draw_string_vec4
    %store/vec4 v0x17b05c90_0, 0, 320;
    %jmp T_3.6;
T_3.4 ;
    %pushi/vec4 0, 0, 32; draw_string_vec4
    %pushi/vec4 0, 0, 32; draw_string_vec4
    %concat/vec4; draw_string_vec4
    %pushi/vec4 0, 0, 32; draw_string_vec4
    %concat/vec4; draw_string_vec4
    %pushi/vec4 0, 0, 32; draw_string_vec4
    %concat/vec4; draw_string_vec4
    %pushi/vec4 0, 0, 32; draw_string_vec4
    %concat/vec4; draw_string_vec4
    %pushi/vec4 0, 0, 32; draw_string_vec4
    %concat/vec4; draw_string_vec4
    %pushi/vec4 0, 0, 32; draw_string_vec4
    %concat/vec4; draw_string_vec4
    %pushi/vec4 0, 0, 32; draw_string_vec4
    %concat/vec4; draw_string_vec4
    %pushi/vec4 83, 0, 32; draw_string_vec4
    %concat/vec4; draw_string_vec4
    %pushi/vec4 1212761684, 0, 32; draw_string_vec4
    %concat/vec4; draw_string_vec4
    %store/vec4 v0x17b05c90_0, 0, 320;
    %jmp T_3.6;
T_3.5 ;
    %pushi/vec4 0, 0, 32; draw_string_vec4
    %pushi/vec4 0, 0, 32; draw_string_vec4
    %concat/vec4; draw_string_vec4
    %pushi/vec4 0, 0, 32; draw_string_vec4
    %concat/vec4; draw_string_vec4
    %pushi/vec4 0, 0, 32; draw_string_vec4
    %concat/vec4; draw_string_vec4
    %pushi/vec4 0, 0, 32; draw_string_vec4
    %concat/vec4; draw_string_vec4
    %pushi/vec4 0, 0, 32; draw_string_vec4
    %concat/vec4; draw_string_vec4
    %pushi/vec4 0, 0, 32; draw_string_vec4
    %concat/vec4; draw_string_vec4
    %pushi/vec4 0, 0, 32; draw_string_vec4
    %concat/vec4; draw_string_vec4
    %pushi/vec4 0, 0, 32; draw_string_vec4
    %concat/vec4; draw_string_vec4
    %pushi/vec4 1146048069, 0, 32; draw_string_vec4
    %concat/vec4; draw_string_vec4
    %store/vec4 v0x17b05c90_0, 0, 320;
    %jmp T_3.6;
T_3.6 ;
    %pop/vec4 1;
    %jmp T_3;
    .thread T_3, $push;
    .scope S_0x17b067b0;
T_4 ;
    %pushi/vec4 0, 0, 1;
    %store/vec4 v0x17b06ee0_0, 0, 1;
    %pushi/vec4 0, 0, 1;
    %store/vec4 v0x17b06fd0_0, 0, 1;
    %pushi/vec4 0, 0, 4;
    %store/vec4 v0x17b06af0_0, 0, 4;
    %end;
    .thread T_4;
    .scope S_0x17b067b0;
T_5 ;
    %wait E_0x17ae7630;
    %load/vec4 v0x17b06bf0_0;
    %flag_set/vec4 8;
    %jmp/0xz  T_5.0, 8;
    %pushi/vec4 0, 0, 4;
    %store/vec4 v0x17b06af0_0, 0, 4;
    %pushi/vec4 0, 0, 1;
    %store/vec4 v0x17b06fd0_0, 0, 1;
    %jmp T_5.1;
T_5.0 ;
    %load/vec4 v0x17b06af0_0;
    %pad/u 32;
    %cmpi/ne 8, 0, 32;
    %jmp/0xz  T_5.2, 4;
    %load/vec4 v0x17b06d00_0;
    %flag_set/vec4 8;
    %jmp/0xz  T_5.4, 8;
    %pushi/vec4 1, 0, 1;
    %store/vec4 v0x17b06ee0_0, 0, 1;
    %jmp T_5.5;
T_5.4 ;
    %load/vec4 v0x17b06df0_0;
    %flag_set/vec4 8;
    %jmp/0xz  T_5.6, 8;
    %pushi/vec4 0, 0, 1;
    %store/vec4 v0x17b06ee0_0, 0, 1;
    %load/vec4 v0x17b06af0_0;
    %addi 1, 0, 4;
    %store/vec4 v0x17b06af0_0, 0, 4;
T_5.6 ;
T_5.5 ;
    %jmp T_5.3;
T_5.2 ;
    %load/vec4 v0x17b06d00_0;
    %flag_set/vec4 8;
    %jmp/0xz  T_5.8, 8;
    %pushi/vec4 1, 0, 1;
    %store/vec4 v0x17b06fd0_0, 0, 1;
T_5.8 ;
T_5.3 ;
T_5.1 ;
    %jmp T_5;
    .thread T_5, $push;
    .scope S_0x17b05f50;
T_6 ;
    %pushi/vec4 0, 0, 8;
    %store/vec4 v0x17b06320_0, 0, 8;
    %pushi/vec4 0, 0, 1;
    %store/vec4 v0x17b06260_0, 0, 1;
    %end;
    .thread T_6;
    .scope S_0x17b05f50;
T_7 ;
    %wait E_0x17b06100;
    %load/vec4 v0x17b064c0_0;
    %flag_set/vec4 8;
    %jmp/0xz  T_7.0, 8;
    %load/vec4 v0x17b063e0_0;
    %store/vec4 v0x17b06320_0, 0, 8;
    %jmp T_7.1;
T_7.0 ;
    %load/vec4 v0x17b06650_0;
    %flag_set/vec4 8;
    %jmp/0xz  T_7.2, 8;
    %load/vec4 v0x17b06180_0;
    %load/vec4 v0x17b06320_0;
    %parti/s 7, 1, 2;
    %concat/vec4; draw_concat_vec4
    %store/vec4 v0x17b06320_0, 0, 8;
    %jmp T_7.3;
T_7.2 ;
    %load/vec4 v0x17b065b0_0;
    %flag_set/vec4 8;
    %jmp/0xz  T_7.4, 8;
    %load/vec4 v0x17b06320_0;
    %parti/s 1, 0, 2;
    %store/vec4 v0x17b06260_0, 0, 1;
T_7.4 ;
T_7.3 ;
T_7.1 ;
    %jmp T_7;
    .thread T_7, $push;
    .scope S_0x17a8e140;
T_8 ;
    %pushi/vec4 0, 0, 1;
    %store/vec4 v0x17b07de0_0, 0, 1;
    %pushi/vec4 0, 0, 1;
    %store/vec4 v0x17b082e0_0, 0, 1;
    %pushi/vec4 0, 0, 1;
    %store/vec4 v0x17b081f0_0, 0, 1;
    %pushi/vec4 0, 0, 8;
    %store/vec4 v0x17b07fc0_0, 0, 8;
    %pushi/vec4 0, 0, 1;
    %store/vec4 v0x17b07c10_0, 0, 1;
    %end;
    .thread T_8;
    .scope S_0x17a8e140;
T_9 ;
    %pushi/vec4 0, 0, 1;
    %assign/vec4 v0x17b07de0_0, 0;
    %end;
    .thread T_9;
    .scope S_0x17a8e140;
T_10 ;
    %delay 10000, 0;
    %load/vec4 v0x17b07de0_0;
    %inv;
    %assign/vec4 v0x17b07de0_0, 0;
    %jmp T_10;
    .thread T_10;
    .scope S_0x17a8e140;
T_11 ;
    %pushi/vec4 1, 0, 1;
    %store/vec4 v0x17b082e0_0, 0, 1;
    %pushi/vec4 0, 0, 1;
    %store/vec4 v0x17b081f0_0, 0, 1;
    %pushi/vec4 0, 0, 8;
    %store/vec4 v0x17b07fc0_0, 0, 8;
    %delay 20000, 0;
    %pushi/vec4 0, 0, 1;
    %store/vec4 v0x17b082e0_0, 0, 1;
    %pushi/vec4 170, 0, 8;
    %store/vec4 v0x17b07fc0_0, 0, 8;
    %pushi/vec4 1, 0, 1;
    %store/vec4 v0x17b081f0_0, 0, 1;
    %delay 20000, 0;
    %pushi/vec4 0, 0, 1;
    %store/vec4 v0x17b081f0_0, 0, 1;
T_11.0 ;
    %load/vec4 v0x17b08100_0;
    %pad/u 32;
    %pushi/vec4 1, 0, 32;
    %cmp/e;
    %flag_get/vec4 4;
    %cmpi/ne 1, 0, 1;
    %jmp/0xz T_11.1, 6;
    %wait E_0x17ace540;
    %jmp T_11.0;
T_11.1 ;
    %delay 20000, 0;
    %pushi/vec4 170, 0, 8;
    %store/vec4 v0x17b07fc0_0, 0, 8;
    %pushi/vec4 1, 0, 1;
    %store/vec4 v0x17b081f0_0, 0, 1;
    %delay 40000, 0;
    %pushi/vec4 0, 0, 1;
    %store/vec4 v0x17b081f0_0, 0, 1;
T_11.2 ;
    %load/vec4 v0x17b08100_0;
    %pad/u 32;
    %pushi/vec4 1, 0, 32;
    %cmp/e;
    %flag_get/vec4 4;
    %cmpi/ne 1, 0, 1;
    %jmp/0xz T_11.3, 6;
    %wait E_0x17ace540;
    %jmp T_11.2;
T_11.3 ;
    %end;
    .thread T_11;
    .scope S_0x17a8e140;
T_12 ;
    %fork t_1, S_0x17a8e320;
    %jmp t_0;
    .scope S_0x17a8e320;
t_1 ;
    %vpi_call 2 65 "$dumpfile", "SPI_TB.vcd" {0 0 0};
    %vpi_call 2 66 "$dumpvars", 32'sb11111111111111111111111111111111, S_0x17a8e140 {0 0 0};
    %delay 5000000, 0;
    %vpi_call 2 67 "$finish" {0 0 0};
    %end;
    .scope S_0x17a8e140;
t_0 %join;
    %end;
    .thread T_12;
# The file index is used to find the file name in the following table.
:file_names 4;
    "N/A";
    "<interactive>";
    "SPI_TB.v";
    "SPI.v";
# EOF
