
 /----------------------------------------------------------------------------\
 |                                                                            |
 |  yosys -- Yosys Open SYnthesis Suite                                       |
 |                                                                            |
 |  Copyright (C) 2012 - 2020  Claire Xenia Wolf <claire@yosyshq.com>         |
 |                                                                            |
 |  Permission to use, copy, modify, and/or distribute this software for any  |
 |  purpose with or without fee is hereby granted, provided that the above    |
 |  copyright notice and this permission notice appear in all copies.         |
 |                                                                            |
 |  THE SOFTWARE IS PROVIDED "AS IS" AND THE AUTHOR DISCLAIMS ALL WARRANTIES  |
 |  WITH REGARD TO THIS SOFTWARE INCLUDING ALL IMPLIED WARRANTIES OF          |
 |  MERCHANTABILITY AND FITNESS. IN NO EVENT SHALL THE AUTHOR BE LIABLE FOR   |
 |  ANY SPECIAL, DIRECT, INDIRECT, OR CONSEQUENTIAL DAMAGES OR ANY DAMAGES    |
 |  WHATSOEVER RESULTING FROM LOSS OF USE, DATA OR PROFITS, WHETHER IN AN     |
 |  ACTION OF CONTRACT, NEGLIGENCE OR OTHER TORTIOUS ACTION, ARISING OUT OF   |
 |  OR IN CONNECTION WITH THE USE OR PERFORMANCE OF THIS SOFTWARE.            |
 |                                                                            |
 \----------------------------------------------------------------------------/

 Yosys 0.33+6 (git sha1 41b34a193, x86_64-conda-linux-gnu-cc 11.2.0 -fvisibility-inlines-hidden -fmessage-length=0 -march=nocona -mtune=haswell -ftree-vectorize -fPIC -fstack-protector-strong -fno-plt -O2 -ffunction-sections -fdebug-prefix-map=/root/conda-eda/conda-eda/workdir/conda-env/conda-bld/yosys_1694128612374/work=/usr/local/src/conda/yosys-0.33_7_g41b34a193 -fdebug-prefix-map=/home/leonardo/miniconda3/envs/digital=/usr/local/src/conda-prefix -fPIC -Os -fno-merge-constants)


-- Running command ` read_verilog dpram.v;  synth_ice40  -top dpram; write_verilog dpram_synth.v' --

1. Executing Verilog-2005 frontend: dpram.v
Parsing Verilog input from `dpram.v' to AST representation.
Generating RTLIL representation for module `\dpram'.
Successfully finished Verilog frontend.

2. Executing SYNTH_ICE40 pass.

2.1. Executing Verilog-2005 frontend: /home/leonardo/miniconda3/envs/digital/bin/../share/yosys/ice40/cells_sim.v
Parsing Verilog input from `/home/leonardo/miniconda3/envs/digital/bin/../share/yosys/ice40/cells_sim.v' to AST representation.
Generating RTLIL representation for module `\SB_IO'.
Generating RTLIL representation for module `\SB_GB_IO'.
Generating RTLIL representation for module `\SB_GB'.
Generating RTLIL representation for module `\SB_LUT4'.
Generating RTLIL representation for module `\SB_CARRY'.
Generating RTLIL representation for module `\SB_DFF'.
Generating RTLIL representation for module `\SB_DFFE'.
Generating RTLIL representation for module `\SB_DFFSR'.
Generating RTLIL representation for module `\SB_DFFR'.
Generating RTLIL representation for module `\SB_DFFSS'.
Generating RTLIL representation for module `\SB_DFFS'.
Generating RTLIL representation for module `\SB_DFFESR'.
Generating RTLIL representation for module `\SB_DFFER'.
Generating RTLIL representation for module `\SB_DFFESS'.
Generating RTLIL representation for module `\SB_DFFES'.
Generating RTLIL representation for module `\SB_DFFN'.
Generating RTLIL representation for module `\SB_DFFNE'.
Generating RTLIL representation for module `\SB_DFFNSR'.
Generating RTLIL representation for module `\SB_DFFNR'.
Generating RTLIL representation for module `\SB_DFFNSS'.
Generating RTLIL representation for module `\SB_DFFNS'.
Generating RTLIL representation for module `\SB_DFFNESR'.
Generating RTLIL representation for module `\SB_DFFNER'.
Generating RTLIL representation for module `\SB_DFFNESS'.
Generating RTLIL representation for module `\SB_DFFNES'.
Generating RTLIL representation for module `\SB_RAM40_4K'.
Generating RTLIL representation for module `\SB_RAM40_4KNR'.
Generating RTLIL representation for module `\SB_RAM40_4KNW'.
Generating RTLIL representation for module `\SB_RAM40_4KNRNW'.
Generating RTLIL representation for module `\ICESTORM_LC'.
Generating RTLIL representation for module `\SB_PLL40_CORE'.
Generating RTLIL representation for module `\SB_PLL40_PAD'.
Generating RTLIL representation for module `\SB_PLL40_2_PAD'.
Generating RTLIL representation for module `\SB_PLL40_2F_CORE'.
Generating RTLIL representation for module `\SB_PLL40_2F_PAD'.
Generating RTLIL representation for module `\SB_WARMBOOT'.
Generating RTLIL representation for module `\SB_SPRAM256KA'.
Generating RTLIL representation for module `\SB_HFOSC'.
Generating RTLIL representation for module `\SB_LFOSC'.
Generating RTLIL representation for module `\SB_RGBA_DRV'.
Generating RTLIL representation for module `\SB_LED_DRV_CUR'.
Generating RTLIL representation for module `\SB_RGB_DRV'.
Generating RTLIL representation for module `\SB_I2C'.
Generating RTLIL representation for module `\SB_SPI'.
Generating RTLIL representation for module `\SB_LEDDA_IP'.
Generating RTLIL representation for module `\SB_FILTER_50NS'.
Generating RTLIL representation for module `\SB_IO_I3C'.
Generating RTLIL representation for module `\SB_IO_OD'.
Generating RTLIL representation for module `\SB_MAC16'.
Generating RTLIL representation for module `\ICESTORM_RAM'.
Successfully finished Verilog frontend.

2.2. Executing HIERARCHY pass (managing design hierarchy).

2.2.1. Analyzing design hierarchy..
Top module:  \dpram

2.2.2. Analyzing design hierarchy..
Top module:  \dpram
Removed 0 unused modules.

2.3. Executing PROC pass (convert processes to netlists).

2.3.1. Executing PROC_CLEAN pass (remove empty switches from decision trees).
Removing empty process `dpram.$proc$dpram.v:0$16'.
Cleaned up 0 empty switches.

2.3.2. Executing PROC_RMDEAD pass (remove dead branches from decision trees).
Marked 1 switch rules as full_case in process $proc$/home/leonardo/miniconda3/envs/digital/bin/../share/yosys/ice40/cells_sim.v:1414$257 in module SB_DFFNES.
Marked 1 switch rules as full_case in process $proc$/home/leonardo/miniconda3/envs/digital/bin/../share/yosys/ice40/cells_sim.v:1353$250 in module SB_DFFNESS.
Marked 1 switch rules as full_case in process $proc$/home/leonardo/miniconda3/envs/digital/bin/../share/yosys/ice40/cells_sim.v:1273$246 in module SB_DFFNER.
Marked 1 switch rules as full_case in process $proc$/home/leonardo/miniconda3/envs/digital/bin/../share/yosys/ice40/cells_sim.v:1212$239 in module SB_DFFNESR.
Marked 1 switch rules as full_case in process $proc$/home/leonardo/miniconda3/envs/digital/bin/../share/yosys/ice40/cells_sim.v:1138$236 in module SB_DFFNS.
Marked 1 switch rules as full_case in process $proc$/home/leonardo/miniconda3/envs/digital/bin/../share/yosys/ice40/cells_sim.v:1088$233 in module SB_DFFNSS.
Marked 1 switch rules as full_case in process $proc$/home/leonardo/miniconda3/envs/digital/bin/../share/yosys/ice40/cells_sim.v:1017$230 in module SB_DFFNR.
Marked 1 switch rules as full_case in process $proc$/home/leonardo/miniconda3/envs/digital/bin/../share/yosys/ice40/cells_sim.v:967$227 in module SB_DFFNSR.
Marked 1 switch rules as full_case in process $proc$/home/leonardo/miniconda3/envs/digital/bin/../share/yosys/ice40/cells_sim.v:803$219 in module SB_DFFES.
Marked 1 switch rules as full_case in process $proc$/home/leonardo/miniconda3/envs/digital/bin/../share/yosys/ice40/cells_sim.v:742$212 in module SB_DFFESS.
Marked 1 switch rules as full_case in process $proc$/home/leonardo/miniconda3/envs/digital/bin/../share/yosys/ice40/cells_sim.v:662$208 in module SB_DFFER.
Marked 1 switch rules as full_case in process $proc$/home/leonardo/miniconda3/envs/digital/bin/../share/yosys/ice40/cells_sim.v:601$201 in module SB_DFFESR.
Marked 1 switch rules as full_case in process $proc$/home/leonardo/miniconda3/envs/digital/bin/../share/yosys/ice40/cells_sim.v:527$198 in module SB_DFFS.
Marked 1 switch rules as full_case in process $proc$/home/leonardo/miniconda3/envs/digital/bin/../share/yosys/ice40/cells_sim.v:477$195 in module SB_DFFSS.
Marked 1 switch rules as full_case in process $proc$/home/leonardo/miniconda3/envs/digital/bin/../share/yosys/ice40/cells_sim.v:406$192 in module SB_DFFR.
Marked 1 switch rules as full_case in process $proc$/home/leonardo/miniconda3/envs/digital/bin/../share/yosys/ice40/cells_sim.v:356$189 in module SB_DFFSR.
Marked 2 switch rules as full_case in process $proc$dpram.v:44$4 in module dpram.
Removed a total of 0 dead cases.

2.3.3. Executing PROC_PRUNE pass (remove redundant assignments in processes).
Removed 8 redundant assignments.
Promoted 25 assignments to connections.

2.3.4. Executing PROC_INIT pass (extract init attributes).
Found init rule in `\SB_DFFNES.$proc$/home/leonardo/miniconda3/envs/digital/bin/../share/yosys/ice40/cells_sim.v:0$260'.
  Set init value: \Q = 1'0
Found init rule in `\SB_DFFNESS.$proc$/home/leonardo/miniconda3/envs/digital/bin/../share/yosys/ice40/cells_sim.v:0$256'.
  Set init value: \Q = 1'0
Found init rule in `\SB_DFFNER.$proc$/home/leonardo/miniconda3/envs/digital/bin/../share/yosys/ice40/cells_sim.v:0$249'.
  Set init value: \Q = 1'0
Found init rule in `\SB_DFFNESR.$proc$/home/leonardo/miniconda3/envs/digital/bin/../share/yosys/ice40/cells_sim.v:0$245'.
  Set init value: \Q = 1'0
Found init rule in `\SB_DFFNS.$proc$/home/leonardo/miniconda3/envs/digital/bin/../share/yosys/ice40/cells_sim.v:0$238'.
  Set init value: \Q = 1'0
Found init rule in `\SB_DFFNSS.$proc$/home/leonardo/miniconda3/envs/digital/bin/../share/yosys/ice40/cells_sim.v:0$235'.
  Set init value: \Q = 1'0
Found init rule in `\SB_DFFNR.$proc$/home/leonardo/miniconda3/envs/digital/bin/../share/yosys/ice40/cells_sim.v:0$232'.
  Set init value: \Q = 1'0
Found init rule in `\SB_DFFNSR.$proc$/home/leonardo/miniconda3/envs/digital/bin/../share/yosys/ice40/cells_sim.v:0$229'.
  Set init value: \Q = 1'0
Found init rule in `\SB_DFFNE.$proc$/home/leonardo/miniconda3/envs/digital/bin/../share/yosys/ice40/cells_sim.v:0$226'.
  Set init value: \Q = 1'0
Found init rule in `\SB_DFFN.$proc$/home/leonardo/miniconda3/envs/digital/bin/../share/yosys/ice40/cells_sim.v:0$224'.
  Set init value: \Q = 1'0
Found init rule in `\SB_DFFES.$proc$/home/leonardo/miniconda3/envs/digital/bin/../share/yosys/ice40/cells_sim.v:0$222'.
  Set init value: \Q = 1'0
Found init rule in `\SB_DFFESS.$proc$/home/leonardo/miniconda3/envs/digital/bin/../share/yosys/ice40/cells_sim.v:0$218'.
  Set init value: \Q = 1'0
Found init rule in `\SB_DFFER.$proc$/home/leonardo/miniconda3/envs/digital/bin/../share/yosys/ice40/cells_sim.v:0$211'.
  Set init value: \Q = 1'0
Found init rule in `\SB_DFFESR.$proc$/home/leonardo/miniconda3/envs/digital/bin/../share/yosys/ice40/cells_sim.v:0$207'.
  Set init value: \Q = 1'0
Found init rule in `\SB_DFFS.$proc$/home/leonardo/miniconda3/envs/digital/bin/../share/yosys/ice40/cells_sim.v:0$200'.
  Set init value: \Q = 1'0
Found init rule in `\SB_DFFSS.$proc$/home/leonardo/miniconda3/envs/digital/bin/../share/yosys/ice40/cells_sim.v:0$197'.
  Set init value: \Q = 1'0
Found init rule in `\SB_DFFR.$proc$/home/leonardo/miniconda3/envs/digital/bin/../share/yosys/ice40/cells_sim.v:0$194'.
  Set init value: \Q = 1'0
Found init rule in `\SB_DFFSR.$proc$/home/leonardo/miniconda3/envs/digital/bin/../share/yosys/ice40/cells_sim.v:0$191'.
  Set init value: \Q = 1'0
Found init rule in `\SB_DFFE.$proc$/home/leonardo/miniconda3/envs/digital/bin/../share/yosys/ice40/cells_sim.v:0$188'.
  Set init value: \Q = 1'0
Found init rule in `\SB_DFF.$proc$/home/leonardo/miniconda3/envs/digital/bin/../share/yosys/ice40/cells_sim.v:0$186'.
  Set init value: \Q = 1'0

2.3.5. Executing PROC_ARST pass (detect async resets in processes).
Found async reset \S in `\SB_DFFNES.$proc$/home/leonardo/miniconda3/envs/digital/bin/../share/yosys/ice40/cells_sim.v:1414$257'.
Found async reset \R in `\SB_DFFNER.$proc$/home/leonardo/miniconda3/envs/digital/bin/../share/yosys/ice40/cells_sim.v:1273$246'.
Found async reset \S in `\SB_DFFNS.$proc$/home/leonardo/miniconda3/envs/digital/bin/../share/yosys/ice40/cells_sim.v:1138$236'.
Found async reset \R in `\SB_DFFNR.$proc$/home/leonardo/miniconda3/envs/digital/bin/../share/yosys/ice40/cells_sim.v:1017$230'.
Found async reset \S in `\SB_DFFES.$proc$/home/leonardo/miniconda3/envs/digital/bin/../share/yosys/ice40/cells_sim.v:803$219'.
Found async reset \R in `\SB_DFFER.$proc$/home/leonardo/miniconda3/envs/digital/bin/../share/yosys/ice40/cells_sim.v:662$208'.
Found async reset \S in `\SB_DFFS.$proc$/home/leonardo/miniconda3/envs/digital/bin/../share/yosys/ice40/cells_sim.v:527$198'.
Found async reset \R in `\SB_DFFR.$proc$/home/leonardo/miniconda3/envs/digital/bin/../share/yosys/ice40/cells_sim.v:406$192'.

2.3.6. Executing PROC_ROM pass (convert switches to ROMs).
Converted 0 switches.

2.3.7. Executing PROC_MUX pass (convert decision trees to multiplexers).
Creating decoders for process `\SB_DFFNES.$proc$/home/leonardo/miniconda3/envs/digital/bin/../share/yosys/ice40/cells_sim.v:0$260'.
Creating decoders for process `\SB_DFFNES.$proc$/home/leonardo/miniconda3/envs/digital/bin/../share/yosys/ice40/cells_sim.v:1414$257'.
     1/1: $0\Q[0:0]
Creating decoders for process `\SB_DFFNESS.$proc$/home/leonardo/miniconda3/envs/digital/bin/../share/yosys/ice40/cells_sim.v:0$256'.
Creating decoders for process `\SB_DFFNESS.$proc$/home/leonardo/miniconda3/envs/digital/bin/../share/yosys/ice40/cells_sim.v:1353$250'.
     1/1: $0\Q[0:0]
Creating decoders for process `\SB_DFFNER.$proc$/home/leonardo/miniconda3/envs/digital/bin/../share/yosys/ice40/cells_sim.v:0$249'.
Creating decoders for process `\SB_DFFNER.$proc$/home/leonardo/miniconda3/envs/digital/bin/../share/yosys/ice40/cells_sim.v:1273$246'.
     1/1: $0\Q[0:0]
Creating decoders for process `\SB_DFFNESR.$proc$/home/leonardo/miniconda3/envs/digital/bin/../share/yosys/ice40/cells_sim.v:0$245'.
Creating decoders for process `\SB_DFFNESR.$proc$/home/leonardo/miniconda3/envs/digital/bin/../share/yosys/ice40/cells_sim.v:1212$239'.
     1/1: $0\Q[0:0]
Creating decoders for process `\SB_DFFNS.$proc$/home/leonardo/miniconda3/envs/digital/bin/../share/yosys/ice40/cells_sim.v:0$238'.
Creating decoders for process `\SB_DFFNS.$proc$/home/leonardo/miniconda3/envs/digital/bin/../share/yosys/ice40/cells_sim.v:1138$236'.
     1/1: $0\Q[0:0]
Creating decoders for process `\SB_DFFNSS.$proc$/home/leonardo/miniconda3/envs/digital/bin/../share/yosys/ice40/cells_sim.v:0$235'.
Creating decoders for process `\SB_DFFNSS.$proc$/home/leonardo/miniconda3/envs/digital/bin/../share/yosys/ice40/cells_sim.v:1088$233'.
     1/1: $0\Q[0:0]
Creating decoders for process `\SB_DFFNR.$proc$/home/leonardo/miniconda3/envs/digital/bin/../share/yosys/ice40/cells_sim.v:0$232'.
Creating decoders for process `\SB_DFFNR.$proc$/home/leonardo/miniconda3/envs/digital/bin/../share/yosys/ice40/cells_sim.v:1017$230'.
     1/1: $0\Q[0:0]
Creating decoders for process `\SB_DFFNSR.$proc$/home/leonardo/miniconda3/envs/digital/bin/../share/yosys/ice40/cells_sim.v:0$229'.
Creating decoders for process `\SB_DFFNSR.$proc$/home/leonardo/miniconda3/envs/digital/bin/../share/yosys/ice40/cells_sim.v:967$227'.
     1/1: $0\Q[0:0]
Creating decoders for process `\SB_DFFNE.$proc$/home/leonardo/miniconda3/envs/digital/bin/../share/yosys/ice40/cells_sim.v:0$226'.
Creating decoders for process `\SB_DFFNE.$proc$/home/leonardo/miniconda3/envs/digital/bin/../share/yosys/ice40/cells_sim.v:922$225'.
     1/1: $0\Q[0:0]
Creating decoders for process `\SB_DFFN.$proc$/home/leonardo/miniconda3/envs/digital/bin/../share/yosys/ice40/cells_sim.v:0$224'.
Creating decoders for process `\SB_DFFN.$proc$/home/leonardo/miniconda3/envs/digital/bin/../share/yosys/ice40/cells_sim.v:882$223'.
Creating decoders for process `\SB_DFFES.$proc$/home/leonardo/miniconda3/envs/digital/bin/../share/yosys/ice40/cells_sim.v:0$222'.
Creating decoders for process `\SB_DFFES.$proc$/home/leonardo/miniconda3/envs/digital/bin/../share/yosys/ice40/cells_sim.v:803$219'.
     1/1: $0\Q[0:0]
Creating decoders for process `\SB_DFFESS.$proc$/home/leonardo/miniconda3/envs/digital/bin/../share/yosys/ice40/cells_sim.v:0$218'.
Creating decoders for process `\SB_DFFESS.$proc$/home/leonardo/miniconda3/envs/digital/bin/../share/yosys/ice40/cells_sim.v:742$212'.
     1/1: $0\Q[0:0]
Creating decoders for process `\SB_DFFER.$proc$/home/leonardo/miniconda3/envs/digital/bin/../share/yosys/ice40/cells_sim.v:0$211'.
Creating decoders for process `\SB_DFFER.$proc$/home/leonardo/miniconda3/envs/digital/bin/../share/yosys/ice40/cells_sim.v:662$208'.
     1/1: $0\Q[0:0]
Creating decoders for process `\SB_DFFESR.$proc$/home/leonardo/miniconda3/envs/digital/bin/../share/yosys/ice40/cells_sim.v:0$207'.
Creating decoders for process `\SB_DFFESR.$proc$/home/leonardo/miniconda3/envs/digital/bin/../share/yosys/ice40/cells_sim.v:601$201'.
     1/1: $0\Q[0:0]
Creating decoders for process `\SB_DFFS.$proc$/home/leonardo/miniconda3/envs/digital/bin/../share/yosys/ice40/cells_sim.v:0$200'.
Creating decoders for process `\SB_DFFS.$proc$/home/leonardo/miniconda3/envs/digital/bin/../share/yosys/ice40/cells_sim.v:527$198'.
     1/1: $0\Q[0:0]
Creating decoders for process `\SB_DFFSS.$proc$/home/leonardo/miniconda3/envs/digital/bin/../share/yosys/ice40/cells_sim.v:0$197'.
Creating decoders for process `\SB_DFFSS.$proc$/home/leonardo/miniconda3/envs/digital/bin/../share/yosys/ice40/cells_sim.v:477$195'.
     1/1: $0\Q[0:0]
Creating decoders for process `\SB_DFFR.$proc$/home/leonardo/miniconda3/envs/digital/bin/../share/yosys/ice40/cells_sim.v:0$194'.
Creating decoders for process `\SB_DFFR.$proc$/home/leonardo/miniconda3/envs/digital/bin/../share/yosys/ice40/cells_sim.v:406$192'.
     1/1: $0\Q[0:0]
Creating decoders for process `\SB_DFFSR.$proc$/home/leonardo/miniconda3/envs/digital/bin/../share/yosys/ice40/cells_sim.v:0$191'.
Creating decoders for process `\SB_DFFSR.$proc$/home/leonardo/miniconda3/envs/digital/bin/../share/yosys/ice40/cells_sim.v:356$189'.
     1/1: $0\Q[0:0]
Creating decoders for process `\SB_DFFE.$proc$/home/leonardo/miniconda3/envs/digital/bin/../share/yosys/ice40/cells_sim.v:0$188'.
Creating decoders for process `\SB_DFFE.$proc$/home/leonardo/miniconda3/envs/digital/bin/../share/yosys/ice40/cells_sim.v:311$187'.
     1/1: $0\Q[0:0]
Creating decoders for process `\SB_DFF.$proc$/home/leonardo/miniconda3/envs/digital/bin/../share/yosys/ice40/cells_sim.v:0$186'.
Creating decoders for process `\SB_DFF.$proc$/home/leonardo/miniconda3/envs/digital/bin/../share/yosys/ice40/cells_sim.v:271$185'.
Creating decoders for process `\dpram.$proc$dpram.v:44$4'.
     1/7: $2$memwr$\ram$dpram.v:48$1_EN[15:0]$13
     2/7: $2$memwr$\ram$dpram.v:48$1_DATA[15:0]$12
     3/7: $2$memwr$\ram$dpram.v:48$1_ADDR[12:0]$11
     4/7: $1$memwr$\ram$dpram.v:48$1_EN[15:0]$10
     5/7: $1$memwr$\ram$dpram.v:48$1_DATA[15:0]$9
     6/7: $1$memwr$\ram$dpram.v:48$1_ADDR[12:0]$8
     7/7: $0\dat_a_out[15:0]
Creating decoders for process `\dpram.$proc$dpram.v:34$2'.
     1/1: $0\dat_b[15:0]

2.3.8. Executing PROC_DLATCH pass (convert process syncs to latches).

2.3.9. Executing PROC_DFF pass (convert process syncs to FFs).
Creating register for signal `\SB_DFFNES.\Q' using process `\SB_DFFNES.$proc$/home/leonardo/miniconda3/envs/digital/bin/../share/yosys/ice40/cells_sim.v:1414$257'.
  created $adff cell `$procdff$478' with negative edge clock and positive level reset.
Creating register for signal `\SB_DFFNESS.\Q' using process `\SB_DFFNESS.$proc$/home/leonardo/miniconda3/envs/digital/bin/../share/yosys/ice40/cells_sim.v:1353$250'.
  created $dff cell `$procdff$479' with negative edge clock.
Creating register for signal `\SB_DFFNER.\Q' using process `\SB_DFFNER.$proc$/home/leonardo/miniconda3/envs/digital/bin/../share/yosys/ice40/cells_sim.v:1273$246'.
  created $adff cell `$procdff$480' with negative edge clock and positive level reset.
Creating register for signal `\SB_DFFNESR.\Q' using process `\SB_DFFNESR.$proc$/home/leonardo/miniconda3/envs/digital/bin/../share/yosys/ice40/cells_sim.v:1212$239'.
  created $dff cell `$procdff$481' with negative edge clock.
Creating register for signal `\SB_DFFNS.\Q' using process `\SB_DFFNS.$proc$/home/leonardo/miniconda3/envs/digital/bin/../share/yosys/ice40/cells_sim.v:1138$236'.
  created $adff cell `$procdff$482' with negative edge clock and positive level reset.
Creating register for signal `\SB_DFFNSS.\Q' using process `\SB_DFFNSS.$proc$/home/leonardo/miniconda3/envs/digital/bin/../share/yosys/ice40/cells_sim.v:1088$233'.
  created $dff cell `$procdff$483' with negative edge clock.
Creating register for signal `\SB_DFFNR.\Q' using process `\SB_DFFNR.$proc$/home/leonardo/miniconda3/envs/digital/bin/../share/yosys/ice40/cells_sim.v:1017$230'.
  created $adff cell `$procdff$484' with negative edge clock and positive level reset.
Creating register for signal `\SB_DFFNSR.\Q' using process `\SB_DFFNSR.$proc$/home/leonardo/miniconda3/envs/digital/bin/../share/yosys/ice40/cells_sim.v:967$227'.
  created $dff cell `$procdff$485' with negative edge clock.
Creating register for signal `\SB_DFFNE.\Q' using process `\SB_DFFNE.$proc$/home/leonardo/miniconda3/envs/digital/bin/../share/yosys/ice40/cells_sim.v:922$225'.
  created $dff cell `$procdff$486' with negative edge clock.
Creating register for signal `\SB_DFFN.\Q' using process `\SB_DFFN.$proc$/home/leonardo/miniconda3/envs/digital/bin/../share/yosys/ice40/cells_sim.v:882$223'.
  created $dff cell `$procdff$487' with negative edge clock.
Creating register for signal `\SB_DFFES.\Q' using process `\SB_DFFES.$proc$/home/leonardo/miniconda3/envs/digital/bin/../share/yosys/ice40/cells_sim.v:803$219'.
  created $adff cell `$procdff$488' with positive edge clock and positive level reset.
Creating register for signal `\SB_DFFESS.\Q' using process `\SB_DFFESS.$proc$/home/leonardo/miniconda3/envs/digital/bin/../share/yosys/ice40/cells_sim.v:742$212'.
  created $dff cell `$procdff$489' with positive edge clock.
Creating register for signal `\SB_DFFER.\Q' using process `\SB_DFFER.$proc$/home/leonardo/miniconda3/envs/digital/bin/../share/yosys/ice40/cells_sim.v:662$208'.
  created $adff cell `$procdff$490' with positive edge clock and positive level reset.
Creating register for signal `\SB_DFFESR.\Q' using process `\SB_DFFESR.$proc$/home/leonardo/miniconda3/envs/digital/bin/../share/yosys/ice40/cells_sim.v:601$201'.
  created $dff cell `$procdff$491' with positive edge clock.
Creating register for signal `\SB_DFFS.\Q' using process `\SB_DFFS.$proc$/home/leonardo/miniconda3/envs/digital/bin/../share/yosys/ice40/cells_sim.v:527$198'.
  created $adff cell `$procdff$492' with positive edge clock and positive level reset.
Creating register for signal `\SB_DFFSS.\Q' using process `\SB_DFFSS.$proc$/home/leonardo/miniconda3/envs/digital/bin/../share/yosys/ice40/cells_sim.v:477$195'.
  created $dff cell `$procdff$493' with positive edge clock.
Creating register for signal `\SB_DFFR.\Q' using process `\SB_DFFR.$proc$/home/leonardo/miniconda3/envs/digital/bin/../share/yosys/ice40/cells_sim.v:406$192'.
  created $adff cell `$procdff$494' with positive edge clock and positive level reset.
Creating register for signal `\SB_DFFSR.\Q' using process `\SB_DFFSR.$proc$/home/leonardo/miniconda3/envs/digital/bin/../share/yosys/ice40/cells_sim.v:356$189'.
  created $dff cell `$procdff$495' with positive edge clock.
Creating register for signal `\SB_DFFE.\Q' using process `\SB_DFFE.$proc$/home/leonardo/miniconda3/envs/digital/bin/../share/yosys/ice40/cells_sim.v:311$187'.
  created $dff cell `$procdff$496' with positive edge clock.
Creating register for signal `\SB_DFF.\Q' using process `\SB_DFF.$proc$/home/leonardo/miniconda3/envs/digital/bin/../share/yosys/ice40/cells_sim.v:271$185'.
  created $dff cell `$procdff$497' with positive edge clock.
Creating register for signal `\dpram.\dat_a_out' using process `\dpram.$proc$dpram.v:44$4'.
  created $dff cell `$procdff$498' with positive edge clock.
Creating register for signal `\dpram.$memwr$\ram$dpram.v:48$1_ADDR' using process `\dpram.$proc$dpram.v:44$4'.
  created $dff cell `$procdff$499' with positive edge clock.
Creating register for signal `\dpram.$memwr$\ram$dpram.v:48$1_DATA' using process `\dpram.$proc$dpram.v:44$4'.
  created $dff cell `$procdff$500' with positive edge clock.
Creating register for signal `\dpram.$memwr$\ram$dpram.v:48$1_EN' using process `\dpram.$proc$dpram.v:44$4'.
  created $dff cell `$procdff$501' with positive edge clock.
Creating register for signal `\dpram.\dat_b' using process `\dpram.$proc$dpram.v:34$2'.
  created $dff cell `$procdff$502' with positive edge clock.

2.3.10. Executing PROC_MEMWR pass (convert process memory writes to cells).

2.3.11. Executing PROC_CLEAN pass (remove empty switches from decision trees).
Removing empty process `SB_DFFNES.$proc$/home/leonardo/miniconda3/envs/digital/bin/../share/yosys/ice40/cells_sim.v:0$260'.
Found and cleaned up 1 empty switch in `\SB_DFFNES.$proc$/home/leonardo/miniconda3/envs/digital/bin/../share/yosys/ice40/cells_sim.v:1414$257'.
Removing empty process `SB_DFFNES.$proc$/home/leonardo/miniconda3/envs/digital/bin/../share/yosys/ice40/cells_sim.v:1414$257'.
Removing empty process `SB_DFFNESS.$proc$/home/leonardo/miniconda3/envs/digital/bin/../share/yosys/ice40/cells_sim.v:0$256'.
Found and cleaned up 2 empty switches in `\SB_DFFNESS.$proc$/home/leonardo/miniconda3/envs/digital/bin/../share/yosys/ice40/cells_sim.v:1353$250'.
Removing empty process `SB_DFFNESS.$proc$/home/leonardo/miniconda3/envs/digital/bin/../share/yosys/ice40/cells_sim.v:1353$250'.
Removing empty process `SB_DFFNER.$proc$/home/leonardo/miniconda3/envs/digital/bin/../share/yosys/ice40/cells_sim.v:0$249'.
Found and cleaned up 1 empty switch in `\SB_DFFNER.$proc$/home/leonardo/miniconda3/envs/digital/bin/../share/yosys/ice40/cells_sim.v:1273$246'.
Removing empty process `SB_DFFNER.$proc$/home/leonardo/miniconda3/envs/digital/bin/../share/yosys/ice40/cells_sim.v:1273$246'.
Removing empty process `SB_DFFNESR.$proc$/home/leonardo/miniconda3/envs/digital/bin/../share/yosys/ice40/cells_sim.v:0$245'.
Found and cleaned up 2 empty switches in `\SB_DFFNESR.$proc$/home/leonardo/miniconda3/envs/digital/bin/../share/yosys/ice40/cells_sim.v:1212$239'.
Removing empty process `SB_DFFNESR.$proc$/home/leonardo/miniconda3/envs/digital/bin/../share/yosys/ice40/cells_sim.v:1212$239'.
Removing empty process `SB_DFFNS.$proc$/home/leonardo/miniconda3/envs/digital/bin/../share/yosys/ice40/cells_sim.v:0$238'.
Removing empty process `SB_DFFNS.$proc$/home/leonardo/miniconda3/envs/digital/bin/../share/yosys/ice40/cells_sim.v:1138$236'.
Removing empty process `SB_DFFNSS.$proc$/home/leonardo/miniconda3/envs/digital/bin/../share/yosys/ice40/cells_sim.v:0$235'.
Found and cleaned up 1 empty switch in `\SB_DFFNSS.$proc$/home/leonardo/miniconda3/envs/digital/bin/../share/yosys/ice40/cells_sim.v:1088$233'.
Removing empty process `SB_DFFNSS.$proc$/home/leonardo/miniconda3/envs/digital/bin/../share/yosys/ice40/cells_sim.v:1088$233'.
Removing empty process `SB_DFFNR.$proc$/home/leonardo/miniconda3/envs/digital/bin/../share/yosys/ice40/cells_sim.v:0$232'.
Removing empty process `SB_DFFNR.$proc$/home/leonardo/miniconda3/envs/digital/bin/../share/yosys/ice40/cells_sim.v:1017$230'.
Removing empty process `SB_DFFNSR.$proc$/home/leonardo/miniconda3/envs/digital/bin/../share/yosys/ice40/cells_sim.v:0$229'.
Found and cleaned up 1 empty switch in `\SB_DFFNSR.$proc$/home/leonardo/miniconda3/envs/digital/bin/../share/yosys/ice40/cells_sim.v:967$227'.
Removing empty process `SB_DFFNSR.$proc$/home/leonardo/miniconda3/envs/digital/bin/../share/yosys/ice40/cells_sim.v:967$227'.
Removing empty process `SB_DFFNE.$proc$/home/leonardo/miniconda3/envs/digital/bin/../share/yosys/ice40/cells_sim.v:0$226'.
Found and cleaned up 1 empty switch in `\SB_DFFNE.$proc$/home/leonardo/miniconda3/envs/digital/bin/../share/yosys/ice40/cells_sim.v:922$225'.
Removing empty process `SB_DFFNE.$proc$/home/leonardo/miniconda3/envs/digital/bin/../share/yosys/ice40/cells_sim.v:922$225'.
Removing empty process `SB_DFFN.$proc$/home/leonardo/miniconda3/envs/digital/bin/../share/yosys/ice40/cells_sim.v:0$224'.
Removing empty process `SB_DFFN.$proc$/home/leonardo/miniconda3/envs/digital/bin/../share/yosys/ice40/cells_sim.v:882$223'.
Removing empty process `SB_DFFES.$proc$/home/leonardo/miniconda3/envs/digital/bin/../share/yosys/ice40/cells_sim.v:0$222'.
Found and cleaned up 1 empty switch in `\SB_DFFES.$proc$/home/leonardo/miniconda3/envs/digital/bin/../share/yosys/ice40/cells_sim.v:803$219'.
Removing empty process `SB_DFFES.$proc$/home/leonardo/miniconda3/envs/digital/bin/../share/yosys/ice40/cells_sim.v:803$219'.
Removing empty process `SB_DFFESS.$proc$/home/leonardo/miniconda3/envs/digital/bin/../share/yosys/ice40/cells_sim.v:0$218'.
Found and cleaned up 2 empty switches in `\SB_DFFESS.$proc$/home/leonardo/miniconda3/envs/digital/bin/../share/yosys/ice40/cells_sim.v:742$212'.
Removing empty process `SB_DFFESS.$proc$/home/leonardo/miniconda3/envs/digital/bin/../share/yosys/ice40/cells_sim.v:742$212'.
Removing empty process `SB_DFFER.$proc$/home/leonardo/miniconda3/envs/digital/bin/../share/yosys/ice40/cells_sim.v:0$211'.
Found and cleaned up 1 empty switch in `\SB_DFFER.$proc$/home/leonardo/miniconda3/envs/digital/bin/../share/yosys/ice40/cells_sim.v:662$208'.
Removing empty process `SB_DFFER.$proc$/home/leonardo/miniconda3/envs/digital/bin/../share/yosys/ice40/cells_sim.v:662$208'.
Removing empty process `SB_DFFESR.$proc$/home/leonardo/miniconda3/envs/digital/bin/../share/yosys/ice40/cells_sim.v:0$207'.
Found and cleaned up 2 empty switches in `\SB_DFFESR.$proc$/home/leonardo/miniconda3/envs/digital/bin/../share/yosys/ice40/cells_sim.v:601$201'.
Removing empty process `SB_DFFESR.$proc$/home/leonardo/miniconda3/envs/digital/bin/../share/yosys/ice40/cells_sim.v:601$201'.
Removing empty process `SB_DFFS.$proc$/home/leonardo/miniconda3/envs/digital/bin/../share/yosys/ice40/cells_sim.v:0$200'.
Removing empty process `SB_DFFS.$proc$/home/leonardo/miniconda3/envs/digital/bin/../share/yosys/ice40/cells_sim.v:527$198'.
Removing empty process `SB_DFFSS.$proc$/home/leonardo/miniconda3/envs/digital/bin/../share/yosys/ice40/cells_sim.v:0$197'.
Found and cleaned up 1 empty switch in `\SB_DFFSS.$proc$/home/leonardo/miniconda3/envs/digital/bin/../share/yosys/ice40/cells_sim.v:477$195'.
Removing empty process `SB_DFFSS.$proc$/home/leonardo/miniconda3/envs/digital/bin/../share/yosys/ice40/cells_sim.v:477$195'.
Removing empty process `SB_DFFR.$proc$/home/leonardo/miniconda3/envs/digital/bin/../share/yosys/ice40/cells_sim.v:0$194'.
Removing empty process `SB_DFFR.$proc$/home/leonardo/miniconda3/envs/digital/bin/../share/yosys/ice40/cells_sim.v:406$192'.
Removing empty process `SB_DFFSR.$proc$/home/leonardo/miniconda3/envs/digital/bin/../share/yosys/ice40/cells_sim.v:0$191'.
Found and cleaned up 1 empty switch in `\SB_DFFSR.$proc$/home/leonardo/miniconda3/envs/digital/bin/../share/yosys/ice40/cells_sim.v:356$189'.
Removing empty process `SB_DFFSR.$proc$/home/leonardo/miniconda3/envs/digital/bin/../share/yosys/ice40/cells_sim.v:356$189'.
Removing empty process `SB_DFFE.$proc$/home/leonardo/miniconda3/envs/digital/bin/../share/yosys/ice40/cells_sim.v:0$188'.
Found and cleaned up 1 empty switch in `\SB_DFFE.$proc$/home/leonardo/miniconda3/envs/digital/bin/../share/yosys/ice40/cells_sim.v:311$187'.
Removing empty process `SB_DFFE.$proc$/home/leonardo/miniconda3/envs/digital/bin/../share/yosys/ice40/cells_sim.v:311$187'.
Removing empty process `SB_DFF.$proc$/home/leonardo/miniconda3/envs/digital/bin/../share/yosys/ice40/cells_sim.v:0$186'.
Removing empty process `SB_DFF.$proc$/home/leonardo/miniconda3/envs/digital/bin/../share/yosys/ice40/cells_sim.v:271$185'.
Found and cleaned up 2 empty switches in `\dpram.$proc$dpram.v:44$4'.
Removing empty process `dpram.$proc$dpram.v:44$4'.
Found and cleaned up 2 empty switches in `\dpram.$proc$dpram.v:34$2'.
Removing empty process `dpram.$proc$dpram.v:34$2'.
Cleaned up 22 empty switches.

2.3.12. Executing OPT_EXPR pass (perform const folding).
Optimizing module dpram.

2.4. Executing FLATTEN pass (flatten design).

2.5. Executing TRIBUF pass.

2.6. Executing DEMINOUT pass (demote inout ports to input or output).

2.7. Executing OPT_EXPR pass (perform const folding).
Optimizing module dpram.

2.8. Executing OPT_CLEAN pass (remove unused cells and wires).
Finding unused cells or wires in module \dpram..
Removed 3 unused cells and 27 unused wires.

2.9. Executing CHECK pass (checking for obvious problems).
Checking module dpram...
Found and reported 0 problems.

2.10. Executing OPT pass (performing simple optimizations).

2.10.1. Executing OPT_EXPR pass (perform const folding).
Optimizing module dpram.

2.10.2. Executing OPT_MERGE pass (detect identical cells).
Finding identical cells in module `\dpram'.
Removed a total of 0 cells.

2.10.3. Executing OPT_MUXTREE pass (detect dead branches in mux trees).
Running muxtree optimizer on module \dpram..
  Creating internal representation of mux trees.
  Evaluating internal representation of mux trees.
  Analyzing evaluation results.
    dead port 2/2 on $mux $procmux$445.
    dead port 2/2 on $mux $procmux$451.
    dead port 2/2 on $mux $procmux$457.
Removed 3 multiplexer ports.

2.10.4. Executing OPT_REDUCE pass (consolidate $*mux and $reduce_* inputs).
  Optimizing cells in module \dpram.
    Consolidated identical input bits for $mux cell $procmux$443:
      Old ports: A=16'0000000000000000, B=16'1111111111111111, Y=$procmux$443_Y
      New ports: A=1'0, B=1'1, Y=$procmux$443_Y [0]
      New connections: $procmux$443_Y [15:1] = { $procmux$443_Y [0] $procmux$443_Y [0] $procmux$443_Y [0] $procmux$443_Y [0] $procmux$443_Y [0] $procmux$443_Y [0] $procmux$443_Y [0] $procmux$443_Y [0] $procmux$443_Y [0] $procmux$443_Y [0] $procmux$443_Y [0] $procmux$443_Y [0] $procmux$443_Y [0] $procmux$443_Y [0] $procmux$443_Y [0] }
  Optimizing cells in module \dpram.
    Consolidated identical input bits for $mux cell $procmux$460:
      Old ports: A=16'0000000000000000, B=$2$memwr$\ram$dpram.v:48$1_EN[15:0]$13, Y=$0$memwr$\ram$dpram.v:48$1_EN[15:0]$7
      New ports: A=1'0, B=$procmux$443_Y [0], Y=$0$memwr$\ram$dpram.v:48$1_EN[15:0]$7 [0]
      New connections: $0$memwr$\ram$dpram.v:48$1_EN[15:0]$7 [15:1] = { $0$memwr$\ram$dpram.v:48$1_EN[15:0]$7 [0] $0$memwr$\ram$dpram.v:48$1_EN[15:0]$7 [0] $0$memwr$\ram$dpram.v:48$1_EN[15:0]$7 [0] $0$memwr$\ram$dpram.v:48$1_EN[15:0]$7 [0] $0$memwr$\ram$dpram.v:48$1_EN[15:0]$7 [0] $0$memwr$\ram$dpram.v:48$1_EN[15:0]$7 [0] $0$memwr$\ram$dpram.v:48$1_EN[15:0]$7 [0] $0$memwr$\ram$dpram.v:48$1_EN[15:0]$7 [0] $0$memwr$\ram$dpram.v:48$1_EN[15:0]$7 [0] $0$memwr$\ram$dpram.v:48$1_EN[15:0]$7 [0] $0$memwr$\ram$dpram.v:48$1_EN[15:0]$7 [0] $0$memwr$\ram$dpram.v:48$1_EN[15:0]$7 [0] $0$memwr$\ram$dpram.v:48$1_EN[15:0]$7 [0] $0$memwr$\ram$dpram.v:48$1_EN[15:0]$7 [0] $0$memwr$\ram$dpram.v:48$1_EN[15:0]$7 [0] }
  Optimizing cells in module \dpram.
Performed a total of 2 changes.

2.10.5. Executing OPT_MERGE pass (detect identical cells).
Finding identical cells in module `\dpram'.
Removed a total of 0 cells.

2.10.6. Executing OPT_DFF pass (perform DFF optimizations).

2.10.7. Executing OPT_CLEAN pass (remove unused cells and wires).
Finding unused cells or wires in module \dpram..
Removed 0 unused cells and 3 unused wires.

2.10.8. Executing OPT_EXPR pass (perform const folding).
Optimizing module dpram.

2.10.9. Rerunning OPT passes. (Maybe there is more to do..)

2.10.10. Executing OPT_MUXTREE pass (detect dead branches in mux trees).
Running muxtree optimizer on module \dpram..
  Creating internal representation of mux trees.
  Evaluating internal representation of mux trees.
  Analyzing evaluation results.
Removed 0 multiplexer ports.

2.10.11. Executing OPT_REDUCE pass (consolidate $*mux and $reduce_* inputs).
  Optimizing cells in module \dpram.
Performed a total of 0 changes.

2.10.12. Executing OPT_MERGE pass (detect identical cells).
Finding identical cells in module `\dpram'.
Removed a total of 0 cells.

2.10.13. Executing OPT_DFF pass (perform DFF optimizations).

2.10.14. Executing OPT_CLEAN pass (remove unused cells and wires).
Finding unused cells or wires in module \dpram..

2.10.15. Executing OPT_EXPR pass (perform const folding).
Optimizing module dpram.

2.10.16. Finished OPT passes. (There is nothing left to do.)

2.11. Executing FSM pass (extract and optimize FSM).

2.11.1. Executing FSM_DETECT pass (finding FSMs in design).

2.11.2. Executing FSM_EXTRACT pass (extracting FSM from design).

2.11.3. Executing FSM_OPT pass (simple optimizations of FSMs).

2.11.4. Executing OPT_CLEAN pass (remove unused cells and wires).
Finding unused cells or wires in module \dpram..

2.11.5. Executing FSM_OPT pass (simple optimizations of FSMs).

2.11.6. Executing FSM_RECODE pass (re-assigning FSM state encoding).

2.11.7. Executing FSM_INFO pass (dumping all available information on FSM cells).

2.11.8. Executing FSM_MAP pass (mapping FSMs to basic logic).

2.12. Executing OPT pass (performing simple optimizations).

2.12.1. Executing OPT_EXPR pass (perform const folding).
Optimizing module dpram.

2.12.2. Executing OPT_MERGE pass (detect identical cells).
Finding identical cells in module `\dpram'.
Removed a total of 0 cells.

2.12.3. Executing OPT_MUXTREE pass (detect dead branches in mux trees).
Running muxtree optimizer on module \dpram..
  Creating internal representation of mux trees.
  Evaluating internal representation of mux trees.
  Analyzing evaluation results.
Removed 0 multiplexer ports.

2.12.4. Executing OPT_REDUCE pass (consolidate $*mux and $reduce_* inputs).
  Optimizing cells in module \dpram.
Performed a total of 0 changes.

2.12.5. Executing OPT_MERGE pass (detect identical cells).
Finding identical cells in module `\dpram'.
Removed a total of 0 cells.

2.12.6. Executing OPT_DFF pass (perform DFF optimizations).
Adding EN signal on $procdff$502 ($dff) from module dpram (D = $memrd$\ram$dpram.v:38$3_DATA, Q = \dat_b).
Adding EN signal on $procdff$498 ($dff) from module dpram (D = $memrd$\ram$dpram.v:49$14_DATA, Q = \dat_a_out).

2.12.7. Executing OPT_CLEAN pass (remove unused cells and wires).
Finding unused cells or wires in module \dpram..
Removed 4 unused cells and 4 unused wires.

2.12.8. Executing OPT_EXPR pass (perform const folding).
Optimizing module dpram.

2.12.9. Rerunning OPT passes. (Maybe there is more to do..)

2.12.10. Executing OPT_MUXTREE pass (detect dead branches in mux trees).
Running muxtree optimizer on module \dpram..
  Creating internal representation of mux trees.
  Evaluating internal representation of mux trees.
  Analyzing evaluation results.
Removed 0 multiplexer ports.

2.12.11. Executing OPT_REDUCE pass (consolidate $*mux and $reduce_* inputs).
  Optimizing cells in module \dpram.
Performed a total of 0 changes.

2.12.12. Executing OPT_MERGE pass (detect identical cells).
Finding identical cells in module `\dpram'.
Removed a total of 0 cells.

2.12.13. Executing OPT_DFF pass (perform DFF optimizations).

2.12.14. Executing OPT_CLEAN pass (remove unused cells and wires).
Finding unused cells or wires in module \dpram..

2.12.15. Executing OPT_EXPR pass (perform const folding).
Optimizing module dpram.

2.12.16. Finished OPT passes. (There is nothing left to do.)

2.13. Executing WREDUCE pass (reducing word size of cells).
Removed top 1 address bits (of 13) from memory init port dpram.$auto$proc_memwr.cc:45:proc_memwr$503 (ram).
Removed top 20 address bits (of 32) from memory init port dpram.$meminit$\ram$dpram.v:0$15 (ram).
Removed top 1 address bits (of 13) from memory read port dpram.$memrd$\ram$dpram.v:38$3 (ram).
Removed top 1 address bits (of 13) from memory read port dpram.$memrd$\ram$dpram.v:49$14 (ram).
Removed top 1 bits (of 13) from mux cell dpram.$procmux$466 ($mux).
Removed top 1 bits (of 13) from mux cell dpram.$procmux$455 ($mux).
Removed top 1 bits (of 13) from wire dpram.$0$memwr$\ram$dpram.v:48$1_ADDR[12:0]$5.
Removed top 1 bits (of 13) from wire dpram.$2$memwr$\ram$dpram.v:48$1_ADDR[12:0]$11.

2.14. Executing PEEPOPT pass (run peephole optimizers).

2.15. Executing OPT_CLEAN pass (remove unused cells and wires).
Finding unused cells or wires in module \dpram..
Removed 0 unused cells and 2 unused wires.

2.16. Executing SHARE pass (SAT-based resource sharing).

2.17. Executing TECHMAP pass (map to technology primitives).

2.17.1. Executing Verilog-2005 frontend: /home/leonardo/miniconda3/envs/digital/bin/../share/yosys/cmp2lut.v
Parsing Verilog input from `/home/leonardo/miniconda3/envs/digital/bin/../share/yosys/cmp2lut.v' to AST representation.
Generating RTLIL representation for module `\_90_lut_cmp_'.
Successfully finished Verilog frontend.

2.17.2. Continuing TECHMAP pass.
No more expansions possible.

2.18. Executing OPT_EXPR pass (perform const folding).
Optimizing module dpram.

2.19. Executing OPT_CLEAN pass (remove unused cells and wires).
Finding unused cells or wires in module \dpram..

2.20. Executing ALUMACC pass (create $alu and $macc cells).
Extracting $alu and $macc cells in module dpram:
  created 0 $alu and 0 $macc cells.

2.21. Executing OPT pass (performing simple optimizations).

2.21.1. Executing OPT_EXPR pass (perform const folding).
Optimizing module dpram.

2.21.2. Executing OPT_MERGE pass (detect identical cells).
Finding identical cells in module `\dpram'.
Removed a total of 0 cells.

2.21.3. Executing OPT_MUXTREE pass (detect dead branches in mux trees).
Running muxtree optimizer on module \dpram..
  Creating internal representation of mux trees.
  Evaluating internal representation of mux trees.
  Analyzing evaluation results.
Removed 0 multiplexer ports.

2.21.4. Executing OPT_REDUCE pass (consolidate $*mux and $reduce_* inputs).
  Optimizing cells in module \dpram.
Performed a total of 0 changes.

2.21.5. Executing OPT_MERGE pass (detect identical cells).
Finding identical cells in module `\dpram'.
Removed a total of 0 cells.

2.21.6. Executing OPT_DFF pass (perform DFF optimizations).

2.21.7. Executing OPT_CLEAN pass (remove unused cells and wires).
Finding unused cells or wires in module \dpram..

2.21.8. Executing OPT_EXPR pass (perform const folding).
Optimizing module dpram.

2.21.9. Finished OPT passes. (There is nothing left to do.)

2.22. Executing MEMORY pass.

2.22.1. Executing OPT_MEM pass (optimize memories).
Performed a total of 0 transformations.

2.22.2. Executing OPT_MEM_PRIORITY pass (removing unnecessary memory write priority relations).
Performed a total of 0 transformations.

2.22.3. Executing OPT_MEM_FEEDBACK pass (finding memory read-to-write feedback paths).
  Analyzing dpram.ram write port 0.

2.22.4. Executing MEMORY_BMUX2ROM pass (converting muxes to ROMs).

2.22.5. Executing MEMORY_DFF pass (merging $dff cells to $memrd).
Checking read port `\ram'[0] in module `\dpram': merging output FF to cell.
    Write port 0: don't care on collision.
Checking read port `\ram'[1] in module `\dpram': merging output FF to cell.

2.22.6. Executing OPT_CLEAN pass (remove unused cells and wires).
Finding unused cells or wires in module \dpram..
Removed 2 unused cells and 34 unused wires.

2.22.7. Executing MEMORY_SHARE pass (consolidating $memrd/$memwr cells).
Consolidating read ports of memory dpram.ram by address:

2.22.8. Executing OPT_MEM_WIDEN pass (optimize memories where all ports are wide).
Performed a total of 0 transformations.

2.22.9. Executing OPT_CLEAN pass (remove unused cells and wires).
Finding unused cells or wires in module \dpram..

2.22.10. Executing MEMORY_COLLECT pass (generating $mem cells).

2.23. Executing OPT_CLEAN pass (remove unused cells and wires).
Finding unused cells or wires in module \dpram..

2.24. Executing MEMORY_LIBMAP pass (mapping memories to cells).
mapping memory dpram.ram via $__ICE40_RAM4K_

2.25. Executing TECHMAP pass (map to technology primitives).

2.25.1. Executing Verilog-2005 frontend: /home/leonardo/miniconda3/envs/digital/bin/../share/yosys/ice40/brams_map.v
Parsing Verilog input from `/home/leonardo/miniconda3/envs/digital/bin/../share/yosys/ice40/brams_map.v' to AST representation.
Generating RTLIL representation for module `\$__ICE40_RAM4K_'.
Successfully finished Verilog frontend.

2.25.2. Executing Verilog-2005 frontend: /home/leonardo/miniconda3/envs/digital/bin/../share/yosys/ice40/spram_map.v
Parsing Verilog input from `/home/leonardo/miniconda3/envs/digital/bin/../share/yosys/ice40/spram_map.v' to AST representation.
Generating RTLIL representation for module `\$__ICE40_SPRAM_'.
Successfully finished Verilog frontend.

2.25.3. Continuing TECHMAP pass.
Using template $paramod$2f2c451e8fd970cfca26cfb585bc43892ca5dc94\$__ICE40_RAM4K_ for cells of type $__ICE40_RAM4K_.
Using template $paramod$a9f0d201db34bbd42f514840294926835cdba13f\$__ICE40_RAM4K_ for cells of type $__ICE40_RAM4K_.
Using template $paramod$51ec0c5b8311b0d4ccd77867cfebe4bcd12744d5\$__ICE40_RAM4K_ for cells of type $__ICE40_RAM4K_.
Using template $paramod$3cd2a0feac7e532210bec189b58a4c13d6c5ecc2\$__ICE40_RAM4K_ for cells of type $__ICE40_RAM4K_.
Using template $paramod$12ba0c96b98d0a58852bdcc3445e6e1c7f8ed91b\$__ICE40_RAM4K_ for cells of type $__ICE40_RAM4K_.
Using template $paramod$4a8c6d1700213536e849f5128da45222ffbbba8b\$__ICE40_RAM4K_ for cells of type $__ICE40_RAM4K_.
Using template $paramod$3576ef889ac3e85f87564590e46f7fc6bb736f4a\$__ICE40_RAM4K_ for cells of type $__ICE40_RAM4K_.
Using template $paramod$0266c60a815f5cba1e2ddfa00d027df158b86790\$__ICE40_RAM4K_ for cells of type $__ICE40_RAM4K_.
Using template $paramod$bc55c1ec911e79008c93c044a301ccf17188c98e\$__ICE40_RAM4K_ for cells of type $__ICE40_RAM4K_.
No more expansions possible.

2.26. Executing ICE40_BRAMINIT pass.

2.27. Executing OPT pass (performing simple optimizations).

2.27.1. Executing OPT_EXPR pass (perform const folding).
Optimizing module dpram.

2.27.2. Executing OPT_MERGE pass (detect identical cells).
Finding identical cells in module `\dpram'.
Removed a total of 1 cells.

2.27.3. Executing OPT_DFF pass (perform DFF optimizations).

2.27.4. Executing OPT_CLEAN pass (remove unused cells and wires).
Finding unused cells or wires in module \dpram..
Removed 0 unused cells and 454 unused wires.

2.27.5. Finished fast OPT passes.

2.28. Executing MEMORY_MAP pass (converting memories to logic and flip-flops).

2.29. Executing OPT pass (performing simple optimizations).

2.29.1. Executing OPT_EXPR pass (perform const folding).
Optimizing module dpram.

2.29.2. Executing OPT_MERGE pass (detect identical cells).
Finding identical cells in module `\dpram'.
Removed a total of 0 cells.

2.29.3. Executing OPT_MUXTREE pass (detect dead branches in mux trees).
Running muxtree optimizer on module \dpram..
  Creating internal representation of mux trees.
  Evaluating internal representation of mux trees.
  Analyzing evaluation results.
Removed 0 multiplexer ports.

2.29.4. Executing OPT_REDUCE pass (consolidate $*mux and $reduce_* inputs).
  Optimizing cells in module \dpram.
  Optimizing cells in module \dpram.
Performed a total of 2 changes.

2.29.5. Executing OPT_MERGE pass (detect identical cells).
Finding identical cells in module `\dpram'.
Removed a total of 0 cells.

2.29.6. Executing OPT_DFF pass (perform DFF optimizations).

2.29.7. Executing OPT_CLEAN pass (remove unused cells and wires).
Finding unused cells or wires in module \dpram..

2.29.8. Executing OPT_EXPR pass (perform const folding).
Optimizing module dpram.

2.29.9. Rerunning OPT passes. (Maybe there is more to do..)

2.29.10. Executing OPT_MUXTREE pass (detect dead branches in mux trees).
Running muxtree optimizer on module \dpram..
  Creating internal representation of mux trees.
  Evaluating internal representation of mux trees.
  Analyzing evaluation results.
Removed 0 multiplexer ports.

2.29.11. Executing OPT_REDUCE pass (consolidate $*mux and $reduce_* inputs).
  Optimizing cells in module \dpram.
Performed a total of 0 changes.

2.29.12. Executing OPT_MERGE pass (detect identical cells).
Finding identical cells in module `\dpram'.
Removed a total of 0 cells.

2.29.13. Executing OPT_DFF pass (perform DFF optimizations).

2.29.14. Executing OPT_CLEAN pass (remove unused cells and wires).
Finding unused cells or wires in module \dpram..

2.29.15. Executing OPT_EXPR pass (perform const folding).
Optimizing module dpram.

2.29.16. Finished OPT passes. (There is nothing left to do.)

2.30. Executing ICE40_WRAPCARRY pass (wrap carries).

2.31. Executing TECHMAP pass (map to technology primitives).

2.31.1. Executing Verilog-2005 frontend: /home/leonardo/miniconda3/envs/digital/bin/../share/yosys/techmap.v
Parsing Verilog input from `/home/leonardo/miniconda3/envs/digital/bin/../share/yosys/techmap.v' to AST representation.
Generating RTLIL representation for module `\_90_simplemap_bool_ops'.
Generating RTLIL representation for module `\_90_simplemap_reduce_ops'.
Generating RTLIL representation for module `\_90_simplemap_logic_ops'.
Generating RTLIL representation for module `\_90_simplemap_compare_ops'.
Generating RTLIL representation for module `\_90_simplemap_various'.
Generating RTLIL representation for module `\_90_simplemap_registers'.
Generating RTLIL representation for module `\_90_shift_ops_shr_shl_sshl_sshr'.
Generating RTLIL representation for module `\_90_shift_shiftx'.
Generating RTLIL representation for module `\_90_fa'.
Generating RTLIL representation for module `\_90_lcu'.
Generating RTLIL representation for module `\_90_alu'.
Generating RTLIL representation for module `\_90_macc'.
Generating RTLIL representation for module `\_90_alumacc'.
Generating RTLIL representation for module `\$__div_mod_u'.
Generating RTLIL representation for module `\$__div_mod_trunc'.
Generating RTLIL representation for module `\_90_div'.
Generating RTLIL representation for module `\_90_mod'.
Generating RTLIL representation for module `\$__div_mod_floor'.
Generating RTLIL representation for module `\_90_divfloor'.
Generating RTLIL representation for module `\_90_modfloor'.
Generating RTLIL representation for module `\_90_pow'.
Generating RTLIL representation for module `\_90_pmux'.
Generating RTLIL representation for module `\_90_demux'.
Generating RTLIL representation for module `\_90_lut'.
Successfully finished Verilog frontend.

2.31.2. Executing Verilog-2005 frontend: /home/leonardo/miniconda3/envs/digital/bin/../share/yosys/ice40/arith_map.v
Parsing Verilog input from `/home/leonardo/miniconda3/envs/digital/bin/../share/yosys/ice40/arith_map.v' to AST representation.
Generating RTLIL representation for module `\_80_ice40_alu'.
Successfully finished Verilog frontend.

2.31.3. Continuing TECHMAP pass.
Using extmapper simplemap for cells of type $mux.
Using extmapper simplemap for cells of type $dffe.
Using extmapper simplemap for cells of type $reduce_and.
Using extmapper simplemap for cells of type $not.
Using template $paramod$824a2ca00d29d886599434cf8ea60471635f2955\_90_demux for cells of type $demux.
Using extmapper simplemap for cells of type $pos.
No more expansions possible.

2.32. Executing OPT pass (performing simple optimizations).

2.32.1. Executing OPT_EXPR pass (perform const folding).
Optimizing module dpram.

2.32.2. Executing OPT_MERGE pass (detect identical cells).
Finding identical cells in module `\dpram'.
Removed a total of 0 cells.

2.32.3. Executing OPT_DFF pass (perform DFF optimizations).

2.32.4. Executing OPT_CLEAN pass (remove unused cells and wires).
Finding unused cells or wires in module \dpram..
Removed 0 unused cells and 9 unused wires.

2.32.5. Finished fast OPT passes.

2.33. Executing ICE40_OPT pass (performing simple optimizations).

2.33.1. Running ICE40 specific optimizations.

2.33.2. Executing OPT_EXPR pass (perform const folding).
Optimizing module dpram.

2.33.3. Executing OPT_MERGE pass (detect identical cells).
Finding identical cells in module `\dpram'.
Removed a total of 0 cells.

2.33.4. Executing OPT_DFF pass (perform DFF optimizations).

2.33.5. Executing OPT_CLEAN pass (remove unused cells and wires).
Finding unused cells or wires in module \dpram..

2.33.6. Finished OPT passes. (There is nothing left to do.)

2.34. Executing DFFLEGALIZE pass (convert FFs to types supported by the target).

2.35. Executing TECHMAP pass (map to technology primitives).

2.35.1. Executing Verilog-2005 frontend: /home/leonardo/miniconda3/envs/digital/bin/../share/yosys/ice40/ff_map.v
Parsing Verilog input from `/home/leonardo/miniconda3/envs/digital/bin/../share/yosys/ice40/ff_map.v' to AST representation.
Generating RTLIL representation for module `\$_DFF_N_'.
Generating RTLIL representation for module `\$_DFF_P_'.
Generating RTLIL representation for module `\$_DFFE_NP_'.
Generating RTLIL representation for module `\$_DFFE_PP_'.
Generating RTLIL representation for module `\$_DFF_NP0_'.
Generating RTLIL representation for module `\$_DFF_NP1_'.
Generating RTLIL representation for module `\$_DFF_PP0_'.
Generating RTLIL representation for module `\$_DFF_PP1_'.
Generating RTLIL representation for module `\$_DFFE_NP0P_'.
Generating RTLIL representation for module `\$_DFFE_NP1P_'.
Generating RTLIL representation for module `\$_DFFE_PP0P_'.
Generating RTLIL representation for module `\$_DFFE_PP1P_'.
Generating RTLIL representation for module `\$_SDFF_NP0_'.
Generating RTLIL representation for module `\$_SDFF_NP1_'.
Generating RTLIL representation for module `\$_SDFF_PP0_'.
Generating RTLIL representation for module `\$_SDFF_PP1_'.
Generating RTLIL representation for module `\$_SDFFCE_NP0P_'.
Generating RTLIL representation for module `\$_SDFFCE_NP1P_'.
Generating RTLIL representation for module `\$_SDFFCE_PP0P_'.
Generating RTLIL representation for module `\$_SDFFCE_PP1P_'.
Successfully finished Verilog frontend.

2.35.2. Continuing TECHMAP pass.
Using template \$_DFFE_PP_ for cells of type $_DFFE_PP_.
No more expansions possible.

2.36. Executing OPT_EXPR pass (perform const folding).
Optimizing module dpram.

2.37. Executing SIMPLEMAP pass (map simple cells to gate primitives).

2.38. Executing ICE40_OPT pass (performing simple optimizations).

2.38.1. Running ICE40 specific optimizations.

2.38.2. Executing OPT_EXPR pass (perform const folding).
Optimizing module dpram.

2.38.3. Executing OPT_MERGE pass (detect identical cells).
Finding identical cells in module `\dpram'.
Removed a total of 0 cells.

2.38.4. Executing OPT_DFF pass (perform DFF optimizations).

2.38.5. Executing OPT_CLEAN pass (remove unused cells and wires).
Finding unused cells or wires in module \dpram..
Removed 0 unused cells and 10 unused wires.

2.38.6. Rerunning OPT passes. (Removed registers in this run.)

2.38.7. Running ICE40 specific optimizations.

2.38.8. Executing OPT_EXPR pass (perform const folding).
Optimizing module dpram.

2.38.9. Executing OPT_MERGE pass (detect identical cells).
Finding identical cells in module `\dpram'.
Removed a total of 0 cells.

2.38.10. Executing OPT_DFF pass (perform DFF optimizations).

2.38.11. Executing OPT_CLEAN pass (remove unused cells and wires).
Finding unused cells or wires in module \dpram..

2.38.12. Finished OPT passes. (There is nothing left to do.)

2.39. Executing TECHMAP pass (map to technology primitives).

2.39.1. Executing Verilog-2005 frontend: /home/leonardo/miniconda3/envs/digital/bin/../share/yosys/ice40/latches_map.v
Parsing Verilog input from `/home/leonardo/miniconda3/envs/digital/bin/../share/yosys/ice40/latches_map.v' to AST representation.
Generating RTLIL representation for module `\$_DLATCH_N_'.
Generating RTLIL representation for module `\$_DLATCH_P_'.
Successfully finished Verilog frontend.

2.39.2. Continuing TECHMAP pass.
No more expansions possible.

2.40. Executing ABC pass (technology mapping using ABC).

2.40.1. Extracting gate netlist of module `\dpram' to `<abc-temp-dir>/input.blif'..
Extracted 38 gates and 110 wires to a netlist network with 71 inputs and 36 outputs.

2.40.1.1. Executing ABC.
Running ABC command: "<yosys-exe-dir>/yosys-abc" -s -f <abc-temp-dir>/abc.script 2>&1
ABC: ABC command line: "source <abc-temp-dir>/abc.script".
ABC: 
ABC: + read_blif <abc-temp-dir>/input.blif 
ABC: + read_lut <abc-temp-dir>/lutdefs.txt 
ABC: + strash 
ABC: + &get -n 
ABC: + &fraig -x 
ABC: + &put 
ABC: + scorr 
ABC: Warning: The network is combinational (run "fraig" or "fraig_sweep").
ABC: + dc2 
ABC: + dretime 
ABC: + strash 
ABC: + dch -f 
ABC: + if 
ABC: + mfs2 
ABC: + lutpack -S 1 
ABC: + dress <abc-temp-dir>/input.blif 
ABC: Total number of equiv classes                =      37.
ABC: Participating nodes from both networks       =      73.
ABC: Participating nodes from the first network   =      36. (  97.30 % of nodes)
ABC: Participating nodes from the second network  =      37. ( 100.00 % of nodes)
ABC: Node pairs (any polarity)                    =      36. (  97.30 % of names can be moved)
ABC: Node pairs (same polarity)                   =      36. (  97.30 % of names can be moved)
ABC: Total runtime =     0.00 sec
ABC: + write_blif <abc-temp-dir>/output.blif 

2.40.1.2. Re-integrating ABC results.
ABC RESULTS:              $lut cells:       36
ABC RESULTS:        internal signals:        3
ABC RESULTS:           input signals:       71
ABC RESULTS:          output signals:       36
Removing temp directory.

2.41. Executing ICE40_WRAPCARRY pass (wrap carries).

2.42. Executing TECHMAP pass (map to technology primitives).

2.42.1. Executing Verilog-2005 frontend: /home/leonardo/miniconda3/envs/digital/bin/../share/yosys/ice40/ff_map.v
Parsing Verilog input from `/home/leonardo/miniconda3/envs/digital/bin/../share/yosys/ice40/ff_map.v' to AST representation.
Generating RTLIL representation for module `\$_DFF_N_'.
Generating RTLIL representation for module `\$_DFF_P_'.
Generating RTLIL representation for module `\$_DFFE_NP_'.
Generating RTLIL representation for module `\$_DFFE_PP_'.
Generating RTLIL representation for module `\$_DFF_NP0_'.
Generating RTLIL representation for module `\$_DFF_NP1_'.
Generating RTLIL representation for module `\$_DFF_PP0_'.
Generating RTLIL representation for module `\$_DFF_PP1_'.
Generating RTLIL representation for module `\$_DFFE_NP0P_'.
Generating RTLIL representation for module `\$_DFFE_NP1P_'.
Generating RTLIL representation for module `\$_DFFE_PP0P_'.
Generating RTLIL representation for module `\$_DFFE_PP1P_'.
Generating RTLIL representation for module `\$_SDFF_NP0_'.
Generating RTLIL representation for module `\$_SDFF_NP1_'.
Generating RTLIL representation for module `\$_SDFF_PP0_'.
Generating RTLIL representation for module `\$_SDFF_PP1_'.
Generating RTLIL representation for module `\$_SDFFCE_NP0P_'.
Generating RTLIL representation for module `\$_SDFFCE_NP1P_'.
Generating RTLIL representation for module `\$_SDFFCE_PP0P_'.
Generating RTLIL representation for module `\$_SDFFCE_PP1P_'.
Successfully finished Verilog frontend.

2.42.2. Continuing TECHMAP pass.
No more expansions possible.
Removed 0 unused cells and 49 unused wires.

2.43. Executing OPT_LUT pass (optimize LUTs).
Discovering LUTs.
Number of LUTs:       36
  2-LUT                2
  3-LUT               34
  with \SB_CARRY    (#0)    0
  with \SB_CARRY    (#1)    0

Eliminating LUTs.
Number of LUTs:       36
  2-LUT                2
  3-LUT               34
  with \SB_CARRY    (#0)    0
  with \SB_CARRY    (#1)    0

Combining LUTs.
Number of LUTs:       36
  2-LUT                2
  3-LUT               34
  with \SB_CARRY    (#0)    0
  with \SB_CARRY    (#1)    0

Eliminated 0 LUTs.
Combined 0 LUTs.

2.44. Executing TECHMAP pass (map to technology primitives).

2.44.1. Executing Verilog-2005 frontend: /home/leonardo/miniconda3/envs/digital/bin/../share/yosys/ice40/cells_map.v
Parsing Verilog input from `/home/leonardo/miniconda3/envs/digital/bin/../share/yosys/ice40/cells_map.v' to AST representation.
Generating RTLIL representation for module `\$lut'.
Successfully finished Verilog frontend.

2.44.2. Continuing TECHMAP pass.
Using template $paramod\$lut\WIDTH=32'00000000000000000000000000000011\LUT=8'11001010 for cells of type $lut.
Using template $paramod\$lut\WIDTH=32'00000000000000000000000000000011\LUT=8'10101100 for cells of type $lut.
Using template $paramod\$lut\WIDTH=32'00000000000000000000000000000010\LUT=4'1000 for cells of type $lut.
Using template $paramod\$lut\WIDTH=32'00000000000000000000000000000010\LUT=4'0100 for cells of type $lut.
Using template $paramod\$lut\WIDTH=32'00000000000000000000000000000011\LUT=8'01000000 for cells of type $lut.
Using template $paramod\$lut\WIDTH=32'00000000000000000000000000000011\LUT=8'10000000 for cells of type $lut.
No more expansions possible.
Removed 0 unused cells and 106 unused wires.

2.45. Executing AUTONAME pass.
Renamed 134 objects in module dpram (7 iterations).

2.46. Executing HIERARCHY pass (managing design hierarchy).

2.46.1. Analyzing design hierarchy..
Top module:  \dpram

2.46.2. Analyzing design hierarchy..
Top module:  \dpram
Removed 0 unused modules.

2.47. Printing statistics.

=== dpram ===

   Number of wires:                 78
   Number of wire bits:            692
   Number of public wires:          78
   Number of public wire bits:     692
   Number of memories:               0
   Number of memory bits:            0
   Number of processes:              0
   Number of cells:                 70
     SB_DFFE                         2
     SB_LUT4                        36
     SB_RAM40_4K                    32

2.48. Executing CHECK pass (checking for obvious problems).
Checking module dpram...
Found and reported 0 problems.

3. Executing Verilog backend.

3.1. Executing BMUXMAP pass.

3.2. Executing DEMUXMAP pass.
Dumping module `\dpram'.

End of script. Logfile hash: 693cdddce8, CPU: user 2.48s system 0.01s, MEM: 23.59 MB peak
Yosys 0.33+6 (git sha1 41b34a193, x86_64-conda-linux-gnu-cc 11.2.0 -fvisibility-inlines-hidden -fmessage-length=0 -march=nocona -mtune=haswell -ftree-vectorize -fPIC -fstack-protector-strong -fno-plt -O2 -ffunction-sections -fdebug-prefix-map=/root/conda-eda/conda-eda/workdir/conda-env/conda-bld/yosys_1694128612374/work=/usr/local/src/conda/yosys-0.33_7_g41b34a193 -fdebug-prefix-map=/home/leonardo/miniconda3/envs/digital=/usr/local/src/conda-prefix -fPIC -Os -fno-merge-constants)
Time spent: 81% 7x techmap (2 sec), 10% 13x read_verilog (0 sec), ...
