#! /usr/bin/env bash
exec /home/leonardo/miniconda3/envs/digital/bin/vvp -f "$0" "$@" <<'# EOF'
:ivl_version "13.0 (devel)" "(0_8-6859-gf50cc35d2-dirty)";
:ivl_delay_selection "TYPICAL";
:vpi_time_precision - 12;
:vpi_module "/home/leonardo/miniconda3/envs/digital/lib/ivl/system.vpi";
:vpi_module "/home/leonardo/miniconda3/envs/digital/lib/ivl/vhdl_sys.vpi";
:vpi_module "/home/leonardo/miniconda3/envs/digital/lib/ivl/vhdl_textio.vpi";
:vpi_module "/home/leonardo/miniconda3/envs/digital/lib/ivl/v2005_math.vpi";
:vpi_module "/home/leonardo/miniconda3/envs/digital/lib/ivl/va_math.vpi";
S_0x18f68d90 .scope module, "led_panel_128_TB" "led_panel_128_TB" 2 4;
 .timescale -9 -12;
P_0x18fee9c0 .param/l "PERIOD" 0 2 39, +C4<00000000000000000000000000010100>;
v0x19076a90_0 .net "Led_clk", 0 0, v0x19065be0_0;  1 drivers
v0x19076ba0_0 .net "OE", 0 0, v0x1903d600_0;  1 drivers
v0x19076cb0_0 .net "RGB0", 2 0, v0x190666d0_0;  1 drivers
v0x19076da0_0 .net "RGB1", 2 0, v0x19068b90_0;  1 drivers
v0x19076e90_0 .net "ROW", 4 0, v0x18f85590_0;  1 drivers
v0x19076ff0_0 .var "clk", 0 0;
v0x19077090_0 .net "done", 0 0, v0x19066ab0_0;  1 drivers
v0x19077180_0 .var "init", 0 0;
v0x19077220_0 .net "latch", 0 0, v0x1906c730_0;  1 drivers
v0x19077350_0 .var "rst", 0 0;
v0x190773f0_0 .var "w_address", 13 0;
v0x19077490_0 .var "w_data0", 47 0;
v0x19077530_0 .var "w_data1", 47 0;
S_0x18f689f0 .scope begin, "TEST_CASE" "TEST_CASE" 2 64, 2 64 0, S_0x18f68d90;
 .timescale -9 -12;
S_0x18f68b80 .scope module, "uut" "led_panel_128" 2 21, 3 1 0, S_0x18f68d90;
 .timescale -9 -12;
    .port_info 0 /INPUT 1 "clk";
    .port_info 1 /INPUT 1 "init";
    .port_info 2 /INPUT 1 "rst";
    .port_info 3 /INPUT 48 "w_data0";
    .port_info 4 /INPUT 48 "w_data1";
    .port_info 5 /INPUT 14 "w_address";
    .port_info 6 /INPUT 1 "en_a";
    .port_info 7 /OUTPUT 3 "RGB0";
    .port_info 8 /OUTPUT 3 "RGB1";
    .port_info 9 /OUTPUT 5 "ROW";
    .port_info 10 /OUTPUT 1 "OE";
    .port_info 11 /OUTPUT 1 "latch";
    .port_info 12 /OUTPUT 1 "Led_clk";
    .port_info 13 /OUTPUT 1 "done";
P_0x18f7bb70 .param/l "ROW_width" 0 3 22, +C4<00000000000000000000000000000101>;
P_0x18f7bbb0 .param/str "mem_file_name_B0" 0 3 29, "images/imageB0.hex";
P_0x18f7bbf0 .param/str "mem_file_name_B1" 0 3 30, "images/imageB1.hex";
P_0x18f7bc30 .param/str "mem_file_name_G0" 0 3 27, "images/imageG0.hex";
P_0x18f7bc70 .param/str "mem_file_name_G1" 0 3 28, "images/imageG1.hex";
P_0x18f7bcb0 .param/str "mem_file_name_R0" 0 3 25, "images/imageR0.hex";
P_0x18f7bcf0 .param/str "mem_file_name_R1" 0 3 26, "images/imageR1.hex";
P_0x18f7bd30 .param/l "mem_size" 0 3 23, +C4<00000000000000000001000000000000>;
P_0x18f7bd70 .param/l "mem_width" 0 3 24, +C4<00000000000000000000000000001100>;
P_0x18f7bdb0 .param/l "number_of_bits" 0 3 21, +C4<000000000000000000000000000000000000000000000000000000000000000000000000000001100000000000000000>;
P_0x18f7bdf0 .param/l "slowing_factor" 0 3 20, +C4<00000000000000000000000000000101>;
L_0x1903f140 .functor BUFZ 1, v0x19065be0_0, C4<0>, C4<0>, C4<0>;
L_0x1903d4b0 .functor BUFZ 1, v0x19066ab0_0, C4<0>, C4<0>, C4<0>;
L_0x19010420 .functor NOT 1, L_0x19088e30, C4<0>, C4<0>, C4<0>;
L_0x190168d0 .functor NOT 1, L_0x190895e0, C4<0>, C4<0>, C4<0>;
L_0x190898b0 .functor NOT 1, L_0x1908a160, C4<0>, C4<0>, C4<0>;
v0x19073f70_0 .net "Led_clk", 0 0, v0x19065be0_0;  alias, 1 drivers
v0x19074060_0 .net "OE", 0 0, v0x1903d600_0;  alias, 1 drivers
v0x19074130_0 .net "RGB0", 2 0, v0x190666d0_0;  alias, 1 drivers
v0x19074230_0 .net "RGB1", 2 0, v0x19068b90_0;  alias, 1 drivers
v0x19074300_0 .net "ROW", 4 0, v0x18f85590_0;  alias, 1 drivers
v0x190743a0_0 .net "W_Led_clk", 0 0, L_0x1903f140;  1 drivers
v0x190744d0_0 .net *"_ivl_14", 0 0, L_0x19088e30;  1 drivers
L_0x7b93887865b8 .functor BUFT 1, C4<0>, C4<0>, C4<0>, C4<0>;
v0x19074570_0 .net *"_ivl_24", 0 0, L_0x7b93887865b8;  1 drivers
L_0x7b9388786648 .functor BUFT 1, C4<0>, C4<0>, C4<0>, C4<0>;
v0x19074630_0 .net *"_ivl_37", 0 0, L_0x7b9388786648;  1 drivers
v0x190747a0_0 .net *"_ivl_42", 0 0, L_0x190895e0;  1 drivers
L_0x7b93887866d8 .functor BUFT 1, C4<0>, C4<0>, C4<0>, C4<0>;
v0x19074880_0 .net *"_ivl_52", 0 0, L_0x7b93887866d8;  1 drivers
L_0x7b9388786768 .functor BUFT 1, C4<0>, C4<0>, C4<0>, C4<0>;
v0x19074960_0 .net *"_ivl_65", 0 0, L_0x7b9388786768;  1 drivers
v0x19074a40_0 .net *"_ivl_70", 0 0, L_0x1908a160;  1 drivers
L_0x7b93887867f8 .functor BUFT 1, C4<0>, C4<0>, C4<0>, C4<0>;
v0x19074b20_0 .net *"_ivl_80", 0 0, L_0x7b93887867f8;  1 drivers
L_0x7b9388786528 .functor BUFT 1, C4<0>, C4<0>, C4<0>, C4<0>;
v0x19074c00_0 .net *"_ivl_9", 0 0, L_0x7b9388786528;  1 drivers
v0x19074ce0_0 .net "clk", 0 0, v0x19076ff0_0;  1 drivers
v0x19074d80_0 .net "done", 0 0, v0x19066ab0_0;  alias, 1 drivers
o0x7b93887d1088 .functor BUFZ 1, C4<z>; HiZ drive
v0x19074f60_0 .net "en_a", 0 0, o0x7b93887d1088;  0 drivers
v0x19075000_0 .net "init", 0 0, v0x19077180_0;  1 drivers
v0x190750a0_0 .net "latch", 0 0, v0x1906c730_0;  alias, 1 drivers
v0x19075170_0 .net "rst", 0 0, v0x19077350_0;  1 drivers
v0x19075210_0 .net "w_Address_r", 11 0, v0x1906de20_0;  1 drivers
v0x190752b0_0 .net "w_address", 13 0, v0x190773f0_0;  1 drivers
v0x19075390_0 .net "w_clk_edge_signal", 0 0, v0x19065e80_0;  1 drivers
v0x19075430_0 .net "w_cnfg_reg", 2 0, L_0x190879d0;  1 drivers
v0x190754f0_0 .net "w_cnfig_sd", 0 0, v0x1906c3b0_0;  1 drivers
v0x190755e0_0 .net "w_configdone", 0 0, L_0x19087f60;  1 drivers
v0x190756d0_0 .net "w_data0", 47 0, v0x19077490_0;  1 drivers
v0x190757b0_0 .net "w_data1", 47 0, v0x19077530_0;  1 drivers
v0x19075890_0 .net "w_dataB0", 15 0, v0x1906f420_0;  1 drivers
v0x190759a0_0 .net "w_dataB1", 15 0, v0x19070360_0;  1 drivers
v0x19075ab0_0 .net "w_dataG0", 15 0, v0x19071140_0;  1 drivers
v0x19075bc0_0 .net "w_dataG1", 15 0, v0x19071f10_0;  1 drivers
v0x19075ee0_0 .net "w_dataR0", 15 0, v0x19072cc0_0;  1 drivers
v0x19075ff0_0 .net "w_dataR1", 15 0, v0x19073b50_0;  1 drivers
v0x19076100_0 .net "w_done", 0 0, L_0x1903d4b0;  1 drivers
v0x190761a0_0 .net "w_dt_ld", 0 0, v0x19066bc0_0;  1 drivers
v0x19076240_0 .net "w_en_op", 0 0, v0x19066c80_0;  1 drivers
v0x190762e0_0 .net "w_frame_done", 0 0, L_0x19088770;  1 drivers
v0x19076380_0 .net "w_latch_done", 0 0, v0x1906c7d0_0;  1 drivers
v0x19076420_0 .net "w_ld_cnfg", 0 0, v0x19067180_0;  1 drivers
v0x190764c0_0 .net "w_ltch", 0 0, v0x19067220_0;  1 drivers
v0x190765b0_0 .net "w_pract", 0 0, v0x190672e0_0;  1 drivers
v0x190766a0_0 .net "w_sd_config", 0 0, v0x19067550_0;  1 drivers
v0x19076740_0 .net "w_vsy", 0 0, v0x190678b0_0;  1 drivers
v0x190767e0_0 .net "w_wt", 0 0, v0x19067950_0;  1 drivers
L_0x19088d90 .concat [ 12 1 0 0], v0x1906de20_0, L_0x7b9388786528;
L_0x19088e30 .part v0x190773f0_0, 13, 1;
L_0x19088f70 .part v0x190773f0_0, 0, 13;
L_0x19089010 .part v0x19077490_0, 32, 16;
L_0x19089100 .concat [ 12 1 0 0], v0x1906de20_0, L_0x7b93887865b8;
L_0x190891f0 .part v0x190773f0_0, 13, 1;
L_0x19089360 .part v0x190773f0_0, 0, 13;
L_0x19089400 .part v0x19077530_0, 32, 16;
L_0x190894f0 .concat [ 12 1 0 0], v0x1906de20_0, L_0x7b9388786648;
L_0x190895e0 .part v0x190773f0_0, 13, 1;
L_0x19089740 .part v0x190773f0_0, 0, 13;
L_0x190897e0 .part v0x19077490_0, 16, 16;
L_0x19089920 .concat [ 12 1 0 0], v0x1906de20_0, L_0x7b93887866d8;
L_0x19089a70 .part v0x190773f0_0, 13, 1;
L_0x19089cd0 .part v0x190773f0_0, 0, 13;
L_0x19089da0 .part v0x19077530_0, 16, 16;
L_0x19089f00 .concat [ 12 1 0 0], v0x1906de20_0, L_0x7b9388786768;
L_0x1908a160 .part v0x190773f0_0, 13, 1;
L_0x1908a350 .part v0x190773f0_0, 0, 13;
L_0x1908a3f0 .part v0x19077490_0, 0, 16;
L_0x1908a230 .concat [ 12 1 0 0], v0x1906de20_0, L_0x7b93887867f8;
L_0x1908a5d0 .part v0x190773f0_0, 13, 1;
L_0x1908a760 .part v0x190773f0_0, 0, 13;
L_0x1908a830 .part v0x19077530_0, 0, 16;
S_0x18f68860 .scope module, "Row_dir0" "Row_dir" 3 81, 4 1 0, S_0x18f68b80;
 .timescale -9 -12;
    .port_info 0 /INPUT 1 "clk";
    .port_info 1 /INPUT 1 "rst";
    .port_info 2 /INPUT 1 "vsy";
    .port_info 3 /INPUT 1 "latch_done";
    .port_info 4 /INPUT 1 "flag_for_edge";
    .port_info 5 /INPUT 1 "Led_clk";
    .port_info 6 /OUTPUT 5 "outc";
    .port_info 7 /OUTPUT 1 "OE";
P_0x18fa0ba0 .param/l "MAX" 1 4 14, C4<111111>;
P_0x18fa0be0 .param/l "width" 0 4 2, +C4<00000000000000000000000000000101>;
v0x1903f250_0 .net "Led_clk", 0 0, L_0x1903f140;  alias, 1 drivers
v0x1903d600_0 .var "OE", 0 0;
v0x190395c0_0 .var "OE_cnt", 6 0;
v0x190104f0_0 .net "clk", 0 0, v0x19076ff0_0;  alias, 1 drivers
v0x19016ad0_0 .net "flag_for_edge", 0 0, v0x19065e80_0;  alias, 1 drivers
v0x18fc6f40_0 .net "latch_done", 0 0, v0x1906c7d0_0;  alias, 1 drivers
v0x18f85590_0 .var "outc", 4 0;
v0x190656d0_0 .net "rst", 0 0, v0x19077350_0;  alias, 1 drivers
v0x19065790_0 .var "start_flag", 0 0;
v0x19065850_0 .net "vsy", 0 0, v0x190678b0_0;  alias, 1 drivers
v0x19065910_0 .var "vsy_flag", 0 0;
E_0x18ff3c10 .event negedge, v0x190104f0_0;
S_0x18f69130 .scope module, "clk_div0" "clk_div" 3 60, 5 1 0, S_0x18f68b80;
 .timescale -9 -12;
    .port_info 0 /INPUT 1 "clk";
    .port_info 1 /INPUT 1 "rst";
    .port_info 2 /OUTPUT 1 "Led_clk";
    .port_info 3 /OUTPUT 1 "flag_for_edge";
P_0x19065af0 .param/l "slowing_factor" 0 5 2, +C4<00000000000000000000000000000101>;
v0x19065be0_0 .var "Led_clk", 0 0;
v0x19065cc0_0 .net "clk", 0 0, v0x19076ff0_0;  alias, 1 drivers
v0x19065db0_0 .var "clk_cnt", 15 0;
v0x19065e80_0 .var "flag_for_edge", 0 0;
v0x19065f50_0 .net "rst", 0 0, v0x19077350_0;  alias, 1 drivers
E_0x19053080 .event posedge, v0x190104f0_0;
S_0x19066090 .scope module, "ctrl_lp0" "ctrl_lp128" 3 62, 6 1 0, S_0x18f68b80;
 .timescale -9 -12;
    .port_info 0 /INPUT 1 "clk";
    .port_info 1 /INPUT 1 "Led_clk";
    .port_info 2 /INPUT 1 "flag_for_edge";
    .port_info 3 /INPUT 1 "init";
    .port_info 4 /INPUT 1 "rst";
    .port_info 5 /INPUT 1 "config_done";
    .port_info 6 /INPUT 1 "config_sended";
    .port_info 7 /INPUT 1 "latch_done";
    .port_info 8 /INPUT 1 "frame_done";
    .port_info 9 /OUTPUT 1 "ltch";
    .port_info 10 /OUTPUT 1 "pract";
    .port_info 11 /OUTPUT 1 "en_op";
    .port_info 12 /OUTPUT 1 "vsy";
    .port_info 13 /OUTPUT 1 "ld_cnfg";
    .port_info 14 /OUTPUT 1 "sd_cnfg";
    .port_info 15 /OUTPUT 1 "done";
    .port_info 16 /OUTPUT 1 "dt_ld";
    .port_info 17 /OUTPUT 1 "wt";
P_0x19052930 .param/l "CONFIG_STATE" 0 6 23, C4<0001>;
P_0x19052970 .param/l "DATA_LD" 0 6 26, C4<0100>;
P_0x190529b0 .param/l "EN_OP" 0 6 31, C4<1010>;
P_0x190529f0 .param/l "LATCH" 0 6 28, C4<0111>;
P_0x19052a30 .param/l "PREACTIVE" 0 6 24, C4<0010>;
P_0x19052a70 .param/l "SENDING_CONFIG" 0 6 25, C4<0011>;
P_0x19052ab0 .param/l "START" 0 6 22, C4<0000>;
P_0x19052af0 .param/l "SYNC" 0 6 30, C4<1001>;
P_0x19052b30 .param/l "VSYNC" 0 6 29, C4<1000>;
P_0x19052b70 .param/l "WAIT" 0 6 27, C4<0101>;
v0x19066790_0 .net "Led_clk", 0 0, L_0x1903f140;  alias, 1 drivers
v0x19066880_0 .net "clk", 0 0, v0x19076ff0_0;  alias, 1 drivers
v0x19066970_0 .net "config_done", 0 0, L_0x19087f60;  alias, 1 drivers
v0x19066a10_0 .net "config_sended", 0 0, v0x1906c3b0_0;  alias, 1 drivers
v0x19066ab0_0 .var "done", 0 0;
v0x19066bc0_0 .var "dt_ld", 0 0;
v0x19066c80_0 .var "en_op", 0 0;
v0x19066d40_0 .var "en_op_sended", 0 0;
v0x19066e00_0 .var "first_pract", 0 0;
v0x19066ec0_0 .net "flag_for_edge", 0 0, v0x19065e80_0;  alias, 1 drivers
v0x19066f60_0 .net "frame_done", 0 0, L_0x19088770;  alias, 1 drivers
L_0x7b9388786018 .functor BUFT 1, C4<1>, C4<0>, C4<0>, C4<0>;
v0x19067020_0 .net "init", 0 0, L_0x7b9388786018;  1 drivers
v0x190670e0_0 .net "latch_done", 0 0, v0x1906c7d0_0;  alias, 1 drivers
v0x19067180_0 .var "ld_cnfg", 0 0;
v0x19067220_0 .var "ltch", 0 0;
v0x190672e0_0 .var "pract", 0 0;
v0x190673a0_0 .var "ready_vsync", 0 0;
v0x19067460_0 .net "rst", 0 0, v0x19077350_0;  alias, 1 drivers
v0x19067550_0 .var "sd_cnfg", 0 0;
v0x19067610_0 .var "state", 3 0;
v0x190676f0_0 .var "state_name", 320 1;
v0x190677d0_0 .var "sync_state", 3 0;
v0x190678b0_0 .var "vsy", 0 0;
v0x19067950_0 .var "wt", 0 0;
E_0x19052ef0 .event anyedge, v0x19067610_0;
S_0x19067cd0 .scope module, "data_ctrl0" "data_ctrl" 3 73, 7 1 0, S_0x18f68b80;
 .timescale -9 -12;
    .port_info 0 /INPUT 1 "clk";
    .port_info 1 /INPUT 1 "flag_for_edge";
    .port_info 2 /INPUT 1 "rst";
    .port_info 3 /INPUT 3 "config_register";
    .port_info 4 /INPUT 1 "dt_ld";
    .port_info 5 /INPUT 1 "ld_cnfg";
    .port_info 6 /INPUT 1 "sd_cnfg";
    .port_info 7 /INPUT 1 "done";
    .port_info 8 /INPUT 16 "data_R0";
    .port_info 9 /INPUT 16 "data_G0";
    .port_info 10 /INPUT 16 "data_B0";
    .port_info 11 /INPUT 16 "data_R1";
    .port_info 12 /INPUT 16 "data_G1";
    .port_info 13 /INPUT 16 "data_B1";
    .port_info 14 /OUTPUT 1 "frame_done";
    .port_info 15 /OUTPUT 3 "RGB0";
    .port_info 16 /OUTPUT 3 "RGB1";
P_0x19067eb0 .param/l "DONE" 1 7 38, C4<10>;
P_0x19067ef0 .param/l "SEND" 1 7 38, C4<00>;
P_0x19067f30 .param/l "SHIFT" 1 7 38, C4<01>;
P_0x19067f70 .param/l "config1" 1 7 39, C4<0001111110110000>;
P_0x19067fb0 .param/l "config2" 1 7 39, C4<0000111110110000>;
P_0x19067ff0 .param/l "config2B" 1 7 41, C4<1101011110011100>;
P_0x19068030 .param/l "config2G" 1 7 41, C4<1110011110011100>;
P_0x19068070 .param/l "config2R" 1 7 41, C4<1111001110011100>;
P_0x190680b0 .param/l "config3" 1 7 39, C4<0010000010110110>;
P_0x190680f0 .param/l "config4" 1 7 39, C4<0001101001110000>;
P_0x19068130 .param/l "config5" 1 7 39, C4<0111111000001000>;
P_0x19068170 .param/l "number_of_bits" 0 7 2, +C4<000000000000000000000000000000000000000000000000000000000000000000000000000001100000000000000000>;
L_0x190394f0 .functor AND 1, L_0x19088220, L_0x19088400, C4<1>, C4<1>;
v0x190666d0_0 .var "RGB0", 2 0;
v0x19068b90_0 .var "RGB1", 2 0;
v0x19068c70_0 .net *"_ivl_0", 31 0, L_0x190880a0;  1 drivers
L_0x7b93887862e8 .functor BUFT 1, C4<0000000000000000>, C4<0>, C4<0>, C4<0>;
v0x19068d30_0 .net *"_ivl_11", 15 0, L_0x7b93887862e8;  1 drivers
L_0x7b9388786330 .functor BUFT 1, C4<00000000000000000000111111111111>, C4<0>, C4<0>, C4<0>;
v0x19068e10_0 .net/2u *"_ivl_12", 31 0, L_0x7b9388786330;  1 drivers
v0x19068ef0_0 .net *"_ivl_14", 0 0, L_0x19088400;  1 drivers
v0x19068fb0_0 .net *"_ivl_17", 0 0, L_0x190394f0;  1 drivers
L_0x7b9388786378 .functor BUFT 1, C4<01>, C4<0>, C4<0>, C4<0>;
v0x19069070_0 .net/2s *"_ivl_18", 1 0, L_0x7b9388786378;  1 drivers
L_0x7b93887863c0 .functor BUFT 1, C4<00>, C4<0>, C4<0>, C4<0>;
v0x19069150_0 .net/2s *"_ivl_20", 1 0, L_0x7b93887863c0;  1 drivers
v0x19069230_0 .net *"_ivl_22", 1 0, L_0x190885e0;  1 drivers
L_0x7b9388786258 .functor BUFT 1, C4<00000000000000000000000000>, C4<0>, C4<0>, C4<0>;
v0x19069310_0 .net *"_ivl_3", 25 0, L_0x7b9388786258;  1 drivers
L_0x7b93887862a0 .functor BUFT 1, C4<00000000000000000000000000000001>, C4<0>, C4<0>, C4<0>;
v0x190693f0_0 .net/2u *"_ivl_4", 31 0, L_0x7b93887862a0;  1 drivers
v0x190694d0_0 .net *"_ivl_6", 0 0, L_0x19088220;  1 drivers
v0x19069590_0 .net *"_ivl_8", 31 0, L_0x19088310;  1 drivers
v0x19069670_0 .var "bit_cnt", 5 0;
v0x19069750_0 .net "clk", 0 0, v0x19076ff0_0;  alias, 1 drivers
v0x190697f0_0 .net "config_register", 2 0, L_0x190879d0;  alias, 1 drivers
v0x190699e0_0 .var "config_rep", 3 0;
v0x19069ac0_0 .net "data_B0", 15 0, v0x1906f420_0;  alias, 1 drivers
v0x19069ba0_0 .net "data_B1", 15 0, v0x19070360_0;  alias, 1 drivers
v0x19069c80_0 .net "data_G0", 15 0, v0x19071140_0;  alias, 1 drivers
v0x19069d60_0 .net "data_G1", 15 0, v0x19071f10_0;  alias, 1 drivers
v0x19069e40_0 .net "data_R0", 15 0, v0x19072cc0_0;  alias, 1 drivers
v0x19069f20_0 .net "data_R1", 15 0, v0x19073b50_0;  alias, 1 drivers
v0x1906a000_0 .net "done", 0 0, L_0x1903d4b0;  alias, 1 drivers
v0x1906a0c0_0 .net "dt_ld", 0 0, v0x19066bc0_0;  alias, 1 drivers
v0x1906a160_0 .net "flag_for_edge", 0 0, v0x19065e80_0;  alias, 1 drivers
v0x1906a200_0 .net "frame_done", 0 0, L_0x19088770;  alias, 1 drivers
v0x1906a2d0_0 .var "in_data_B0", 15 0;
v0x1906a370_0 .var "in_data_B1", 15 0;
v0x1906a450_0 .var "in_data_G0", 15 0;
v0x1906a530_0 .var "in_data_G1", 15 0;
v0x1906a610_0 .var "in_data_R0", 15 0;
v0x1906a6f0_0 .var "in_data_R1", 15 0;
v0x1906a7d0_0 .net "ld_cnfg", 0 0, v0x19067180_0;  alias, 1 drivers
v0x1906a8a0_0 .var "pack_cnt", 15 0;
v0x1906a960_0 .net "rst", 0 0, v0x19077350_0;  alias, 1 drivers
v0x1906aa00_0 .net "sd_cnfg", 0 0, v0x19067550_0;  alias, 1 drivers
v0x1906aad0_0 .var "sub_state", 1 0;
v0x1906ab90_0 .var "substate_name", 320 1;
E_0x19052020 .event anyedge, v0x1906aad0_0;
L_0x190880a0 .concat [ 6 26 0 0], v0x19069670_0, L_0x7b9388786258;
L_0x19088220 .cmp/ge 32, L_0x190880a0, L_0x7b93887862a0;
L_0x19088310 .concat [ 16 16 0 0], v0x1906a8a0_0, L_0x7b93887862e8;
L_0x19088400 .cmp/gt 32, L_0x19088310, L_0x7b9388786330;
L_0x190885e0 .functor MUXZ 2, L_0x7b93887863c0, L_0x7b9388786378, L_0x190394f0, C4<>;
L_0x19088770 .part L_0x190885e0, 0, 1;
S_0x19068730 .scope module, "latch_ctrl0" "latch_ctrl" 3 68, 8 1 0, S_0x18f68b80;
 .timescale -9 -12;
    .port_info 0 /INPUT 1 "clk";
    .port_info 1 /INPUT 1 "flag_for_edge";
    .port_info 2 /INPUT 1 "Led_clk";
    .port_info 3 /INPUT 1 "rst";
    .port_info 4 /INPUT 1 "ltch";
    .port_info 5 /INPUT 1 "pract";
    .port_info 6 /INPUT 1 "en_op";
    .port_info 7 /INPUT 1 "vsy";
    .port_info 8 /INPUT 1 "ld_cnfg";
    .port_info 9 /INPUT 1 "sd_cnfg";
    .port_info 10 /INPUT 1 "dt_ld";
    .port_info 11 /INPUT 1 "wt";
    .port_info 12 /INPUT 1 "done";
    .port_info 13 /OUTPUT 1 "latch";
    .port_info 14 /OUTPUT 1 "latch_done";
    .port_info 15 /OUTPUT 1 "config_sended";
    .port_info 16 /OUTPUT 3 "config_register";
    .port_info 17 /OUTPUT 1 "config_done";
v0x1906b2b0_0 .net "Led_clk", 0 0, L_0x1903f140;  alias, 1 drivers
v0x1906b3c0_0 .net *"_ivl_0", 31 0, L_0x190776a0;  1 drivers
v0x1906b4a0_0 .net *"_ivl_10", 31 0, L_0x19087890;  1 drivers
v0x1906b560_0 .net *"_ivl_14", 31 0, L_0x19087ac0;  1 drivers
L_0x7b9388786138 .functor BUFT 1, C4<0000000000000000000000000000>, C4<0>, C4<0>, C4<0>;
v0x1906b640_0 .net *"_ivl_17", 27 0, L_0x7b9388786138;  1 drivers
L_0x7b9388786180 .functor BUFT 1, C4<00000000000000000000000000001100>, C4<0>, C4<0>, C4<0>;
v0x1906b770_0 .net/2u *"_ivl_18", 31 0, L_0x7b9388786180;  1 drivers
v0x1906b850_0 .net *"_ivl_20", 0 0, L_0x19087c50;  1 drivers
L_0x7b93887861c8 .functor BUFT 1, C4<01>, C4<0>, C4<0>, C4<0>;
v0x1906b910_0 .net/2s *"_ivl_22", 1 0, L_0x7b93887861c8;  1 drivers
L_0x7b9388786210 .functor BUFT 1, C4<00>, C4<0>, C4<0>, C4<0>;
v0x1906b9f0_0 .net/2s *"_ivl_24", 1 0, L_0x7b9388786210;  1 drivers
v0x1906bad0_0 .net *"_ivl_26", 1 0, L_0x19087dd0;  1 drivers
L_0x7b9388786060 .functor BUFT 1, C4<0000000000000000000000000000>, C4<0>, C4<0>, C4<0>;
v0x1906bbb0_0 .net *"_ivl_3", 27 0, L_0x7b9388786060;  1 drivers
L_0x7b93887860a8 .functor BUFT 1, C4<00000000000000000000000000000010>, C4<0>, C4<0>, C4<0>;
v0x1906bc90_0 .net/2u *"_ivl_4", 31 0, L_0x7b93887860a8;  1 drivers
v0x1906bd70_0 .net *"_ivl_6", 31 0, L_0x19087750;  1 drivers
L_0x7b93887860f0 .functor BUFT 1, C4<00000000000000000000000000000001>, C4<0>, C4<0>, C4<0>;
v0x1906be50_0 .net/2u *"_ivl_8", 31 0, L_0x7b93887860f0;  1 drivers
v0x1906bf30_0 .var "bit_cnt", 7 0;
v0x1906c010_0 .net "clk", 0 0, v0x19076ff0_0;  alias, 1 drivers
v0x1906c0b0_0 .var "cnt_wh_latch", 7 0;
v0x1906c190_0 .net "config_done", 0 0, L_0x19087f60;  alias, 1 drivers
v0x1906c230_0 .var "config_num", 3 0;
v0x1906c2f0_0 .net "config_register", 2 0, L_0x190879d0;  alias, 1 drivers
v0x1906c3b0_0 .var "config_sended", 0 0;
v0x1906c480_0 .net "done", 0 0, L_0x1903d4b0;  alias, 1 drivers
v0x1906c550_0 .net "dt_ld", 0 0, v0x19066bc0_0;  alias, 1 drivers
v0x1906c5f0_0 .net "en_op", 0 0, v0x19066c80_0;  alias, 1 drivers
v0x1906c690_0 .net "flag_for_edge", 0 0, v0x19065e80_0;  alias, 1 drivers
v0x1906c730_0 .var "latch", 0 0;
v0x1906c7d0_0 .var "latch_done", 0 0;
v0x1906c870_0 .net "ld_cnfg", 0 0, v0x19067180_0;  alias, 1 drivers
v0x1906c910_0 .net "ltch", 0 0, v0x19067220_0;  alias, 1 drivers
v0x1906c9b0_0 .net "pract", 0 0, v0x190672e0_0;  alias, 1 drivers
v0x1906ca50_0 .net "rst", 0 0, v0x19077350_0;  alias, 1 drivers
v0x1906caf0_0 .net "sd_cnfg", 0 0, v0x19067550_0;  alias, 1 drivers
v0x1906cb90_0 .net "vsy", 0 0, v0x190678b0_0;  alias, 1 drivers
v0x1906ce90_0 .net "wt", 0 0, v0x19067950_0;  alias, 1 drivers
E_0x1906b1d0 .event anyedge, v0x1906c0b0_0, v0x1906bf30_0;
E_0x1906b250/0 .event negedge, v0x190104f0_0;
E_0x1906b250/1 .event posedge, v0x190656d0_0;
E_0x1906b250 .event/or E_0x1906b250/0, E_0x1906b250/1;
L_0x190776a0 .concat [ 4 28 0 0], v0x1906c230_0, L_0x7b9388786060;
L_0x19087750 .arith/div 32, L_0x190776a0, L_0x7b93887860a8;
L_0x19087890 .arith/sub 32, L_0x19087750, L_0x7b93887860f0;
L_0x190879d0 .part L_0x19087890, 0, 3;
L_0x19087ac0 .concat [ 4 28 0 0], v0x1906c230_0, L_0x7b9388786138;
L_0x19087c50 .cmp/gt 32, L_0x19087ac0, L_0x7b9388786180;
L_0x19087dd0 .functor MUXZ 2, L_0x7b9388786210, L_0x7b93887861c8, L_0x19087c50, C4<>;
L_0x19087f60 .part L_0x19087dd0, 0, 1;
S_0x1906d150 .scope module, "mem_dir0" "mem_dir" 3 78, 9 1 0, S_0x18f68b80;
 .timescale -9 -12;
    .port_info 0 /INPUT 1 "clk";
    .port_info 1 /INPUT 1 "Led_clk";
    .port_info 2 /INPUT 1 "flag_for_edge";
    .port_info 3 /INPUT 1 "rst";
    .port_info 4 /INPUT 1 "dt_ld";
    .port_info 5 /INPUT 1 "frame_done";
    .port_info 6 /INPUT 1 "done";
    .port_info 7 /OUTPUT 12 "Address";
v0x1906e120_0 .net "Address", 11 0, v0x1906de20_0;  alias, 1 drivers
v0x1906e200_0 .net "Led_clk", 0 0, L_0x1903f140;  alias, 1 drivers
v0x1906e2a0_0 .net "clk", 0 0, v0x19076ff0_0;  alias, 1 drivers
v0x1906e370_0 .var "cnt", 5 0;
v0x1906e410_0 .var "cnt_rst", 0 0;
v0x1906e4b0_0 .net "done", 0 0, L_0x1903d4b0;  alias, 1 drivers
v0x1906e5a0_0 .net "dt_ld", 0 0, v0x19066bc0_0;  alias, 1 drivers
v0x1906e640_0 .net "flag_for_edge", 0 0, v0x19065e80_0;  alias, 1 drivers
v0x1906e6e0_0 .net "frame_done", 0 0, L_0x19088770;  alias, 1 drivers
v0x1906e810_0 .var "inc", 0 0;
v0x1906e8b0_0 .net "rst", 0 0, v0x19077350_0;  alias, 1 drivers
v0x1906e950_0 .var "stream_send", 0 0;
S_0x1906d380 .scope module, "instance_name" "count" 9 49, 10 1 0, S_0x1906d150;
 .timescale -9 -12;
    .port_info 0 /INPUT 1 "clk";
    .port_info 1 /INPUT 1 "rst";
    .port_info 2 /INPUT 1 "inc";
    .port_info 3 /OUTPUT 12 "outc";
    .port_info 4 /OUTPUT 1 "zero";
P_0x1906d580 .param/l "width" 0 10 2, +C4<00000000000000000000000000001011>;
v0x1906aee0_0 .net *"_ivl_0", 31 0, L_0x190888e0;  1 drivers
L_0x7b93887864e0 .functor BUFT 1, C4<00>, C4<0>, C4<0>, C4<0>;
v0x1906d740_0 .net/2s *"_ivl_10", 1 0, L_0x7b93887864e0;  1 drivers
v0x1906d820_0 .net *"_ivl_12", 1 0, L_0x19088b10;  1 drivers
L_0x7b9388786408 .functor BUFT 1, C4<00000000000000000000>, C4<0>, C4<0>, C4<0>;
v0x1906d910_0 .net *"_ivl_3", 19 0, L_0x7b9388786408;  1 drivers
L_0x7b9388786450 .functor BUFT 1, C4<00000000000000000000000000000000>, C4<0>, C4<0>, C4<0>;
v0x1906d9f0_0 .net/2u *"_ivl_4", 31 0, L_0x7b9388786450;  1 drivers
v0x1906db20_0 .net *"_ivl_6", 0 0, L_0x190889d0;  1 drivers
L_0x7b9388786498 .functor BUFT 1, C4<01>, C4<0>, C4<0>, C4<0>;
v0x1906dbe0_0 .net/2s *"_ivl_8", 1 0, L_0x7b9388786498;  1 drivers
v0x1906dcc0_0 .net "clk", 0 0, v0x19076ff0_0;  alias, 1 drivers
v0x1906dd60_0 .net "inc", 0 0, v0x1906e810_0;  1 drivers
v0x1906de20_0 .var "outc", 11 0;
v0x1906df00_0 .net "rst", 0 0, v0x1906e410_0;  1 drivers
v0x1906dfc0_0 .net "zero", 0 0, L_0x19088ca0;  1 drivers
L_0x190888e0 .concat [ 12 20 0 0], v0x1906de20_0, L_0x7b9388786408;
L_0x190889d0 .cmp/eq 32, L_0x190888e0, L_0x7b9388786450;
L_0x19088b10 .functor MUXZ 2, L_0x7b93887864e0, L_0x7b9388786498, L_0x190889d0, C4<>;
L_0x19088ca0 .part L_0x19088b10, 0, 1;
S_0x1906eb20 .scope module, "memoryB0" "memory" 3 101, 11 1 0, S_0x18f68b80;
 .timescale -9 -12;
    .port_info 0 /INPUT 1 "clk";
    .port_info 1 /INPUT 13 "address";
    .port_info 2 /INPUT 1 "rd";
    .port_info 3 /OUTPUT 16 "rdata";
    .port_info 4 /INPUT 1 "we_a";
    .port_info 5 /INPUT 13 "w_address";
    .port_info 6 /INPUT 16 "w_data";
    .port_info 7 /INPUT 1 "en_a";
P_0x19017cd0 .param/str "mem_file_name" 0 11 4, "images/imageB0.hex";
P_0x19017d10 .param/l "size" 0 11 2, +C4<00000000000000000001000000000000>;
P_0x19017d50 .param/l "width" 0 11 3, +C4<00000000000000000000000000001100>;
v0x1906efe0 .array "MEM", 4095 0, 15 0;
v0x1906f0c0_0 .net "address", 12 0, L_0x19089f00;  1 drivers
v0x1906f1a0_0 .net "clk", 0 0, v0x19076ff0_0;  alias, 1 drivers
v0x1906f270_0 .net "en_a", 0 0, o0x7b93887d1088;  alias, 0 drivers
L_0x7b93887867b0 .functor BUFT 1, C4<1>, C4<0>, C4<0>, C4<0>;
v0x1906f310_0 .net "rd", 0 0, L_0x7b93887867b0;  1 drivers
v0x1906f420_0 .var "rdata", 15 0;
v0x1906f4e0_0 .net "w_address", 12 0, L_0x1908a350;  1 drivers
v0x1906f5a0_0 .net "w_data", 15 0, L_0x1908a3f0;  1 drivers
v0x1906f680_0 .net "we_a", 0 0, L_0x190898b0;  1 drivers
S_0x1906f840 .scope module, "memoryB1" "memory" 3 105, 11 1 0, S_0x18f68b80;
 .timescale -9 -12;
    .port_info 0 /INPUT 1 "clk";
    .port_info 1 /INPUT 13 "address";
    .port_info 2 /INPUT 1 "rd";
    .port_info 3 /OUTPUT 16 "rdata";
    .port_info 4 /INPUT 1 "we_a";
    .port_info 5 /INPUT 13 "w_address";
    .port_info 6 /INPUT 16 "w_data";
    .port_info 7 /INPUT 1 "en_a";
P_0x1906f9d0 .param/str "mem_file_name" 0 11 4, "images/imageB1.hex";
P_0x1906fa10 .param/l "size" 0 11 2, +C4<00000000000000000001000000000000>;
P_0x1906fa50 .param/l "width" 0 11 3, +C4<00000000000000000000000000001100>;
v0x1906fe00 .array "MEM", 4095 0, 15 0;
v0x1906fee0_0 .net "address", 12 0, L_0x1908a230;  1 drivers
v0x1906ffc0_0 .net "clk", 0 0, v0x19076ff0_0;  alias, 1 drivers
v0x190701a0_0 .net "en_a", 0 0, o0x7b93887d1088;  alias, 0 drivers
L_0x7b9388786840 .functor BUFT 1, C4<1>, C4<0>, C4<0>, C4<0>;
v0x19070270_0 .net "rd", 0 0, L_0x7b9388786840;  1 drivers
v0x19070360_0 .var "rdata", 15 0;
v0x19070400_0 .net "w_address", 12 0, L_0x1908a760;  1 drivers
v0x190704c0_0 .net "w_data", 15 0, L_0x1908a830;  1 drivers
v0x190705a0_0 .net "we_a", 0 0, L_0x1908a5d0;  1 drivers
S_0x19070760 .scope module, "memoryG0" "memory" 3 93, 11 1 0, S_0x18f68b80;
 .timescale -9 -12;
    .port_info 0 /INPUT 1 "clk";
    .port_info 1 /INPUT 13 "address";
    .port_info 2 /INPUT 1 "rd";
    .port_info 3 /OUTPUT 16 "rdata";
    .port_info 4 /INPUT 1 "we_a";
    .port_info 5 /INPUT 13 "w_address";
    .port_info 6 /INPUT 16 "w_data";
    .port_info 7 /INPUT 1 "en_a";
P_0x190708f0 .param/str "mem_file_name" 0 11 4, "images/imageG0.hex";
P_0x19070930 .param/l "size" 0 11 2, +C4<00000000000000000001000000000000>;
P_0x19070970 .param/l "width" 0 11 3, +C4<00000000000000000000000000001100>;
v0x19070cd0 .array "MEM", 4095 0, 15 0;
v0x19070db0_0 .net "address", 12 0, L_0x190894f0;  1 drivers
v0x19070e90_0 .net "clk", 0 0, v0x19076ff0_0;  alias, 1 drivers
v0x19070f60_0 .net "en_a", 0 0, o0x7b93887d1088;  alias, 0 drivers
L_0x7b9388786690 .functor BUFT 1, C4<1>, C4<0>, C4<0>, C4<0>;
v0x19071050_0 .net "rd", 0 0, L_0x7b9388786690;  1 drivers
v0x19071140_0 .var "rdata", 15 0;
v0x19071200_0 .net "w_address", 12 0, L_0x19089740;  1 drivers
v0x190712c0_0 .net "w_data", 15 0, L_0x190897e0;  1 drivers
v0x190713a0_0 .net "we_a", 0 0, L_0x190168d0;  1 drivers
S_0x19071560 .scope module, "memoryG1" "memory" 3 97, 11 1 0, S_0x18f68b80;
 .timescale -9 -12;
    .port_info 0 /INPUT 1 "clk";
    .port_info 1 /INPUT 13 "address";
    .port_info 2 /INPUT 1 "rd";
    .port_info 3 /OUTPUT 16 "rdata";
    .port_info 4 /INPUT 1 "we_a";
    .port_info 5 /INPUT 13 "w_address";
    .port_info 6 /INPUT 16 "w_data";
    .port_info 7 /INPUT 1 "en_a";
P_0x190716f0 .param/str "mem_file_name" 0 11 4, "images/imageG1.hex";
P_0x19071730 .param/l "size" 0 11 2, +C4<00000000000000000001000000000000>;
P_0x19071770 .param/l "width" 0 11 3, +C4<00000000000000000000000000001100>;
v0x19071af0 .array "MEM", 4095 0, 15 0;
v0x19071bd0_0 .net "address", 12 0, L_0x19089920;  1 drivers
v0x19071cb0_0 .net "clk", 0 0, v0x19076ff0_0;  alias, 1 drivers
v0x19071d80_0 .net "en_a", 0 0, o0x7b93887d1088;  alias, 0 drivers
L_0x7b9388786720 .functor BUFT 1, C4<1>, C4<0>, C4<0>, C4<0>;
v0x19071e20_0 .net "rd", 0 0, L_0x7b9388786720;  1 drivers
v0x19071f10_0 .var "rdata", 15 0;
v0x19071fd0_0 .net "w_address", 12 0, L_0x19089cd0;  1 drivers
v0x19072090_0 .net "w_data", 15 0, L_0x19089da0;  1 drivers
v0x19072170_0 .net "we_a", 0 0, L_0x19089a70;  1 drivers
S_0x19072330 .scope module, "memoryR0" "memory" 3 85, 11 1 0, S_0x18f68b80;
 .timescale -9 -12;
    .port_info 0 /INPUT 1 "clk";
    .port_info 1 /INPUT 13 "address";
    .port_info 2 /INPUT 1 "rd";
    .port_info 3 /OUTPUT 16 "rdata";
    .port_info 4 /INPUT 1 "we_a";
    .port_info 5 /INPUT 13 "w_address";
    .port_info 6 /INPUT 16 "w_data";
    .port_info 7 /INPUT 1 "en_a";
P_0x190724c0 .param/str "mem_file_name" 0 11 4, "images/imageR0.hex";
P_0x19072500 .param/l "size" 0 11 2, +C4<00000000000000000001000000000000>;
P_0x19072540 .param/l "width" 0 11 3, +C4<00000000000000000000000000001100>;
v0x190728f0 .array "MEM", 4095 0, 15 0;
v0x190729d0_0 .net "address", 12 0, L_0x19088d90;  1 drivers
v0x19072ab0_0 .net "clk", 0 0, v0x19076ff0_0;  alias, 1 drivers
v0x19072b80_0 .net "en_a", 0 0, o0x7b93887d1088;  alias, 0 drivers
L_0x7b9388786570 .functor BUFT 1, C4<1>, C4<0>, C4<0>, C4<0>;
v0x19072c20_0 .net "rd", 0 0, L_0x7b9388786570;  1 drivers
v0x19072cc0_0 .var "rdata", 15 0;
v0x19072d80_0 .net "w_address", 12 0, L_0x19088f70;  1 drivers
v0x19072e40_0 .net "w_data", 15 0, L_0x19089010;  1 drivers
v0x19072f20_0 .net "we_a", 0 0, L_0x19010420;  1 drivers
S_0x19073170 .scope module, "memoryR1" "memory" 3 89, 11 1 0, S_0x18f68b80;
 .timescale -9 -12;
    .port_info 0 /INPUT 1 "clk";
    .port_info 1 /INPUT 13 "address";
    .port_info 2 /INPUT 1 "rd";
    .port_info 3 /OUTPUT 16 "rdata";
    .port_info 4 /INPUT 1 "we_a";
    .port_info 5 /INPUT 13 "w_address";
    .port_info 6 /INPUT 16 "w_data";
    .port_info 7 /INPUT 1 "en_a";
P_0x19073300 .param/str "mem_file_name" 0 11 4, "images/imageR1.hex";
P_0x19073340 .param/l "size" 0 11 2, +C4<00000000000000000001000000000000>;
P_0x19073380 .param/l "width" 0 11 3, +C4<00000000000000000000000000001100>;
v0x19073730 .array "MEM", 4095 0, 15 0;
v0x19073810_0 .net "address", 12 0, L_0x19089100;  1 drivers
v0x190738f0_0 .net "clk", 0 0, v0x19076ff0_0;  alias, 1 drivers
v0x190739c0_0 .net "en_a", 0 0, o0x7b93887d1088;  alias, 0 drivers
L_0x7b9388786600 .functor BUFT 1, C4<1>, C4<0>, C4<0>, C4<0>;
v0x19073a60_0 .net "rd", 0 0, L_0x7b9388786600;  1 drivers
v0x19073b50_0 .var "rdata", 15 0;
v0x19073c10_0 .net "w_address", 12 0, L_0x19089360;  1 drivers
v0x19073cd0_0 .net "w_data", 15 0, L_0x19089400;  1 drivers
v0x19073db0_0 .net "we_a", 0 0, L_0x190891f0;  1 drivers
    .scope S_0x18f69130;
T_0 ;
    %wait E_0x19053080;
    %load/vec4 v0x19065f50_0;
    %flag_set/vec4 8;
    %jmp/0xz  T_0.0, 8;
    %pushi/vec4 0, 0, 1;
    %assign/vec4 v0x19065e80_0, 0;
    %pushi/vec4 0, 0, 1;
    %assign/vec4 v0x19065be0_0, 0;
    %pushi/vec4 0, 0, 16;
    %assign/vec4 v0x19065db0_0, 0;
    %jmp T_0.1;
T_0.0 ;
    %load/vec4 v0x19065db0_0;
    %pad/u 32;
    %cmpi/e 5, 0, 32;
    %jmp/0xz  T_0.2, 4;
    %load/vec4 v0x19065be0_0;
    %inv;
    %assign/vec4 v0x19065be0_0, 0;
    %pushi/vec4 0, 0, 1;
    %assign/vec4 v0x19065e80_0, 0;
    %pushi/vec4 0, 0, 16;
    %assign/vec4 v0x19065db0_0, 0;
    %jmp T_0.3;
T_0.2 ;
    %load/vec4 v0x19065db0_0;
    %pad/u 32;
    %cmpi/e 4, 0, 32;
    %jmp/0xz  T_0.4, 4;
    %pushi/vec4 1, 0, 1;
    %store/vec4 v0x19065e80_0, 0, 1;
    %load/vec4 v0x19065db0_0;
    %addi 1, 0, 16;
    %assign/vec4 v0x19065db0_0, 0;
    %jmp T_0.5;
T_0.4 ;
    %load/vec4 v0x19065db0_0;
    %addi 1, 0, 16;
    %assign/vec4 v0x19065db0_0, 0;
    %pushi/vec4 0, 0, 1;
    %assign/vec4 v0x19065e80_0, 0;
T_0.5 ;
T_0.3 ;
T_0.1 ;
    %jmp T_0;
    .thread T_0;
    .scope S_0x19066090;
T_1 ;
    %wait E_0x19053080;
    %load/vec4 v0x19067460_0;
    %flag_set/vec4 8;
    %jmp/0xz  T_1.0, 8;
    %pushi/vec4 9, 0, 4;
    %store/vec4 v0x19067610_0, 0, 4;
    %pushi/vec4 0, 0, 1;
    %store/vec4 v0x19066d40_0, 0, 1;
    %pushi/vec4 1, 0, 1;
    %store/vec4 v0x190673a0_0, 0, 1;
    %pushi/vec4 0, 0, 1;
    %store/vec4 v0x19066e00_0, 0, 1;
    %pushi/vec4 2, 0, 4;
    %assign/vec4 v0x190677d0_0, 0;
    %jmp T_1.1;
T_1.0 ;
    %load/vec4 v0x19067610_0;
    %dup/vec4;
    %pushi/vec4 0, 0, 4;
    %cmp/u;
    %jmp/1 T_1.2, 6;
    %dup/vec4;
    %pushi/vec4 9, 0, 4;
    %cmp/u;
    %jmp/1 T_1.3, 6;
    %dup/vec4;
    %pushi/vec4 1, 0, 4;
    %cmp/u;
    %jmp/1 T_1.4, 6;
    %dup/vec4;
    %pushi/vec4 2, 0, 4;
    %cmp/u;
    %jmp/1 T_1.5, 6;
    %dup/vec4;
    %pushi/vec4 10, 0, 4;
    %cmp/u;
    %jmp/1 T_1.6, 6;
    %dup/vec4;
    %pushi/vec4 3, 0, 4;
    %cmp/u;
    %jmp/1 T_1.7, 6;
    %dup/vec4;
    %pushi/vec4 7, 0, 4;
    %cmp/u;
    %jmp/1 T_1.8, 6;
    %dup/vec4;
    %pushi/vec4 4, 0, 4;
    %cmp/u;
    %jmp/1 T_1.9, 6;
    %dup/vec4;
    %pushi/vec4 5, 0, 4;
    %cmp/u;
    %jmp/1 T_1.10, 6;
    %dup/vec4;
    %pushi/vec4 8, 0, 4;
    %cmp/u;
    %jmp/1 T_1.11, 6;
    %pushi/vec4 0, 0, 4;
    %assign/vec4 v0x19067610_0, 0;
    %jmp T_1.13;
T_1.2 ;
    %load/vec4 v0x19067020_0;
    %flag_set/vec4 8;
    %jmp/0xz  T_1.14, 8;
    %pushi/vec4 9, 0, 4;
    %assign/vec4 v0x19067610_0, 0;
    %pushi/vec4 4, 0, 4;
    %assign/vec4 v0x190677d0_0, 0;
    %pushi/vec4 1, 0, 1;
    %assign/vec4 v0x190673a0_0, 0;
    %jmp T_1.15;
T_1.14 ;
    %pushi/vec4 0, 0, 4;
    %assign/vec4 v0x19067610_0, 0;
T_1.15 ;
    %jmp T_1.13;
T_1.3 ;
    %load/vec4 v0x19066790_0;
    %flag_set/vec4 9;
    %flag_get/vec4 9;
    %jmp/0 T_1.18, 9;
    %load/vec4 v0x19066ec0_0;
    %and;
T_1.18;
    %flag_set/vec4 8;
    %jmp/0xz  T_1.16, 8;
    %load/vec4 v0x190677d0_0;
    %assign/vec4 v0x19067610_0, 0;
    %jmp T_1.17;
T_1.16 ;
    %pushi/vec4 9, 0, 4;
    %assign/vec4 v0x19067610_0, 0;
T_1.17 ;
    %jmp T_1.13;
T_1.4 ;
    %pushi/vec4 3, 0, 4;
    %assign/vec4 v0x19067610_0, 0;
    %jmp T_1.13;
T_1.5 ;
    %pushi/vec4 7, 0, 4;
    %assign/vec4 v0x19067610_0, 0;
    %jmp T_1.13;
T_1.6 ;
    %pushi/vec4 1, 0, 1;
    %assign/vec4 v0x19066d40_0, 0;
    %pushi/vec4 7, 0, 4;
    %assign/vec4 v0x19067610_0, 0;
    %jmp T_1.13;
T_1.7 ;
    %load/vec4 v0x19066970_0;
    %flag_set/vec4 8;
    %jmp/0xz  T_1.19, 8;
    %pushi/vec4 0, 0, 4;
    %assign/vec4 v0x19067610_0, 0;
    %jmp T_1.20;
T_1.19 ;
    %load/vec4 v0x19066a10_0;
    %flag_set/vec4 8;
    %jmp/0xz  T_1.21, 8;
    %pushi/vec4 2, 0, 4;
    %assign/vec4 v0x19067610_0, 0;
    %jmp T_1.22;
T_1.21 ;
    %pushi/vec4 3, 0, 4;
    %assign/vec4 v0x19067610_0, 0;
T_1.22 ;
T_1.20 ;
    %jmp T_1.13;
T_1.8 ;
    %load/vec4 v0x190670e0_0;
    %flag_set/vec4 8;
    %jmp/0xz  T_1.23, 8;
    %load/vec4 v0x19066f60_0;
    %flag_set/vec4 9;
    %flag_get/vec4 9;
    %jmp/0 T_1.27, 9;
    %load/vec4 v0x190673a0_0;
    %and;
T_1.27;
    %flag_set/vec4 8;
    %jmp/0xz  T_1.25, 8;
    %pushi/vec4 8, 0, 4;
    %assign/vec4 v0x19067610_0, 0;
    %jmp T_1.26;
T_1.25 ;
    %load/vec4 v0x19066f60_0;
    %flag_set/vec4 9;
    %flag_get/vec4 9;
    %jmp/0 T_1.30, 9;
    %load/vec4 v0x190673a0_0;
    %nor/r;
    %and;
T_1.30;
    %flag_set/vec4 8;
    %jmp/0xz  T_1.28, 8;
    %pushi/vec4 0, 0, 4;
    %assign/vec4 v0x19067610_0, 0;
    %jmp T_1.29;
T_1.28 ;
    %load/vec4 v0x19066d40_0;
    %nor/r;
    %flag_set/vec4 8;
    %jmp/0xz  T_1.31, 8;
    %pushi/vec4 10, 0, 4;
    %assign/vec4 v0x19067610_0, 0;
    %jmp T_1.32;
T_1.31 ;
    %load/vec4 v0x19066d40_0;
    %flag_set/vec4 9;
    %flag_get/vec4 9;
    %jmp/0 T_1.35, 9;
    %load/vec4 v0x19066e00_0;
    %nor/r;
    %and;
T_1.35;
    %flag_set/vec4 8;
    %jmp/0xz  T_1.33, 8;
    %pushi/vec4 2, 0, 4;
    %assign/vec4 v0x19067610_0, 0;
    %pushi/vec4 1, 0, 1;
    %assign/vec4 v0x19066e00_0, 0;
    %jmp T_1.34;
T_1.33 ;
    %pushi/vec4 1, 0, 4;
    %assign/vec4 v0x19067610_0, 0;
T_1.34 ;
T_1.32 ;
T_1.29 ;
T_1.26 ;
    %jmp T_1.24;
T_1.23 ;
    %pushi/vec4 7, 0, 4;
    %store/vec4 v0x19067610_0, 0, 4;
T_1.24 ;
    %jmp T_1.13;
T_1.9 ;
    %pushi/vec4 5, 0, 4;
    %store/vec4 v0x19067610_0, 0, 4;
    %jmp T_1.13;
T_1.10 ;
    %load/vec4 v0x19066f60_0;
    %flag_set/vec4 8;
    %jmp/0xz  T_1.36, 8;
    %pushi/vec4 8, 0, 4;
    %assign/vec4 v0x19067610_0, 0;
    %pushi/vec4 1, 0, 1;
    %assign/vec4 v0x190673a0_0, 0;
    %jmp T_1.37;
T_1.36 ;
    %pushi/vec4 5, 0, 4;
    %assign/vec4 v0x19067610_0, 0;
T_1.37 ;
    %jmp T_1.13;
T_1.11 ;
    %pushi/vec4 7, 0, 4;
    %assign/vec4 v0x19067610_0, 0;
    %pushi/vec4 0, 0, 1;
    %assign/vec4 v0x190673a0_0, 0;
    %jmp T_1.13;
T_1.13 ;
    %pop/vec4 1;
T_1.1 ;
    %jmp T_1;
    .thread T_1;
    .scope S_0x19066090;
T_2 ;
    %wait E_0x19052ef0;
    %load/vec4 v0x19067610_0;
    %dup/vec4;
    %pushi/vec4 0, 0, 4;
    %cmp/u;
    %jmp/1 T_2.0, 6;
    %dup/vec4;
    %pushi/vec4 1, 0, 4;
    %cmp/u;
    %jmp/1 T_2.1, 6;
    %dup/vec4;
    %pushi/vec4 2, 0, 4;
    %cmp/u;
    %jmp/1 T_2.2, 6;
    %dup/vec4;
    %pushi/vec4 10, 0, 4;
    %cmp/u;
    %jmp/1 T_2.3, 6;
    %dup/vec4;
    %pushi/vec4 3, 0, 4;
    %cmp/u;
    %jmp/1 T_2.4, 6;
    %dup/vec4;
    %pushi/vec4 4, 0, 4;
    %cmp/u;
    %jmp/1 T_2.5, 6;
    %dup/vec4;
    %pushi/vec4 7, 0, 4;
    %cmp/u;
    %jmp/1 T_2.6, 6;
    %dup/vec4;
    %pushi/vec4 8, 0, 4;
    %cmp/u;
    %jmp/1 T_2.7, 6;
    %dup/vec4;
    %pushi/vec4 5, 0, 4;
    %cmp/u;
    %jmp/1 T_2.8, 6;
    %pushi/vec4 0, 0, 1;
    %store/vec4 v0x19067220_0, 0, 1;
    %pushi/vec4 0, 0, 1;
    %store/vec4 v0x190672e0_0, 0, 1;
    %pushi/vec4 0, 0, 1;
    %store/vec4 v0x190678b0_0, 0, 1;
    %pushi/vec4 0, 0, 1;
    %store/vec4 v0x19067180_0, 0, 1;
    %pushi/vec4 0, 0, 1;
    %store/vec4 v0x19067550_0, 0, 1;
    %pushi/vec4 0, 0, 1;
    %store/vec4 v0x19066ab0_0, 0, 1;
    %pushi/vec4 0, 0, 1;
    %store/vec4 v0x19066bc0_0, 0, 1;
    %pushi/vec4 0, 0, 1;
    %store/vec4 v0x19066c80_0, 0, 1;
    %pushi/vec4 0, 0, 1;
    %store/vec4 v0x19067950_0, 0, 1;
    %jmp T_2.10;
T_2.0 ;
    %pushi/vec4 0, 0, 1;
    %store/vec4 v0x19067220_0, 0, 1;
    %pushi/vec4 0, 0, 1;
    %store/vec4 v0x190672e0_0, 0, 1;
    %pushi/vec4 0, 0, 1;
    %store/vec4 v0x190678b0_0, 0, 1;
    %pushi/vec4 0, 0, 1;
    %store/vec4 v0x19067180_0, 0, 1;
    %pushi/vec4 0, 0, 1;
    %store/vec4 v0x19067550_0, 0, 1;
    %pushi/vec4 1, 0, 1;
    %store/vec4 v0x19066ab0_0, 0, 1;
    %pushi/vec4 0, 0, 1;
    %store/vec4 v0x19066bc0_0, 0, 1;
    %pushi/vec4 0, 0, 1;
    %store/vec4 v0x19066c80_0, 0, 1;
    %pushi/vec4 0, 0, 1;
    %store/vec4 v0x19067950_0, 0, 1;
    %jmp T_2.10;
T_2.1 ;
    %pushi/vec4 0, 0, 1;
    %store/vec4 v0x19067220_0, 0, 1;
    %pushi/vec4 0, 0, 1;
    %store/vec4 v0x190672e0_0, 0, 1;
    %pushi/vec4 0, 0, 1;
    %store/vec4 v0x190678b0_0, 0, 1;
    %pushi/vec4 1, 0, 1;
    %store/vec4 v0x19067180_0, 0, 1;
    %pushi/vec4 0, 0, 1;
    %store/vec4 v0x19067550_0, 0, 1;
    %pushi/vec4 0, 0, 1;
    %store/vec4 v0x19066ab0_0, 0, 1;
    %pushi/vec4 0, 0, 1;
    %store/vec4 v0x19066bc0_0, 0, 1;
    %pushi/vec4 0, 0, 1;
    %store/vec4 v0x19066c80_0, 0, 1;
    %pushi/vec4 0, 0, 1;
    %store/vec4 v0x19067950_0, 0, 1;
    %jmp T_2.10;
T_2.2 ;
    %pushi/vec4 0, 0, 1;
    %store/vec4 v0x19067220_0, 0, 1;
    %pushi/vec4 1, 0, 1;
    %store/vec4 v0x190672e0_0, 0, 1;
    %pushi/vec4 0, 0, 1;
    %store/vec4 v0x190678b0_0, 0, 1;
    %pushi/vec4 0, 0, 1;
    %store/vec4 v0x19067180_0, 0, 1;
    %pushi/vec4 0, 0, 1;
    %store/vec4 v0x19067550_0, 0, 1;
    %pushi/vec4 0, 0, 1;
    %store/vec4 v0x19066ab0_0, 0, 1;
    %pushi/vec4 0, 0, 1;
    %store/vec4 v0x19066bc0_0, 0, 1;
    %pushi/vec4 0, 0, 1;
    %store/vec4 v0x19066c80_0, 0, 1;
    %pushi/vec4 0, 0, 1;
    %store/vec4 v0x19067950_0, 0, 1;
    %jmp T_2.10;
T_2.3 ;
    %pushi/vec4 0, 0, 1;
    %store/vec4 v0x19067220_0, 0, 1;
    %pushi/vec4 0, 0, 1;
    %store/vec4 v0x190672e0_0, 0, 1;
    %pushi/vec4 0, 0, 1;
    %store/vec4 v0x190678b0_0, 0, 1;
    %pushi/vec4 0, 0, 1;
    %store/vec4 v0x19067180_0, 0, 1;
    %pushi/vec4 0, 0, 1;
    %store/vec4 v0x19067550_0, 0, 1;
    %pushi/vec4 0, 0, 1;
    %store/vec4 v0x19066ab0_0, 0, 1;
    %pushi/vec4 0, 0, 1;
    %store/vec4 v0x19066bc0_0, 0, 1;
    %pushi/vec4 1, 0, 1;
    %store/vec4 v0x19066c80_0, 0, 1;
    %pushi/vec4 0, 0, 1;
    %store/vec4 v0x19067950_0, 0, 1;
    %jmp T_2.10;
T_2.4 ;
    %pushi/vec4 0, 0, 1;
    %store/vec4 v0x19067220_0, 0, 1;
    %pushi/vec4 0, 0, 1;
    %store/vec4 v0x190672e0_0, 0, 1;
    %pushi/vec4 0, 0, 1;
    %store/vec4 v0x190678b0_0, 0, 1;
    %pushi/vec4 0, 0, 1;
    %store/vec4 v0x19067180_0, 0, 1;
    %pushi/vec4 1, 0, 1;
    %store/vec4 v0x19067550_0, 0, 1;
    %pushi/vec4 0, 0, 1;
    %store/vec4 v0x19066ab0_0, 0, 1;
    %pushi/vec4 0, 0, 1;
    %store/vec4 v0x19066bc0_0, 0, 1;
    %pushi/vec4 0, 0, 1;
    %store/vec4 v0x19066c80_0, 0, 1;
    %pushi/vec4 0, 0, 1;
    %store/vec4 v0x19067950_0, 0, 1;
    %jmp T_2.10;
T_2.5 ;
    %pushi/vec4 0, 0, 1;
    %store/vec4 v0x19067220_0, 0, 1;
    %pushi/vec4 0, 0, 1;
    %store/vec4 v0x190672e0_0, 0, 1;
    %pushi/vec4 0, 0, 1;
    %store/vec4 v0x190678b0_0, 0, 1;
    %pushi/vec4 0, 0, 1;
    %store/vec4 v0x19067180_0, 0, 1;
    %pushi/vec4 0, 0, 1;
    %store/vec4 v0x19067550_0, 0, 1;
    %pushi/vec4 0, 0, 1;
    %store/vec4 v0x19066ab0_0, 0, 1;
    %pushi/vec4 1, 0, 1;
    %store/vec4 v0x19066bc0_0, 0, 1;
    %pushi/vec4 0, 0, 1;
    %store/vec4 v0x19066c80_0, 0, 1;
    %pushi/vec4 0, 0, 1;
    %store/vec4 v0x19067950_0, 0, 1;
    %jmp T_2.10;
T_2.6 ;
    %pushi/vec4 1, 0, 1;
    %store/vec4 v0x19067220_0, 0, 1;
    %pushi/vec4 0, 0, 1;
    %store/vec4 v0x190672e0_0, 0, 1;
    %pushi/vec4 0, 0, 1;
    %store/vec4 v0x190678b0_0, 0, 1;
    %pushi/vec4 0, 0, 1;
    %store/vec4 v0x19067180_0, 0, 1;
    %pushi/vec4 0, 0, 1;
    %store/vec4 v0x19067550_0, 0, 1;
    %pushi/vec4 0, 0, 1;
    %store/vec4 v0x19066ab0_0, 0, 1;
    %pushi/vec4 0, 0, 1;
    %store/vec4 v0x19066bc0_0, 0, 1;
    %pushi/vec4 0, 0, 1;
    %store/vec4 v0x19066c80_0, 0, 1;
    %pushi/vec4 0, 0, 1;
    %store/vec4 v0x19067950_0, 0, 1;
    %jmp T_2.10;
T_2.7 ;
    %pushi/vec4 0, 0, 1;
    %store/vec4 v0x19067220_0, 0, 1;
    %pushi/vec4 0, 0, 1;
    %store/vec4 v0x190672e0_0, 0, 1;
    %pushi/vec4 1, 0, 1;
    %store/vec4 v0x190678b0_0, 0, 1;
    %pushi/vec4 0, 0, 1;
    %store/vec4 v0x19067180_0, 0, 1;
    %pushi/vec4 0, 0, 1;
    %store/vec4 v0x19067550_0, 0, 1;
    %pushi/vec4 0, 0, 1;
    %store/vec4 v0x19066ab0_0, 0, 1;
    %pushi/vec4 0, 0, 1;
    %store/vec4 v0x19066bc0_0, 0, 1;
    %pushi/vec4 0, 0, 1;
    %store/vec4 v0x19066c80_0, 0, 1;
    %pushi/vec4 0, 0, 1;
    %store/vec4 v0x19067950_0, 0, 1;
    %jmp T_2.10;
T_2.8 ;
    %pushi/vec4 0, 0, 1;
    %store/vec4 v0x19067220_0, 0, 1;
    %pushi/vec4 0, 0, 1;
    %store/vec4 v0x190672e0_0, 0, 1;
    %pushi/vec4 0, 0, 1;
    %store/vec4 v0x190678b0_0, 0, 1;
    %pushi/vec4 0, 0, 1;
    %store/vec4 v0x19067180_0, 0, 1;
    %pushi/vec4 0, 0, 1;
    %store/vec4 v0x19067550_0, 0, 1;
    %pushi/vec4 0, 0, 1;
    %store/vec4 v0x19066ab0_0, 0, 1;
    %pushi/vec4 0, 0, 1;
    %store/vec4 v0x19066bc0_0, 0, 1;
    %pushi/vec4 0, 0, 1;
    %store/vec4 v0x19066c80_0, 0, 1;
    %pushi/vec4 1, 0, 1;
    %store/vec4 v0x19067950_0, 0, 1;
    %jmp T_2.10;
T_2.10 ;
    %pop/vec4 1;
    %jmp T_2;
    .thread T_2, $push;
    .scope S_0x19066090;
T_3 ;
    %wait E_0x19052ef0;
    %load/vec4 v0x19067610_0;
    %dup/vec4;
    %pushi/vec4 0, 0, 4;
    %cmp/u;
    %jmp/1 T_3.0, 6;
    %dup/vec4;
    %pushi/vec4 9, 0, 4;
    %cmp/u;
    %jmp/1 T_3.1, 6;
    %dup/vec4;
    %pushi/vec4 1, 0, 4;
    %cmp/u;
    %jmp/1 T_3.2, 6;
    %dup/vec4;
    %pushi/vec4 2, 0, 4;
    %cmp/u;
    %jmp/1 T_3.3, 6;
    %dup/vec4;
    %pushi/vec4 10, 0, 4;
    %cmp/u;
    %jmp/1 T_3.4, 6;
    %dup/vec4;
    %pushi/vec4 3, 0, 4;
    %cmp/u;
    %jmp/1 T_3.5, 6;
    %dup/vec4;
    %pushi/vec4 4, 0, 4;
    %cmp/u;
    %jmp/1 T_3.6, 6;
    %dup/vec4;
    %pushi/vec4 5, 0, 4;
    %cmp/u;
    %jmp/1 T_3.7, 6;
    %dup/vec4;
    %pushi/vec4 7, 0, 4;
    %cmp/u;
    %jmp/1 T_3.8, 6;
    %dup/vec4;
    %pushi/vec4 8, 0, 4;
    %cmp/u;
    %jmp/1 T_3.9, 6;
    %jmp T_3.10;
T_3.0 ;
    %pushi/vec4 0, 0, 32; draw_string_vec4
    %pushi/vec4 0, 0, 32; draw_string_vec4
    %concat/vec4; draw_string_vec4
    %pushi/vec4 0, 0, 32; draw_string_vec4
    %concat/vec4; draw_string_vec4
    %pushi/vec4 0, 0, 32; draw_string_vec4
    %concat/vec4; draw_string_vec4
    %pushi/vec4 0, 0, 32; draw_string_vec4
    %concat/vec4; draw_string_vec4
    %pushi/vec4 0, 0, 32; draw_string_vec4
    %concat/vec4; draw_string_vec4
    %pushi/vec4 0, 0, 32; draw_string_vec4
    %concat/vec4; draw_string_vec4
    %pushi/vec4 0, 0, 32; draw_string_vec4
    %concat/vec4; draw_string_vec4
    %pushi/vec4 83, 0, 32; draw_string_vec4
    %concat/vec4; draw_string_vec4
    %pushi/vec4 1413567060, 0, 32; draw_string_vec4
    %concat/vec4; draw_string_vec4
    %store/vec4 v0x190676f0_0, 0, 320;
    %jmp T_3.10;
T_3.1 ;
    %pushi/vec4 0, 0, 32; draw_string_vec4
    %pushi/vec4 0, 0, 32; draw_string_vec4
    %concat/vec4; draw_string_vec4
    %pushi/vec4 0, 0, 32; draw_string_vec4
    %concat/vec4; draw_string_vec4
    %pushi/vec4 0, 0, 32; draw_string_vec4
    %concat/vec4; draw_string_vec4
    %pushi/vec4 0, 0, 32; draw_string_vec4
    %concat/vec4; draw_string_vec4
    %pushi/vec4 0, 0, 32; draw_string_vec4
    %concat/vec4; draw_string_vec4
    %pushi/vec4 0, 0, 32; draw_string_vec4
    %concat/vec4; draw_string_vec4
    %pushi/vec4 0, 0, 32; draw_string_vec4
    %concat/vec4; draw_string_vec4
    %pushi/vec4 0, 0, 32; draw_string_vec4
    %concat/vec4; draw_string_vec4
    %pushi/vec4 1398361667, 0, 32; draw_string_vec4
    %concat/vec4; draw_string_vec4
    %store/vec4 v0x190676f0_0, 0, 320;
    %jmp T_3.10;
T_3.2 ;
    %pushi/vec4 0, 0, 32; draw_string_vec4
    %pushi/vec4 0, 0, 32; draw_string_vec4
    %concat/vec4; draw_string_vec4
    %pushi/vec4 0, 0, 32; draw_string_vec4
    %concat/vec4; draw_string_vec4
    %pushi/vec4 0, 0, 32; draw_string_vec4
    %concat/vec4; draw_string_vec4
    %pushi/vec4 0, 0, 32; draw_string_vec4
    %concat/vec4; draw_string_vec4
    %pushi/vec4 0, 0, 32; draw_string_vec4
    %concat/vec4; draw_string_vec4
    %pushi/vec4 0, 0, 32; draw_string_vec4
    %concat/vec4; draw_string_vec4
    %pushi/vec4 1129270854, 0, 32; draw_string_vec4
    %concat/vec4; draw_string_vec4
    %pushi/vec4 1229414227, 0, 32; draw_string_vec4
    %concat/vec4; draw_string_vec4
    %pushi/vec4 1413567557, 0, 32; draw_string_vec4
    %concat/vec4; draw_string_vec4
    %store/vec4 v0x190676f0_0, 0, 320;
    %jmp T_3.10;
T_3.3 ;
    %pushi/vec4 0, 0, 32; draw_string_vec4
    %pushi/vec4 0, 0, 32; draw_string_vec4
    %concat/vec4; draw_string_vec4
    %pushi/vec4 0, 0, 32; draw_string_vec4
    %concat/vec4; draw_string_vec4
    %pushi/vec4 0, 0, 32; draw_string_vec4
    %concat/vec4; draw_string_vec4
    %pushi/vec4 0, 0, 32; draw_string_vec4
    %concat/vec4; draw_string_vec4
    %pushi/vec4 0, 0, 32; draw_string_vec4
    %concat/vec4; draw_string_vec4
    %pushi/vec4 0, 0, 32; draw_string_vec4
    %concat/vec4; draw_string_vec4
    %pushi/vec4 80, 0, 32; draw_string_vec4
    %concat/vec4; draw_string_vec4
    %pushi/vec4 1380270403, 0, 32; draw_string_vec4
    %concat/vec4; draw_string_vec4
    %pushi/vec4 1414092357, 0, 32; draw_string_vec4
    %concat/vec4; draw_string_vec4
    %store/vec4 v0x190676f0_0, 0, 320;
    %jmp T_3.10;
T_3.4 ;
    %pushi/vec4 0, 0, 32; draw_string_vec4
    %pushi/vec4 0, 0, 32; draw_string_vec4
    %concat/vec4; draw_string_vec4
    %pushi/vec4 0, 0, 32; draw_string_vec4
    %concat/vec4; draw_string_vec4
    %pushi/vec4 0, 0, 32; draw_string_vec4
    %concat/vec4; draw_string_vec4
    %pushi/vec4 0, 0, 32; draw_string_vec4
    %concat/vec4; draw_string_vec4
    %pushi/vec4 0, 0, 32; draw_string_vec4
    %concat/vec4; draw_string_vec4
    %pushi/vec4 0, 0, 32; draw_string_vec4
    %concat/vec4; draw_string_vec4
    %pushi/vec4 0, 0, 32; draw_string_vec4
    %concat/vec4; draw_string_vec4
    %pushi/vec4 69, 0, 32; draw_string_vec4
    %concat/vec4; draw_string_vec4
    %pushi/vec4 1314869072, 0, 32; draw_string_vec4
    %concat/vec4; draw_string_vec4
    %store/vec4 v0x190676f0_0, 0, 320;
    %jmp T_3.10;
T_3.5 ;
    %pushi/vec4 0, 0, 32; draw_string_vec4
    %pushi/vec4 0, 0, 32; draw_string_vec4
    %concat/vec4; draw_string_vec4
    %pushi/vec4 0, 0, 32; draw_string_vec4
    %concat/vec4; draw_string_vec4
    %pushi/vec4 0, 0, 32; draw_string_vec4
    %concat/vec4; draw_string_vec4
    %pushi/vec4 0, 0, 32; draw_string_vec4
    %concat/vec4; draw_string_vec4
    %pushi/vec4 0, 0, 32; draw_string_vec4
    %concat/vec4; draw_string_vec4
    %pushi/vec4 21317, 0, 32; draw_string_vec4
    %concat/vec4; draw_string_vec4
    %pushi/vec4 1313098062, 0, 32; draw_string_vec4
    %concat/vec4; draw_string_vec4
    %pushi/vec4 1197425487, 0, 32; draw_string_vec4
    %concat/vec4; draw_string_vec4
    %pushi/vec4 1313229127, 0, 32; draw_string_vec4
    %concat/vec4; draw_string_vec4
    %store/vec4 v0x190676f0_0, 0, 320;
    %jmp T_3.10;
T_3.6 ;
    %pushi/vec4 0, 0, 32; draw_string_vec4
    %pushi/vec4 0, 0, 32; draw_string_vec4
    %concat/vec4; draw_string_vec4
    %pushi/vec4 0, 0, 32; draw_string_vec4
    %concat/vec4; draw_string_vec4
    %pushi/vec4 0, 0, 32; draw_string_vec4
    %concat/vec4; draw_string_vec4
    %pushi/vec4 0, 0, 32; draw_string_vec4
    %concat/vec4; draw_string_vec4
    %pushi/vec4 0, 0, 32; draw_string_vec4
    %concat/vec4; draw_string_vec4
    %pushi/vec4 0, 0, 32; draw_string_vec4
    %concat/vec4; draw_string_vec4
    %pushi/vec4 0, 0, 32; draw_string_vec4
    %concat/vec4; draw_string_vec4
    %pushi/vec4 4473172, 0, 32; draw_string_vec4
    %concat/vec4; draw_string_vec4
    %pushi/vec4 1096764484, 0, 32; draw_string_vec4
    %concat/vec4; draw_string_vec4
    %store/vec4 v0x190676f0_0, 0, 320;
    %jmp T_3.10;
T_3.7 ;
    %pushi/vec4 0, 0, 32; draw_string_vec4
    %pushi/vec4 0, 0, 32; draw_string_vec4
    %concat/vec4; draw_string_vec4
    %pushi/vec4 0, 0, 32; draw_string_vec4
    %concat/vec4; draw_string_vec4
    %pushi/vec4 0, 0, 32; draw_string_vec4
    %concat/vec4; draw_string_vec4
    %pushi/vec4 0, 0, 32; draw_string_vec4
    %concat/vec4; draw_string_vec4
    %pushi/vec4 0, 0, 32; draw_string_vec4
    %concat/vec4; draw_string_vec4
    %pushi/vec4 0, 0, 32; draw_string_vec4
    %concat/vec4; draw_string_vec4
    %pushi/vec4 0, 0, 32; draw_string_vec4
    %concat/vec4; draw_string_vec4
    %pushi/vec4 0, 0, 32; draw_string_vec4
    %concat/vec4; draw_string_vec4
    %pushi/vec4 1463896404, 0, 32; draw_string_vec4
    %concat/vec4; draw_string_vec4
    %store/vec4 v0x190676f0_0, 0, 320;
    %jmp T_3.10;
T_3.8 ;
    %pushi/vec4 0, 0, 32; draw_string_vec4
    %pushi/vec4 0, 0, 32; draw_string_vec4
    %concat/vec4; draw_string_vec4
    %pushi/vec4 0, 0, 32; draw_string_vec4
    %concat/vec4; draw_string_vec4
    %pushi/vec4 0, 0, 32; draw_string_vec4
    %concat/vec4; draw_string_vec4
    %pushi/vec4 0, 0, 32; draw_string_vec4
    %concat/vec4; draw_string_vec4
    %pushi/vec4 0, 0, 32; draw_string_vec4
    %concat/vec4; draw_string_vec4
    %pushi/vec4 0, 0, 32; draw_string_vec4
    %concat/vec4; draw_string_vec4
    %pushi/vec4 0, 0, 32; draw_string_vec4
    %concat/vec4; draw_string_vec4
    %pushi/vec4 76, 0, 32; draw_string_vec4
    %concat/vec4; draw_string_vec4
    %pushi/vec4 1096041288, 0, 32; draw_string_vec4
    %concat/vec4; draw_string_vec4
    %store/vec4 v0x190676f0_0, 0, 320;
    %jmp T_3.10;
T_3.9 ;
    %pushi/vec4 0, 0, 32; draw_string_vec4
    %pushi/vec4 0, 0, 32; draw_string_vec4
    %concat/vec4; draw_string_vec4
    %pushi/vec4 0, 0, 32; draw_string_vec4
    %concat/vec4; draw_string_vec4
    %pushi/vec4 0, 0, 32; draw_string_vec4
    %concat/vec4; draw_string_vec4
    %pushi/vec4 0, 0, 32; draw_string_vec4
    %concat/vec4; draw_string_vec4
    %pushi/vec4 0, 0, 32; draw_string_vec4
    %concat/vec4; draw_string_vec4
    %pushi/vec4 0, 0, 32; draw_string_vec4
    %concat/vec4; draw_string_vec4
    %pushi/vec4 0, 0, 32; draw_string_vec4
    %concat/vec4; draw_string_vec4
    %pushi/vec4 86, 0, 32; draw_string_vec4
    %concat/vec4; draw_string_vec4
    %pushi/vec4 1398361667, 0, 32; draw_string_vec4
    %concat/vec4; draw_string_vec4
    %store/vec4 v0x190676f0_0, 0, 320;
    %jmp T_3.10;
T_3.10 ;
    %pop/vec4 1;
    %jmp T_3;
    .thread T_3, $push;
    .scope S_0x19068730;
T_4 ;
    %wait E_0x1906b250;
    %load/vec4 v0x1906ca50_0;
    %flag_set/vec4 8;
    %jmp/0xz  T_4.0, 8;
    %pushi/vec4 4, 0, 4;
    %assign/vec4 v0x1906c230_0, 0;
    %pushi/vec4 255, 0, 8;
    %assign/vec4 v0x1906c0b0_0, 0;
    %pushi/vec4 0, 0, 8;
    %assign/vec4 v0x1906bf30_0, 0;
    %pushi/vec4 0, 0, 1;
    %assign/vec4 v0x1906c7d0_0, 0;
    %jmp T_4.1;
T_4.0 ;
    %load/vec4 v0x1906c480_0;
    %flag_set/vec4 8;
    %jmp/0xz  T_4.2, 8;
    %pushi/vec4 255, 0, 8;
    %assign/vec4 v0x1906c0b0_0, 0;
    %pushi/vec4 0, 0, 8;
    %assign/vec4 v0x1906bf30_0, 0;
    %pushi/vec4 0, 0, 1;
    %assign/vec4 v0x1906c7d0_0, 0;
    %jmp T_4.3;
T_4.2 ;
    %load/vec4 v0x1906c870_0;
    %flag_set/vec4 8;
    %jmp/0xz  T_4.4, 8;
    %load/vec4 v0x1906c230_0;
    %pad/u 32;
    %cmpi/u 10, 0, 32;
    %flag_or 5, 4; GT is !LE
    %flag_inv 5;
    %jmp/0xz  T_4.6, 5;
    %pushi/vec4 127, 0, 8;
    %assign/vec4 v0x1906c0b0_0, 0;
    %jmp T_4.7;
T_4.6 ;
    %pushi/vec4 128, 0, 9;
    %load/vec4 v0x1906c230_0;
    %pad/u 9;
    %sub;
    %addi 1, 0, 9;
    %pad/u 8;
    %assign/vec4 v0x1906c0b0_0, 0;
T_4.7 ;
    %pushi/vec4 1, 0, 8;
    %assign/vec4 v0x1906bf30_0, 0;
    %pushi/vec4 0, 0, 1;
    %assign/vec4 v0x1906c7d0_0, 0;
    %pushi/vec4 0, 0, 1;
    %store/vec4 v0x1906c3b0_0, 0, 1;
    %jmp T_4.5;
T_4.4 ;
    %load/vec4 v0x1906c550_0;
    %flag_set/vec4 8;
    %jmp/0xz  T_4.8, 8;
    %pushi/vec4 128, 0, 8;
    %assign/vec4 v0x1906c0b0_0, 0;
    %pushi/vec4 0, 0, 1;
    %assign/vec4 v0x1906c7d0_0, 0;
    %pushi/vec4 1, 0, 8;
    %assign/vec4 v0x1906bf30_0, 0;
    %jmp T_4.9;
T_4.8 ;
    %load/vec4 v0x1906caf0_0;
    %flag_set/vec4 8;
    %jmp/0xz  T_4.10, 8;
    %load/vec4 v0x1906c690_0;
    %flag_set/vec4 9;
    %flag_get/vec4 9;
    %jmp/0 T_4.14, 9;
    %load/vec4 v0x1906b2b0_0;
    %and;
T_4.14;
    %flag_set/vec4 8;
    %jmp/0xz  T_4.12, 8;
    %load/vec4 v0x1906bf30_0;
    %pad/u 32;
    %cmpi/u 128, 0, 32;
    %jmp/0xz  T_4.15, 5;
    %load/vec4 v0x1906bf30_0;
    %addi 1, 0, 8;
    %assign/vec4 v0x1906bf30_0, 0;
    %jmp T_4.16;
T_4.15 ;
    %load/vec4 v0x1906c230_0;
    %addi 2, 0, 4;
    %store/vec4 v0x1906c230_0, 0, 4;
    %pushi/vec4 1, 0, 1;
    %store/vec4 v0x1906c3b0_0, 0, 1;
T_4.16 ;
T_4.12 ;
    %jmp T_4.11;
T_4.10 ;
    %load/vec4 v0x1906ce90_0;
    %flag_set/vec4 8;
    %jmp/0xz  T_4.17, 8;
    %load/vec4 v0x1906c690_0;
    %flag_set/vec4 9;
    %flag_get/vec4 9;
    %jmp/0 T_4.21, 9;
    %load/vec4 v0x1906b2b0_0;
    %and;
T_4.21;
    %flag_set/vec4 8;
    %jmp/0xz  T_4.19, 8;
    %load/vec4 v0x1906bf30_0;
    %pad/u 32;
    %cmpi/u 128, 0, 32;
    %jmp/0xz  T_4.22, 5;
    %load/vec4 v0x1906bf30_0;
    %addi 1, 0, 8;
    %store/vec4 v0x1906bf30_0, 0, 8;
    %jmp T_4.23;
T_4.22 ;
    %pushi/vec4 0, 0, 8;
    %store/vec4 v0x1906bf30_0, 0, 8;
T_4.23 ;
T_4.19 ;
    %jmp T_4.18;
T_4.17 ;
    %load/vec4 v0x1906c9b0_0;
    %flag_set/vec4 8;
    %jmp/0xz  T_4.24, 8;
    %pushi/vec4 0, 0, 8;
    %assign/vec4 v0x1906bf30_0, 0;
    %pushi/vec4 2, 0, 8;
    %assign/vec4 v0x1906c0b0_0, 0;
    %pushi/vec4 0, 0, 1;
    %assign/vec4 v0x1906c7d0_0, 0;
    %jmp T_4.25;
T_4.24 ;
    %load/vec4 v0x1906c5f0_0;
    %flag_set/vec4 8;
    %jmp/0xz  T_4.26, 8;
    %pushi/vec4 0, 0, 8;
    %assign/vec4 v0x1906bf30_0, 0;
    %pushi/vec4 4, 0, 8;
    %assign/vec4 v0x1906c0b0_0, 0;
    %pushi/vec4 0, 0, 1;
    %assign/vec4 v0x1906c7d0_0, 0;
    %jmp T_4.27;
T_4.26 ;
    %load/vec4 v0x1906cb90_0;
    %flag_set/vec4 8;
    %jmp/0xz  T_4.28, 8;
    %pushi/vec4 0, 0, 8;
    %assign/vec4 v0x1906bf30_0, 0;
    %pushi/vec4 13, 0, 8;
    %assign/vec4 v0x1906c0b0_0, 0;
    %pushi/vec4 0, 0, 1;
    %assign/vec4 v0x1906c7d0_0, 0;
    %jmp T_4.29;
T_4.28 ;
    %load/vec4 v0x1906c910_0;
    %flag_set/vec4 8;
    %jmp/0xz  T_4.30, 8;
    %load/vec4 v0x1906bf30_0;
    %pad/u 32;
    %cmpi/u 16, 0, 32;
    %flag_get/vec4 5;
    %jmp/0 T_4.35, 5;
    %load/vec4 v0x1906c690_0;
    %and;
T_4.35;
    %flag_set/vec4 9;
    %flag_get/vec4 9;
    %jmp/0 T_4.34, 9;
    %load/vec4 v0x1906b2b0_0;
    %and;
T_4.34;
    %flag_set/vec4 8;
    %jmp/0xz  T_4.32, 8;
    %load/vec4 v0x1906bf30_0;
    %addi 1, 0, 8;
    %assign/vec4 v0x1906bf30_0, 0;
    %jmp T_4.33;
T_4.32 ;
    %load/vec4 v0x1906bf30_0;
    %pad/u 32;
    %cmpi/u 16, 0, 32;
    %flag_inv 5; GE is !LT
    %jmp/0xz  T_4.36, 5;
    %pushi/vec4 1, 0, 1;
    %assign/vec4 v0x1906c7d0_0, 0;
T_4.36 ;
T_4.33 ;
    %jmp T_4.31;
T_4.30 ;
    %pushi/vec4 15, 0, 8;
    %assign/vec4 v0x1906c0b0_0, 0;
    %pushi/vec4 0, 0, 8;
    %assign/vec4 v0x1906bf30_0, 0;
    %pushi/vec4 0, 0, 1;
    %assign/vec4 v0x1906c7d0_0, 0;
T_4.31 ;
T_4.29 ;
T_4.27 ;
T_4.25 ;
T_4.18 ;
T_4.11 ;
T_4.9 ;
T_4.5 ;
T_4.3 ;
T_4.1 ;
    %jmp T_4;
    .thread T_4;
    .scope S_0x19068730;
T_5 ;
    %wait E_0x1906b1d0;
    %load/vec4 v0x1906c0b0_0;
    %load/vec4 v0x1906bf30_0;
    %cmp/u;
    %flag_or 5, 4;
    %flag_mov 8, 5;
    %jmp/0 T_5.0, 8;
    %pushi/vec4 1, 0, 2;
    %jmp/1 T_5.1, 8;
T_5.0 ; End of true expr.
    %pushi/vec4 0, 0, 2;
    %jmp/0 T_5.1, 8;
 ; End of false expr.
    %blend;
T_5.1;
    %pad/s 1;
    %store/vec4 v0x1906c730_0, 0, 1;
    %jmp T_5;
    .thread T_5, $push;
    .scope S_0x19067cd0;
T_6 ;
    %wait E_0x18ff3c10;
    %load/vec4 v0x1906a000_0;
    %flag_set/vec4 8;
    %jmp/1 T_6.2, 8;
    %load/vec4 v0x1906a960_0;
    %flag_set/vec4 9;
    %flag_or 8, 9;
T_6.2;
    %jmp/0xz  T_6.0, 8;
    %pushi/vec4 0, 0, 3;
    %assign/vec4 v0x190666d0_0, 0;
    %pushi/vec4 0, 0, 3;
    %assign/vec4 v0x19068b90_0, 0;
    %pushi/vec4 2, 0, 2;
    %assign/vec4 v0x1906aad0_0, 0;
    %pushi/vec4 0, 0, 6;
    %assign/vec4 v0x19069670_0, 0;
    %pushi/vec4 0, 0, 4;
    %assign/vec4 v0x190699e0_0, 0;
    %pushi/vec4 0, 0, 16;
    %assign/vec4 v0x1906a8a0_0, 0;
    %pushi/vec4 0, 0, 16;
    %assign/vec4 v0x1906a610_0, 0;
    %pushi/vec4 0, 0, 16;
    %assign/vec4 v0x1906a2d0_0, 0;
    %pushi/vec4 0, 0, 16;
    %assign/vec4 v0x1906a450_0, 0;
    %pushi/vec4 0, 0, 16;
    %assign/vec4 v0x1906a6f0_0, 0;
    %pushi/vec4 0, 0, 16;
    %assign/vec4 v0x1906a530_0, 0;
    %pushi/vec4 0, 0, 16;
    %assign/vec4 v0x1906a370_0, 0;
T_6.0 ;
    %load/vec4 v0x1906a0c0_0;
    %flag_set/vec4 8;
    %jmp/0xz  T_6.3, 8;
    %load/vec4 v0x19069e40_0;
    %assign/vec4 v0x1906a610_0, 0;
    %load/vec4 v0x19069ac0_0;
    %assign/vec4 v0x1906a2d0_0, 0;
    %load/vec4 v0x19069c80_0;
    %assign/vec4 v0x1906a450_0, 0;
    %load/vec4 v0x19069f20_0;
    %assign/vec4 v0x1906a6f0_0, 0;
    %load/vec4 v0x19069d60_0;
    %assign/vec4 v0x1906a530_0, 0;
    %load/vec4 v0x19069ba0_0;
    %assign/vec4 v0x1906a370_0, 0;
    %load/vec4 v0x19069e40_0;
    %parti/s 1, 15, 5;
    %load/vec4 v0x19069c80_0;
    %parti/s 1, 15, 5;
    %concat/vec4; draw_concat_vec4
    %load/vec4 v0x19069ac0_0;
    %parti/s 1, 15, 5;
    %concat/vec4; draw_concat_vec4
    %assign/vec4 v0x190666d0_0, 0;
    %load/vec4 v0x19069f20_0;
    %parti/s 1, 15, 5;
    %load/vec4 v0x19069d60_0;
    %parti/s 1, 15, 5;
    %concat/vec4; draw_concat_vec4
    %load/vec4 v0x19069ba0_0;
    %parti/s 1, 15, 5;
    %concat/vec4; draw_concat_vec4
    %assign/vec4 v0x19068b90_0, 0;
    %pushi/vec4 1, 0, 2;
    %assign/vec4 v0x1906aad0_0, 0;
    %pushi/vec4 1, 0, 6;
    %assign/vec4 v0x19069670_0, 0;
    %pushi/vec4 0, 0, 16;
    %assign/vec4 v0x1906a8a0_0, 0;
T_6.3 ;
    %load/vec4 v0x1906a7d0_0;
    %flag_set/vec4 8;
    %jmp/0xz  T_6.5, 8;
    %load/vec4 v0x190697f0_0;
    %dup/vec4;
    %pushi/vec4 1, 0, 3;
    %cmp/u;
    %jmp/1 T_6.7, 6;
    %dup/vec4;
    %pushi/vec4 2, 0, 3;
    %cmp/u;
    %jmp/1 T_6.8, 6;
    %dup/vec4;
    %pushi/vec4 3, 0, 3;
    %cmp/u;
    %jmp/1 T_6.9, 6;
    %dup/vec4;
    %pushi/vec4 4, 0, 3;
    %cmp/u;
    %jmp/1 T_6.10, 6;
    %dup/vec4;
    %pushi/vec4 5, 0, 3;
    %cmp/u;
    %jmp/1 T_6.11, 6;
    %jmp T_6.13;
T_6.7 ;
    %pushi/vec4 8112, 0, 16;
    %assign/vec4 v0x1906a610_0, 0;
    %pushi/vec4 8112, 0, 16;
    %assign/vec4 v0x1906a2d0_0, 0;
    %pushi/vec4 8112, 0, 16;
    %assign/vec4 v0x1906a450_0, 0;
    %pushi/vec4 8112, 0, 16;
    %assign/vec4 v0x1906a6f0_0, 0;
    %pushi/vec4 8112, 0, 16;
    %assign/vec4 v0x1906a530_0, 0;
    %pushi/vec4 8112, 0, 16;
    %assign/vec4 v0x1906a370_0, 0;
    %pushi/vec4 0, 0, 3;
    %assign/vec4 v0x190666d0_0, 0;
    %pushi/vec4 0, 0, 3;
    %assign/vec4 v0x19068b90_0, 0;
    %jmp T_6.13;
T_6.8 ;
    %pushi/vec4 62364, 0, 16;
    %assign/vec4 v0x1906a610_0, 0;
    %pushi/vec4 55196, 0, 16;
    %assign/vec4 v0x1906a2d0_0, 0;
    %pushi/vec4 59292, 0, 16;
    %assign/vec4 v0x1906a450_0, 0;
    %pushi/vec4 62364, 0, 16;
    %assign/vec4 v0x1906a6f0_0, 0;
    %pushi/vec4 59292, 0, 16;
    %assign/vec4 v0x1906a530_0, 0;
    %pushi/vec4 55196, 0, 16;
    %assign/vec4 v0x1906a370_0, 0;
    %pushi/vec4 7, 0, 3;
    %assign/vec4 v0x190666d0_0, 0;
    %pushi/vec4 7, 0, 3;
    %assign/vec4 v0x19068b90_0, 0;
    %jmp T_6.13;
T_6.9 ;
    %pushi/vec4 8374, 0, 16;
    %assign/vec4 v0x1906a610_0, 0;
    %pushi/vec4 8374, 0, 16;
    %assign/vec4 v0x1906a2d0_0, 0;
    %pushi/vec4 8374, 0, 16;
    %assign/vec4 v0x1906a450_0, 0;
    %pushi/vec4 8374, 0, 16;
    %assign/vec4 v0x1906a6f0_0, 0;
    %pushi/vec4 8374, 0, 16;
    %assign/vec4 v0x1906a530_0, 0;
    %pushi/vec4 8374, 0, 16;
    %assign/vec4 v0x1906a370_0, 0;
    %pushi/vec4 0, 0, 3;
    %assign/vec4 v0x190666d0_0, 0;
    %pushi/vec4 0, 0, 3;
    %assign/vec4 v0x19068b90_0, 0;
    %jmp T_6.13;
T_6.10 ;
    %pushi/vec4 6768, 0, 16;
    %assign/vec4 v0x1906a610_0, 0;
    %pushi/vec4 6768, 0, 16;
    %assign/vec4 v0x1906a2d0_0, 0;
    %pushi/vec4 6768, 0, 16;
    %assign/vec4 v0x1906a450_0, 0;
    %pushi/vec4 6768, 0, 16;
    %assign/vec4 v0x1906a6f0_0, 0;
    %pushi/vec4 6768, 0, 16;
    %assign/vec4 v0x1906a530_0, 0;
    %pushi/vec4 6768, 0, 16;
    %assign/vec4 v0x1906a370_0, 0;
    %pushi/vec4 0, 0, 3;
    %assign/vec4 v0x190666d0_0, 0;
    %pushi/vec4 0, 0, 3;
    %assign/vec4 v0x19068b90_0, 0;
    %jmp T_6.13;
T_6.11 ;
    %pushi/vec4 32264, 0, 16;
    %assign/vec4 v0x1906a610_0, 0;
    %pushi/vec4 32264, 0, 16;
    %assign/vec4 v0x1906a2d0_0, 0;
    %pushi/vec4 32264, 0, 16;
    %assign/vec4 v0x1906a450_0, 0;
    %pushi/vec4 32264, 0, 16;
    %assign/vec4 v0x1906a6f0_0, 0;
    %pushi/vec4 32264, 0, 16;
    %assign/vec4 v0x1906a530_0, 0;
    %pushi/vec4 32264, 0, 16;
    %assign/vec4 v0x1906a370_0, 0;
    %pushi/vec4 0, 0, 3;
    %assign/vec4 v0x190666d0_0, 0;
    %pushi/vec4 0, 0, 3;
    %assign/vec4 v0x19068b90_0, 0;
    %jmp T_6.13;
T_6.13 ;
    %pop/vec4 1;
    %pushi/vec4 0, 0, 4;
    %assign/vec4 v0x190699e0_0, 0;
    %pushi/vec4 1, 0, 2;
    %assign/vec4 v0x1906aad0_0, 0;
    %pushi/vec4 1, 0, 6;
    %assign/vec4 v0x19069670_0, 0;
    %jmp T_6.6;
T_6.5 ;
    %load/vec4 v0x1906aad0_0;
    %cmpi/e 0, 0, 2;
    %flag_get/vec4 4;
    %jmp/0 T_6.17, 4;
    %load/vec4 v0x1906a160_0;
    %and;
T_6.17;
    %flag_set/vec4 9;
    %flag_get/vec4 9;
    %jmp/0 T_6.16, 9;
    %load/vec4 v0x1906a8a0_0;
    %pad/u 32;
    %cmpi/u 4096, 0, 32;
    %flag_get/vec4 5;
    %and;
T_6.16;
    %flag_set/vec4 8;
    %jmp/0xz  T_6.14, 8;
    %load/vec4 v0x19069670_0;
    %pad/u 32;
    %cmpi/u 16, 0, 32;
    %flag_inv 5; GE is !LT
    %jmp/0xz  T_6.18, 5;
    %load/vec4 v0x190699e0_0;
    %pad/u 32;
    %cmpi/u 7, 0, 32;
    %flag_inv 5; GE is !LT
    %jmp/0xz  T_6.20, 5;
    %load/vec4 v0x19069670_0;
    %pad/u 32;
    %cmpi/u 18, 0, 32;
    %jmp/0xz  T_6.22, 5;
    %load/vec4 v0x19069670_0;
    %addi 1, 0, 6;
    %store/vec4 v0x19069670_0, 0, 6;
    %jmp T_6.23;
T_6.22 ;
    %pushi/vec4 2, 0, 2;
    %assign/vec4 v0x1906aad0_0, 0;
T_6.23 ;
    %jmp T_6.21;
T_6.20 ;
    %load/vec4 v0x1906aa00_0;
    %flag_set/vec4 8;
    %jmp/0xz  T_6.24, 8;
    %load/vec4 v0x190697f0_0;
    %dup/vec4;
    %pushi/vec4 1, 0, 3;
    %cmp/u;
    %jmp/1 T_6.26, 6;
    %dup/vec4;
    %pushi/vec4 2, 0, 3;
    %cmp/u;
    %jmp/1 T_6.27, 6;
    %dup/vec4;
    %pushi/vec4 3, 0, 3;
    %cmp/u;
    %jmp/1 T_6.28, 6;
    %dup/vec4;
    %pushi/vec4 4, 0, 3;
    %cmp/u;
    %jmp/1 T_6.29, 6;
    %dup/vec4;
    %pushi/vec4 5, 0, 3;
    %cmp/u;
    %jmp/1 T_6.30, 6;
    %jmp T_6.32;
T_6.26 ;
    %pushi/vec4 8112, 0, 16;
    %assign/vec4 v0x1906a610_0, 0;
    %pushi/vec4 8112, 0, 16;
    %assign/vec4 v0x1906a2d0_0, 0;
    %pushi/vec4 8112, 0, 16;
    %assign/vec4 v0x1906a450_0, 0;
    %pushi/vec4 8112, 0, 16;
    %assign/vec4 v0x1906a6f0_0, 0;
    %pushi/vec4 8112, 0, 16;
    %assign/vec4 v0x1906a530_0, 0;
    %pushi/vec4 8112, 0, 16;
    %assign/vec4 v0x1906a370_0, 0;
    %pushi/vec4 0, 0, 3;
    %assign/vec4 v0x190666d0_0, 0;
    %pushi/vec4 0, 0, 3;
    %assign/vec4 v0x19068b90_0, 0;
    %jmp T_6.32;
T_6.27 ;
    %pushi/vec4 62364, 0, 16;
    %assign/vec4 v0x1906a610_0, 0;
    %pushi/vec4 55196, 0, 16;
    %assign/vec4 v0x1906a2d0_0, 0;
    %pushi/vec4 59292, 0, 16;
    %assign/vec4 v0x1906a450_0, 0;
    %pushi/vec4 62364, 0, 16;
    %assign/vec4 v0x1906a6f0_0, 0;
    %pushi/vec4 59292, 0, 16;
    %assign/vec4 v0x1906a530_0, 0;
    %pushi/vec4 55196, 0, 16;
    %assign/vec4 v0x1906a370_0, 0;
    %pushi/vec4 7, 0, 3;
    %assign/vec4 v0x190666d0_0, 0;
    %pushi/vec4 7, 0, 3;
    %assign/vec4 v0x19068b90_0, 0;
    %jmp T_6.32;
T_6.28 ;
    %pushi/vec4 8374, 0, 16;
    %assign/vec4 v0x1906a610_0, 0;
    %pushi/vec4 8374, 0, 16;
    %assign/vec4 v0x1906a2d0_0, 0;
    %pushi/vec4 8374, 0, 16;
    %assign/vec4 v0x1906a450_0, 0;
    %pushi/vec4 8374, 0, 16;
    %assign/vec4 v0x1906a6f0_0, 0;
    %pushi/vec4 8374, 0, 16;
    %assign/vec4 v0x1906a530_0, 0;
    %pushi/vec4 8374, 0, 16;
    %assign/vec4 v0x1906a370_0, 0;
    %pushi/vec4 0, 0, 3;
    %assign/vec4 v0x190666d0_0, 0;
    %pushi/vec4 0, 0, 3;
    %assign/vec4 v0x19068b90_0, 0;
    %jmp T_6.32;
T_6.29 ;
    %pushi/vec4 6768, 0, 16;
    %assign/vec4 v0x1906a610_0, 0;
    %pushi/vec4 6768, 0, 16;
    %assign/vec4 v0x1906a2d0_0, 0;
    %pushi/vec4 6768, 0, 16;
    %assign/vec4 v0x1906a450_0, 0;
    %pushi/vec4 6768, 0, 16;
    %assign/vec4 v0x1906a6f0_0, 0;
    %pushi/vec4 6768, 0, 16;
    %assign/vec4 v0x1906a530_0, 0;
    %pushi/vec4 6768, 0, 16;
    %assign/vec4 v0x1906a370_0, 0;
    %pushi/vec4 0, 0, 3;
    %assign/vec4 v0x190666d0_0, 0;
    %pushi/vec4 0, 0, 3;
    %assign/vec4 v0x19068b90_0, 0;
    %jmp T_6.32;
T_6.30 ;
    %pushi/vec4 32264, 0, 16;
    %assign/vec4 v0x1906a610_0, 0;
    %pushi/vec4 32264, 0, 16;
    %assign/vec4 v0x1906a2d0_0, 0;
    %pushi/vec4 32264, 0, 16;
    %assign/vec4 v0x1906a450_0, 0;
    %pushi/vec4 32264, 0, 16;
    %assign/vec4 v0x1906a6f0_0, 0;
    %pushi/vec4 32264, 0, 16;
    %assign/vec4 v0x1906a530_0, 0;
    %pushi/vec4 32264, 0, 16;
    %assign/vec4 v0x1906a370_0, 0;
    %pushi/vec4 0, 0, 3;
    %assign/vec4 v0x190666d0_0, 0;
    %pushi/vec4 0, 0, 3;
    %assign/vec4 v0x19068b90_0, 0;
    %jmp T_6.32;
T_6.32 ;
    %pop/vec4 1;
    %load/vec4 v0x190699e0_0;
    %addi 1, 0, 4;
    %assign/vec4 v0x190699e0_0, 0;
    %pushi/vec4 1, 0, 2;
    %assign/vec4 v0x1906aad0_0, 0;
    %pushi/vec4 1, 0, 6;
    %assign/vec4 v0x19069670_0, 0;
    %jmp T_6.25;
T_6.24 ;
    %load/vec4 v0x19069e40_0;
    %assign/vec4 v0x1906a610_0, 0;
    %load/vec4 v0x19069c80_0;
    %assign/vec4 v0x1906a450_0, 0;
    %load/vec4 v0x19069ac0_0;
    %assign/vec4 v0x1906a2d0_0, 0;
    %load/vec4 v0x19069f20_0;
    %assign/vec4 v0x1906a6f0_0, 0;
    %load/vec4 v0x19069d60_0;
    %assign/vec4 v0x1906a530_0, 0;
    %load/vec4 v0x19069ba0_0;
    %assign/vec4 v0x1906a370_0, 0;
    %load/vec4 v0x19069e40_0;
    %parti/s 1, 15, 5;
    %load/vec4 v0x19069c80_0;
    %parti/s 1, 15, 5;
    %concat/vec4; draw_concat_vec4
    %load/vec4 v0x19069ac0_0;
    %parti/s 1, 15, 5;
    %concat/vec4; draw_concat_vec4
    %assign/vec4 v0x190666d0_0, 0;
    %load/vec4 v0x19069f20_0;
    %parti/s 1, 15, 5;
    %load/vec4 v0x19069d60_0;
    %parti/s 1, 15, 5;
    %concat/vec4; draw_concat_vec4
    %load/vec4 v0x19069ba0_0;
    %parti/s 1, 15, 5;
    %concat/vec4; draw_concat_vec4
    %assign/vec4 v0x19068b90_0, 0;
    %load/vec4 v0x1906a8a0_0;
    %addi 1, 0, 16;
    %assign/vec4 v0x1906a8a0_0, 0;
    %pushi/vec4 1, 0, 2;
    %assign/vec4 v0x1906aad0_0, 0;
    %pushi/vec4 1, 0, 6;
    %assign/vec4 v0x19069670_0, 0;
T_6.25 ;
T_6.21 ;
    %jmp T_6.19;
T_6.18 ;
    %load/vec4 v0x1906a610_0;
    %parti/s 1, 15, 5;
    %load/vec4 v0x1906a450_0;
    %parti/s 1, 15, 5;
    %concat/vec4; draw_concat_vec4
    %load/vec4 v0x1906a2d0_0;
    %parti/s 1, 15, 5;
    %concat/vec4; draw_concat_vec4
    %assign/vec4 v0x190666d0_0, 0;
    %load/vec4 v0x1906a6f0_0;
    %parti/s 1, 15, 5;
    %load/vec4 v0x1906a530_0;
    %parti/s 1, 15, 5;
    %concat/vec4; draw_concat_vec4
    %load/vec4 v0x1906a370_0;
    %parti/s 1, 15, 5;
    %concat/vec4; draw_concat_vec4
    %assign/vec4 v0x19068b90_0, 0;
    %load/vec4 v0x19069670_0;
    %addi 1, 0, 6;
    %assign/vec4 v0x19069670_0, 0;
    %pushi/vec4 1, 0, 2;
    %assign/vec4 v0x1906aad0_0, 0;
T_6.19 ;
    %jmp T_6.15;
T_6.14 ;
    %load/vec4 v0x1906aad0_0;
    %cmpi/e 1, 0, 2;
    %flag_get/vec4 4;
    %jmp/0 T_6.36, 4;
    %load/vec4 v0x1906a160_0;
    %and;
T_6.36;
    %flag_set/vec4 9;
    %flag_get/vec4 9;
    %jmp/0 T_6.35, 9;
    %load/vec4 v0x1906a8a0_0;
    %pad/u 32;
    %cmpi/u 4096, 0, 32;
    %flag_get/vec4 5;
    %and;
T_6.35;
    %flag_set/vec4 8;
    %jmp/0xz  T_6.33, 8;
    %load/vec4 v0x1906a610_0;
    %ix/load 4, 1, 0;
    %flag_set/imm 4, 0;
    %shiftl 4;
    %assign/vec4 v0x1906a610_0, 0;
    %load/vec4 v0x1906a450_0;
    %ix/load 4, 1, 0;
    %flag_set/imm 4, 0;
    %shiftl 4;
    %assign/vec4 v0x1906a450_0, 0;
    %load/vec4 v0x1906a2d0_0;
    %ix/load 4, 1, 0;
    %flag_set/imm 4, 0;
    %shiftl 4;
    %assign/vec4 v0x1906a2d0_0, 0;
    %load/vec4 v0x1906a6f0_0;
    %ix/load 4, 1, 0;
    %flag_set/imm 4, 0;
    %shiftl 4;
    %assign/vec4 v0x1906a6f0_0, 0;
    %load/vec4 v0x1906a530_0;
    %ix/load 4, 1, 0;
    %flag_set/imm 4, 0;
    %shiftl 4;
    %assign/vec4 v0x1906a530_0, 0;
    %load/vec4 v0x1906a370_0;
    %ix/load 4, 1, 0;
    %flag_set/imm 4, 0;
    %shiftl 4;
    %assign/vec4 v0x1906a370_0, 0;
    %pushi/vec4 0, 0, 2;
    %assign/vec4 v0x1906aad0_0, 0;
T_6.33 ;
T_6.15 ;
T_6.6 ;
    %jmp T_6;
    .thread T_6;
    .scope S_0x19067cd0;
T_7 ;
    %wait E_0x19052020;
    %load/vec4 v0x1906aad0_0;
    %dup/vec4;
    %pushi/vec4 0, 0, 2;
    %cmp/u;
    %jmp/1 T_7.0, 6;
    %dup/vec4;
    %pushi/vec4 1, 0, 2;
    %cmp/u;
    %jmp/1 T_7.1, 6;
    %dup/vec4;
    %pushi/vec4 2, 0, 2;
    %cmp/u;
    %jmp/1 T_7.2, 6;
    %jmp T_7.3;
T_7.0 ;
    %pushi/vec4 0, 0, 32; draw_string_vec4
    %pushi/vec4 0, 0, 32; draw_string_vec4
    %concat/vec4; draw_string_vec4
    %pushi/vec4 0, 0, 32; draw_string_vec4
    %concat/vec4; draw_string_vec4
    %pushi/vec4 0, 0, 32; draw_string_vec4
    %concat/vec4; draw_string_vec4
    %pushi/vec4 0, 0, 32; draw_string_vec4
    %concat/vec4; draw_string_vec4
    %pushi/vec4 0, 0, 32; draw_string_vec4
    %concat/vec4; draw_string_vec4
    %pushi/vec4 0, 0, 32; draw_string_vec4
    %concat/vec4; draw_string_vec4
    %pushi/vec4 0, 0, 32; draw_string_vec4
    %concat/vec4; draw_string_vec4
    %pushi/vec4 0, 0, 32; draw_string_vec4
    %concat/vec4; draw_string_vec4
    %pushi/vec4 1397050948, 0, 32; draw_string_vec4
    %concat/vec4; draw_string_vec4
    %store/vec4 v0x1906ab90_0, 0, 320;
    %jmp T_7.3;
T_7.1 ;
    %pushi/vec4 0, 0, 32; draw_string_vec4
    %pushi/vec4 0, 0, 32; draw_string_vec4
    %concat/vec4; draw_string_vec4
    %pushi/vec4 0, 0, 32; draw_string_vec4
    %concat/vec4; draw_string_vec4
    %pushi/vec4 0, 0, 32; draw_string_vec4
    %concat/vec4; draw_string_vec4
    %pushi/vec4 0, 0, 32; draw_string_vec4
    %concat/vec4; draw_string_vec4
    %pushi/vec4 0, 0, 32; draw_string_vec4
    %concat/vec4; draw_string_vec4
    %pushi/vec4 0, 0, 32; draw_string_vec4
    %concat/vec4; draw_string_vec4
    %pushi/vec4 0, 0, 32; draw_string_vec4
    %concat/vec4; draw_string_vec4
    %pushi/vec4 83, 0, 32; draw_string_vec4
    %concat/vec4; draw_string_vec4
    %pushi/vec4 1212761684, 0, 32; draw_string_vec4
    %concat/vec4; draw_string_vec4
    %store/vec4 v0x1906ab90_0, 0, 320;
    %jmp T_7.3;
T_7.2 ;
    %pushi/vec4 0, 0, 32; draw_string_vec4
    %pushi/vec4 0, 0, 32; draw_string_vec4
    %concat/vec4; draw_string_vec4
    %pushi/vec4 0, 0, 32; draw_string_vec4
    %concat/vec4; draw_string_vec4
    %pushi/vec4 0, 0, 32; draw_string_vec4
    %concat/vec4; draw_string_vec4
    %pushi/vec4 0, 0, 32; draw_string_vec4
    %concat/vec4; draw_string_vec4
    %pushi/vec4 0, 0, 32; draw_string_vec4
    %concat/vec4; draw_string_vec4
    %pushi/vec4 0, 0, 32; draw_string_vec4
    %concat/vec4; draw_string_vec4
    %pushi/vec4 0, 0, 32; draw_string_vec4
    %concat/vec4; draw_string_vec4
    %pushi/vec4 0, 0, 32; draw_string_vec4
    %concat/vec4; draw_string_vec4
    %pushi/vec4 1146048069, 0, 32; draw_string_vec4
    %concat/vec4; draw_string_vec4
    %store/vec4 v0x1906ab90_0, 0, 320;
    %jmp T_7.3;
T_7.3 ;
    %pop/vec4 1;
    %jmp T_7;
    .thread T_7, $push;
    .scope S_0x1906d380;
T_8 ;
    %wait E_0x18ff3c10;
    %load/vec4 v0x1906df00_0;
    %flag_set/vec4 8;
    %jmp/0xz  T_8.0, 8;
    %pushi/vec4 0, 0, 12;
    %assign/vec4 v0x1906de20_0, 0;
    %jmp T_8.1;
T_8.0 ;
    %load/vec4 v0x1906dd60_0;
    %flag_set/vec4 8;
    %jmp/0xz  T_8.2, 8;
    %load/vec4 v0x1906de20_0;
    %addi 1, 0, 12;
    %assign/vec4 v0x1906de20_0, 0;
T_8.2 ;
T_8.1 ;
    %jmp T_8;
    .thread T_8;
    .scope S_0x1906d150;
T_9 ;
    %wait E_0x18ff3c10;
    %load/vec4 v0x1906e8b0_0;
    %flag_set/vec4 8;
    %jmp/0xz  T_9.0, 8;
    %pushi/vec4 0, 0, 1;
    %assign/vec4 v0x1906e950_0, 0;
    %pushi/vec4 1, 0, 1;
    %assign/vec4 v0x1906e410_0, 0;
    %pushi/vec4 0, 0, 6;
    %assign/vec4 v0x1906e370_0, 0;
    %pushi/vec4 0, 0, 1;
    %assign/vec4 v0x1906e810_0, 0;
    %jmp T_9.1;
T_9.0 ;
    %pushi/vec4 0, 0, 1;
    %assign/vec4 v0x1906e410_0, 0;
    %load/vec4 v0x1906e4b0_0;
    %flag_set/vec4 8;
    %jmp/0xz  T_9.2, 8;
    %pushi/vec4 1, 0, 1;
    %assign/vec4 v0x1906e410_0, 0;
    %pushi/vec4 0, 0, 6;
    %assign/vec4 v0x1906e370_0, 0;
    %pushi/vec4 0, 0, 1;
    %assign/vec4 v0x1906e950_0, 0;
    %pushi/vec4 0, 0, 1;
    %assign/vec4 v0x1906e810_0, 0;
    %jmp T_9.3;
T_9.2 ;
    %load/vec4 v0x1906e5a0_0;
    %flag_set/vec4 8;
    %jmp/0xz  T_9.4, 8;
    %pushi/vec4 1, 0, 1;
    %assign/vec4 v0x1906e950_0, 0;
    %pushi/vec4 0, 0, 6;
    %assign/vec4 v0x1906e370_0, 0;
    %jmp T_9.5;
T_9.4 ;
    %load/vec4 v0x1906e6e0_0;
    %flag_set/vec4 8;
    %jmp/0xz  T_9.6, 8;
    %pushi/vec4 0, 0, 1;
    %assign/vec4 v0x1906e950_0, 0;
    %jmp T_9.7;
T_9.6 ;
    %load/vec4 v0x1906e950_0;
    %flag_set/vec4 10;
    %flag_get/vec4 10;
    %jmp/0 T_9.11, 10;
    %load/vec4 v0x1906e640_0;
    %and;
T_9.11;
    %flag_set/vec4 9;
    %flag_get/vec4 9;
    %jmp/0 T_9.10, 9;
    %load/vec4 v0x1906e200_0;
    %nor/r;
    %and;
T_9.10;
    %flag_set/vec4 8;
    %jmp/0xz  T_9.8, 8;
    %load/vec4 v0x1906e370_0;
    %nor/r;
    %flag_set/vec4 8;
    %jmp/0xz  T_9.12, 8;
    %pushi/vec4 1, 0, 1;
    %assign/vec4 v0x1906e810_0, 0;
    %pushi/vec4 15, 0, 6;
    %assign/vec4 v0x1906e370_0, 0;
    %jmp T_9.13;
T_9.12 ;
    %load/vec4 v0x1906e370_0;
    %subi 1, 0, 6;
    %assign/vec4 v0x1906e370_0, 0;
T_9.13 ;
    %jmp T_9.9;
T_9.8 ;
    %pushi/vec4 0, 0, 1;
    %assign/vec4 v0x1906e810_0, 0;
T_9.9 ;
T_9.7 ;
T_9.5 ;
T_9.3 ;
T_9.1 ;
    %jmp T_9;
    .thread T_9;
    .scope S_0x18f68860;
T_10 ;
    %wait E_0x18ff3c10;
    %load/vec4 v0x190656d0_0;
    %flag_set/vec4 8;
    %jmp/0xz  T_10.0, 8;
    %pushi/vec4 0, 0, 5;
    %assign/vec4 v0x18f85590_0, 0;
    %pushi/vec4 0, 0, 7;
    %assign/vec4 v0x190395c0_0, 0;
    %pushi/vec4 0, 0, 1;
    %assign/vec4 v0x19065910_0, 0;
    %pushi/vec4 0, 0, 1;
    %assign/vec4 v0x19065790_0, 0;
    %pushi/vec4 0, 0, 1;
    %assign/vec4 v0x1903d600_0, 0;
    %jmp T_10.1;
T_10.0 ;
    %load/vec4 v0x19065850_0;
    %flag_set/vec4 8;
    %jmp/0xz  T_10.2, 8;
    %pushi/vec4 1, 0, 1;
    %assign/vec4 v0x19065910_0, 0;
    %pushi/vec4 0, 0, 1;
    %assign/vec4 v0x19065790_0, 0;
    %pushi/vec4 0, 0, 5;
    %assign/vec4 v0x18f85590_0, 0;
    %pushi/vec4 0, 0, 7;
    %assign/vec4 v0x190395c0_0, 0;
    %jmp T_10.3;
T_10.2 ;
    %load/vec4 v0x19065910_0;
    %flag_set/vec4 9;
    %flag_get/vec4 9;
    %jmp/0 T_10.6, 9;
    %load/vec4 v0x18fc6f40_0;
    %and;
T_10.6;
    %flag_set/vec4 8;
    %jmp/0xz  T_10.4, 8;
    %pushi/vec4 0, 0, 1;
    %assign/vec4 v0x19065910_0, 0;
    %pushi/vec4 1, 0, 1;
    %assign/vec4 v0x19065790_0, 0;
    %jmp T_10.5;
T_10.4 ;
    %load/vec4 v0x19065790_0;
    %flag_set/vec4 9;
    %flag_get/vec4 9;
    %jmp/0 T_10.9, 9;
    %load/vec4 v0x19016ad0_0;
    %and;
T_10.9;
    %flag_set/vec4 8;
    %jmp/0xz  T_10.7, 8;
    %load/vec4 v0x190395c0_0;
    %pad/u 32;
    %cmpi/u 74, 0, 32;
    %flag_inv 5; GE is !LT
    %jmp/0xz  T_10.10, 5;
    %load/vec4 v0x190395c0_0;
    %pad/u 32;
    %cmpi/e 78, 0, 32;
    %jmp/0xz  T_10.12, 4;
    %load/vec4 v0x18f85590_0;
    %pad/u 6;
    %cmpi/e 63, 0, 6;
    %jmp/0xz  T_10.14, 4;
    %pushi/vec4 0, 0, 5;
    %assign/vec4 v0x18f85590_0, 0;
    %jmp T_10.15;
T_10.14 ;
    %load/vec4 v0x18f85590_0;
    %addi 1, 0, 5;
    %assign/vec4 v0x18f85590_0, 0;
T_10.15 ;
    %load/vec4 v0x190395c0_0;
    %addi 1, 0, 7;
    %assign/vec4 v0x190395c0_0, 0;
    %jmp T_10.13;
T_10.12 ;
    %load/vec4 v0x190395c0_0;
    %pad/u 32;
    %cmpi/e 127, 0, 32;
    %jmp/0xz  T_10.16, 4;
    %pushi/vec4 0, 0, 7;
    %assign/vec4 v0x190395c0_0, 0;
T_10.16 ;
T_10.13 ;
    %pushi/vec4 0, 0, 1;
    %assign/vec4 v0x1903d600_0, 0;
    %load/vec4 v0x190395c0_0;
    %addi 1, 0, 7;
    %assign/vec4 v0x190395c0_0, 0;
    %jmp T_10.11;
T_10.10 ;
    %load/vec4 v0x190395c0_0;
    %addi 1, 0, 7;
    %assign/vec4 v0x190395c0_0, 0;
    %load/vec4 v0x1903d600_0;
    %inv;
    %assign/vec4 v0x1903d600_0, 0;
T_10.11 ;
T_10.7 ;
T_10.5 ;
T_10.3 ;
T_10.1 ;
    %jmp T_10;
    .thread T_10;
    .scope S_0x19072330;
T_11 ;
    %vpi_call 11 20 "$readmemh", P_0x190724c0, v0x190728f0 {0 0 0};
    %end;
    .thread T_11;
    .scope S_0x19072330;
T_12 ;
    %wait E_0x18ff3c10;
    %load/vec4 v0x19072c20_0;
    %flag_set/vec4 8;
    %jmp/0xz  T_12.0, 8;
    %load/vec4 v0x190729d0_0;
    %pad/u 14;
    %ix/vec4 4;
    %load/vec4a v0x190728f0, 4;
    %assign/vec4 v0x19072cc0_0, 0;
T_12.0 ;
    %jmp T_12;
    .thread T_12;
    .scope S_0x19072330;
T_13 ;
    %wait E_0x18ff3c10;
    %load/vec4 v0x19072b80_0;
    %flag_set/vec4 8;
    %jmp/0xz  T_13.0, 8;
    %load/vec4 v0x19072f20_0;
    %flag_set/vec4 8;
    %jmp/0xz  T_13.2, 8;
    %load/vec4 v0x19072e40_0;
    %load/vec4 v0x19072d80_0;
    %pad/u 14;
    %ix/vec4 3;
    %ix/load 4, 0, 0; Constant delay
    %assign/vec4/a/d v0x190728f0, 0, 4;
T_13.2 ;
T_13.0 ;
    %jmp T_13;
    .thread T_13;
    .scope S_0x19073170;
T_14 ;
    %vpi_call 11 20 "$readmemh", P_0x19073300, v0x19073730 {0 0 0};
    %end;
    .thread T_14;
    .scope S_0x19073170;
T_15 ;
    %wait E_0x18ff3c10;
    %load/vec4 v0x19073a60_0;
    %flag_set/vec4 8;
    %jmp/0xz  T_15.0, 8;
    %load/vec4 v0x19073810_0;
    %pad/u 14;
    %ix/vec4 4;
    %load/vec4a v0x19073730, 4;
    %assign/vec4 v0x19073b50_0, 0;
T_15.0 ;
    %jmp T_15;
    .thread T_15;
    .scope S_0x19073170;
T_16 ;
    %wait E_0x18ff3c10;
    %load/vec4 v0x190739c0_0;
    %flag_set/vec4 8;
    %jmp/0xz  T_16.0, 8;
    %load/vec4 v0x19073db0_0;
    %flag_set/vec4 8;
    %jmp/0xz  T_16.2, 8;
    %load/vec4 v0x19073cd0_0;
    %load/vec4 v0x19073c10_0;
    %pad/u 14;
    %ix/vec4 3;
    %ix/load 4, 0, 0; Constant delay
    %assign/vec4/a/d v0x19073730, 0, 4;
T_16.2 ;
T_16.0 ;
    %jmp T_16;
    .thread T_16;
    .scope S_0x19070760;
T_17 ;
    %vpi_call 11 20 "$readmemh", P_0x190708f0, v0x19070cd0 {0 0 0};
    %end;
    .thread T_17;
    .scope S_0x19070760;
T_18 ;
    %wait E_0x18ff3c10;
    %load/vec4 v0x19071050_0;
    %flag_set/vec4 8;
    %jmp/0xz  T_18.0, 8;
    %load/vec4 v0x19070db0_0;
    %pad/u 14;
    %ix/vec4 4;
    %load/vec4a v0x19070cd0, 4;
    %assign/vec4 v0x19071140_0, 0;
T_18.0 ;
    %jmp T_18;
    .thread T_18;
    .scope S_0x19070760;
T_19 ;
    %wait E_0x18ff3c10;
    %load/vec4 v0x19070f60_0;
    %flag_set/vec4 8;
    %jmp/0xz  T_19.0, 8;
    %load/vec4 v0x190713a0_0;
    %flag_set/vec4 8;
    %jmp/0xz  T_19.2, 8;
    %load/vec4 v0x190712c0_0;
    %load/vec4 v0x19071200_0;
    %pad/u 14;
    %ix/vec4 3;
    %ix/load 4, 0, 0; Constant delay
    %assign/vec4/a/d v0x19070cd0, 0, 4;
T_19.2 ;
T_19.0 ;
    %jmp T_19;
    .thread T_19;
    .scope S_0x19071560;
T_20 ;
    %vpi_call 11 20 "$readmemh", P_0x190716f0, v0x19071af0 {0 0 0};
    %end;
    .thread T_20;
    .scope S_0x19071560;
T_21 ;
    %wait E_0x18ff3c10;
    %load/vec4 v0x19071e20_0;
    %flag_set/vec4 8;
    %jmp/0xz  T_21.0, 8;
    %load/vec4 v0x19071bd0_0;
    %pad/u 14;
    %ix/vec4 4;
    %load/vec4a v0x19071af0, 4;
    %assign/vec4 v0x19071f10_0, 0;
T_21.0 ;
    %jmp T_21;
    .thread T_21;
    .scope S_0x19071560;
T_22 ;
    %wait E_0x18ff3c10;
    %load/vec4 v0x19071d80_0;
    %flag_set/vec4 8;
    %jmp/0xz  T_22.0, 8;
    %load/vec4 v0x19072170_0;
    %flag_set/vec4 8;
    %jmp/0xz  T_22.2, 8;
    %load/vec4 v0x19072090_0;
    %load/vec4 v0x19071fd0_0;
    %pad/u 14;
    %ix/vec4 3;
    %ix/load 4, 0, 0; Constant delay
    %assign/vec4/a/d v0x19071af0, 0, 4;
T_22.2 ;
T_22.0 ;
    %jmp T_22;
    .thread T_22;
    .scope S_0x1906eb20;
T_23 ;
    %vpi_call 11 20 "$readmemh", P_0x19017cd0, v0x1906efe0 {0 0 0};
    %end;
    .thread T_23;
    .scope S_0x1906eb20;
T_24 ;
    %wait E_0x18ff3c10;
    %load/vec4 v0x1906f310_0;
    %flag_set/vec4 8;
    %jmp/0xz  T_24.0, 8;
    %load/vec4 v0x1906f0c0_0;
    %pad/u 14;
    %ix/vec4 4;
    %load/vec4a v0x1906efe0, 4;
    %assign/vec4 v0x1906f420_0, 0;
T_24.0 ;
    %jmp T_24;
    .thread T_24;
    .scope S_0x1906eb20;
T_25 ;
    %wait E_0x18ff3c10;
    %load/vec4 v0x1906f270_0;
    %flag_set/vec4 8;
    %jmp/0xz  T_25.0, 8;
    %load/vec4 v0x1906f680_0;
    %flag_set/vec4 8;
    %jmp/0xz  T_25.2, 8;
    %load/vec4 v0x1906f5a0_0;
    %load/vec4 v0x1906f4e0_0;
    %pad/u 14;
    %ix/vec4 3;
    %ix/load 4, 0, 0; Constant delay
    %assign/vec4/a/d v0x1906efe0, 0, 4;
T_25.2 ;
T_25.0 ;
    %jmp T_25;
    .thread T_25;
    .scope S_0x1906f840;
T_26 ;
    %vpi_call 11 20 "$readmemh", P_0x1906f9d0, v0x1906fe00 {0 0 0};
    %end;
    .thread T_26;
    .scope S_0x1906f840;
T_27 ;
    %wait E_0x18ff3c10;
    %load/vec4 v0x19070270_0;
    %flag_set/vec4 8;
    %jmp/0xz  T_27.0, 8;
    %load/vec4 v0x1906fee0_0;
    %pad/u 14;
    %ix/vec4 4;
    %load/vec4a v0x1906fe00, 4;
    %assign/vec4 v0x19070360_0, 0;
T_27.0 ;
    %jmp T_27;
    .thread T_27;
    .scope S_0x1906f840;
T_28 ;
    %wait E_0x18ff3c10;
    %load/vec4 v0x190701a0_0;
    %flag_set/vec4 8;
    %jmp/0xz  T_28.0, 8;
    %load/vec4 v0x190705a0_0;
    %flag_set/vec4 8;
    %jmp/0xz  T_28.2, 8;
    %load/vec4 v0x190704c0_0;
    %load/vec4 v0x19070400_0;
    %pad/u 14;
    %ix/vec4 3;
    %ix/load 4, 0, 0; Constant delay
    %assign/vec4/a/d v0x1906fe00, 0, 4;
T_28.2 ;
T_28.0 ;
    %jmp T_28;
    .thread T_28;
    .scope S_0x18f68d90;
T_29 ;
    %pushi/vec4 0, 0, 1;
    %store/vec4 v0x19076ff0_0, 0, 1;
    %pushi/vec4 0, 0, 1;
    %store/vec4 v0x19077350_0, 0, 1;
    %pushi/vec4 0, 0, 1;
    %store/vec4 v0x19077180_0, 0, 1;
    %pushi/vec4 0, 0, 48;
    %store/vec4 v0x19077490_0, 0, 48;
    %pushi/vec4 0, 0, 48;
    %store/vec4 v0x19077530_0, 0, 48;
    %pushi/vec4 0, 0, 14;
    %store/vec4 v0x190773f0_0, 0, 14;
    %end;
    .thread T_29;
    .scope S_0x18f68d90;
T_30 ;
    %pushi/vec4 0, 0, 1;
    %assign/vec4 v0x19076ff0_0, 0;
    %end;
    .thread T_30;
    .scope S_0x18f68d90;
T_31 ;
    %delay 10000, 0;
    %load/vec4 v0x19076ff0_0;
    %inv;
    %assign/vec4 v0x19076ff0_0, 0;
    %jmp T_31;
    .thread T_31;
    .scope S_0x18f68d90;
T_32 ;
    %wait E_0x19053080;
    %pushi/vec4 1, 0, 1;
    %store/vec4 v0x19077350_0, 0, 1;
    %wait E_0x19053080;
    %pushi/vec4 0, 0, 1;
    %store/vec4 v0x19077350_0, 0, 1;
    %delay 80000, 0;
    %pushi/vec4 1, 0, 1;
    %store/vec4 v0x19077180_0, 0, 1;
    %delay 600000000, 0;
    %pushi/vec4 0, 0, 1;
    %store/vec4 v0x19077180_0, 0, 1;
    %end;
    .thread T_32;
    .scope S_0x18f68d90;
T_33 ;
    %fork t_1, S_0x18f689f0;
    %jmp t_0;
    .scope S_0x18f689f0;
t_1 ;
    %vpi_call 2 65 "$dumpfile", "led_panel_128_TB.vcd" {0 0 0};
    %vpi_call 2 66 "$dumpvars", 32'sb11111111111111111111111111111111, S_0x18f68d90 {0 0 0};
    %delay 2820130816, 4;
    %vpi_call 2 68 "$finish" {0 0 0};
    %end;
    .scope S_0x18f68d90;
t_0 %join;
    %end;
    .thread T_33;
# The file index is used to find the file name in the following table.
:file_names 12;
    "N/A";
    "<interactive>";
    "led_panel_128_TB.v";
    "led_panel_128.v";
    "Row_dir.v";
    "clk_div.v";
    "ctrl_lp128.v";
    "data_ctrl.v";
    "latch_ctrl.v";
    "mem_dir.v";
    "count.v";
    "memory_V2.v";
# EOF
