#! /usr/bin/env bash
exec /home/leonardo/miniconda3/envs/digital/bin/vvp -f "$0" "$@" <<'# EOF'
:ivl_version "13.0 (devel)" "(0_8-6859-gf50cc35d2-dirty)";
:ivl_delay_selection "TYPICAL";
:vpi_time_precision - 12;
:vpi_module "/home/leonardo/miniconda3/envs/digital/lib/ivl/system.vpi";
:vpi_module "/home/leonardo/miniconda3/envs/digital/lib/ivl/vhdl_sys.vpi";
:vpi_module "/home/leonardo/miniconda3/envs/digital/lib/ivl/vhdl_textio.vpi";
:vpi_module "/home/leonardo/miniconda3/envs/digital/lib/ivl/v2005_math.vpi";
:vpi_module "/home/leonardo/miniconda3/envs/digital/lib/ivl/va_math.vpi";
S_0x32bd7140 .scope module, "addrCtrl_TB" "addrCtrl_TB" 2 3;
 .timescale -9 -12;
P_0x32c16fa0 .param/l "PERIOD" 0 2 30, +C4<00000000000000000000000000010100>;
v0x32c581b0_0 .net "DC", 0 0, v0x32c56db0_0;  1 drivers
v0x32c582c0_0 .var "DC_input", 0 0;
v0x32c583d0_0 .net "SPI_init", 0 0, v0x32c56f20_0;  1 drivers
v0x32c584c0_0 .net "adrB", 11 0, v0x32c564e0_0;  1 drivers
v0x32c585b0_0 .var "clk", 0 0;
v0x32c586a0_0 .net "displayCS", 0 0, v0x32c57120_0;  1 drivers
v0x32c58740_0 .net "done", 0 0, v0x32c263f0_0;  1 drivers
v0x32c587e0_0 .var "init", 0 0;
v0x32c588d0_0 .var "reset", 0 0;
v0x32c58a00_0 .var "spiDone", 0 0;
E_0x32c18b70 .event anyedge, v0x32c263f0_0;
S_0x32bd7320 .scope begin, "TEST_CASE" "TEST_CASE" 2 73, 2 73 0, S_0x32bd7140;
 .timescale -9 -12;
S_0x32c24310 .scope module, "addrCtrl0" "addrCtrl" 2 16, 3 3 0, S_0x32bd7140;
 .timescale -9 -12;
    .port_info 0 /INPUT 1 "reset";
    .port_info 1 /INPUT 1 "clk";
    .port_info 2 /INPUT 1 "init";
    .port_info 3 /INPUT 1 "spiDone";
    .port_info 4 /INPUT 1 "DC_input";
    .port_info 5 /OUTPUT 12 "adrB";
    .port_info 6 /OUTPUT 1 "DC";
    .port_info 7 /OUTPUT 1 "displayCS";
    .port_info 8 /OUTPUT 1 "SPI_init";
    .port_info 9 /OUTPUT 1 "done";
v0x32c574f0_0 .net "DC", 0 0, v0x32c56db0_0;  alias, 1 drivers
v0x32c575b0_0 .net "DC_input", 0 0, v0x32c582c0_0;  1 drivers
v0x32c57680_0 .net "SPI_init", 0 0, v0x32c56f20_0;  alias, 1 drivers
v0x32c57780_0 .net "adrB", 11 0, v0x32c564e0_0;  alias, 1 drivers
v0x32c57850_0 .net "clk", 0 0, v0x32c585b0_0;  1 drivers
v0x32c578f0_0 .net "displayCS", 0 0, v0x32c57120_0;  alias, 1 drivers
v0x32c57990_0 .net "done", 0 0, v0x32c263f0_0;  alias, 1 drivers
v0x32c57a80_0 .net "init", 0 0, v0x32c587e0_0;  1 drivers
v0x32c57b20_0 .net "reset", 0 0, v0x32c588d0_0;  1 drivers
v0x32c57bc0_0 .net "spiDone", 0 0, v0x32c58a00_0;  1 drivers
v0x32c57c90_0 .net "w_configState", 0 0, L_0x32c69a30;  1 drivers
v0x32c57d30_0 .net "w_frFinshed", 0 0, L_0x32c69140;  1 drivers
v0x32c57e20_0 .net "w_ld", 0 0, v0x32c07e00_0;  1 drivers
v0x32c57f10_0 .net "w_sd", 0 0, v0x32c07140_0;  1 drivers
v0x32c58000_0 .net "w_sh", 0 0, v0x32c54900_0;  1 drivers
S_0x32c24640 .scope module, "addrCtrl_control0" "addrCtrl_control" 3 24, 3 116 0, S_0x32c24310;
 .timescale -9 -12;
    .port_info 0 /INPUT 1 "reset";
    .port_info 1 /INPUT 1 "clk";
    .port_info 2 /INPUT 1 "init";
    .port_info 3 /INPUT 1 "spiDone";
    .port_info 4 /INPUT 1 "frameFinished";
    .port_info 5 /OUTPUT 1 "dn";
    .port_info 6 /OUTPUT 1 "sh";
    .port_info 7 /OUTPUT 1 "ld";
    .port_info 8 /OUTPUT 1 "sd";
P_0x32bd74b0 .param/l "DONE" 0 3 129, C4<100>;
P_0x32bd74f0 .param/l "LOAD" 0 3 129, C4<001>;
P_0x32bd7530 .param/l "SEND" 0 3 129, C4<010>;
P_0x32bd7570 .param/l "SHIFT" 0 3 129, C4<011>;
P_0x32bd75b0 .param/l "START" 0 3 129, C4<000>;
v0x32c26560_0 .net "clk", 0 0, v0x32c585b0_0;  alias, 1 drivers
v0x32c263f0_0 .var "dn", 0 0;
v0x32c26280_0 .net "frameFinished", 0 0, L_0x32c69140;  alias, 1 drivers
v0x32c20d10_0 .net "init", 0 0, v0x32c587e0_0;  alias, 1 drivers
v0x32c07e00_0 .var "ld", 0 0;
v0x32c338c0_0 .net "reset", 0 0, v0x32c588d0_0;  alias, 1 drivers
v0x32c07140_0 .var "sd", 0 0;
v0x32c54900_0 .var "sh", 0 0;
v0x32c549c0_0 .net "spiDone", 0 0, v0x32c58a00_0;  alias, 1 drivers
v0x32c54a80_0 .var "state", 2 0;
v0x32c54b60_0 .var "state_name", 320 1;
E_0x32c369c0 .event anyedge, v0x32c54a80_0;
E_0x32c367b0 .event posedge, v0x32c26560_0;
S_0x32c54d60 .scope module, "ctrl_ending0" "ctrl_ending" 3 26, 3 71 0, S_0x32c24310;
 .timescale -9 -12;
    .port_info 0 /INPUT 1 "clk";
    .port_info 1 /INPUT 1 "reset";
    .port_info 2 /INPUT 1 "sh";
    .port_info 3 /INPUT 1 "ld";
    .port_info 4 /OUTPUT 1 "frameFinished";
    .port_info 5 /OUTPUT 1 "ConfigState";
    .port_info 6 /OUTPUT 12 "address";
P_0x32c36930 .param/l "CONFIG_END_ADDR" 0 3 82, +C4<00000000000000000000000011111111>;
P_0x32c36970 .param/l "FRAME_END_ADDR" 0 3 83, +C4<00000000000000000000100010001100>;
L_0x32c07c20 .functor AND 1, L_0x32c68b50, L_0x32c68d80, C4<1>, C4<1>;
L_0x32c33770 .functor AND 1, L_0x32c693b0, L_0x32c69700, C4<1>, C4<1>;
v0x32c54fb0_0 .net "ConfigState", 0 0, L_0x32c69a30;  alias, 1 drivers
v0x32c55070_0 .net *"_ivl_0", 31 0, L_0x32c58aa0;  1 drivers
L_0x700b0026c0a8 .functor BUFT 1, C4<00000000000000000000>, C4<0>, C4<0>, C4<0>;
v0x32c55150_0 .net *"_ivl_11", 19 0, L_0x700b0026c0a8;  1 drivers
L_0x700b0026c0f0 .functor BUFT 1, C4<00000000000000000000100010001100>, C4<0>, C4<0>, C4<0>;
v0x32c55210_0 .net/2u *"_ivl_12", 31 0, L_0x700b0026c0f0;  1 drivers
v0x32c552f0_0 .net *"_ivl_14", 0 0, L_0x32c68d80;  1 drivers
v0x32c55400_0 .net *"_ivl_17", 0 0, L_0x32c07c20;  1 drivers
L_0x700b0026c138 .functor BUFT 1, C4<01>, C4<0>, C4<0>, C4<0>;
v0x32c554c0_0 .net/2s *"_ivl_18", 1 0, L_0x700b0026c138;  1 drivers
L_0x700b0026c180 .functor BUFT 1, C4<00>, C4<0>, C4<0>, C4<0>;
v0x32c555a0_0 .net/2s *"_ivl_20", 1 0, L_0x700b0026c180;  1 drivers
v0x32c55680_0 .net *"_ivl_22", 1 0, L_0x32c68fb0;  1 drivers
v0x32c55760_0 .net *"_ivl_26", 31 0, L_0x32c69270;  1 drivers
L_0x700b0026c1c8 .functor BUFT 1, C4<000000000000000000000000000000>, C4<0>, C4<0>, C4<0>;
v0x32c55840_0 .net *"_ivl_29", 29 0, L_0x700b0026c1c8;  1 drivers
L_0x700b0026c018 .functor BUFT 1, C4<000000000000000000000000000000>, C4<0>, C4<0>, C4<0>;
v0x32c55920_0 .net *"_ivl_3", 29 0, L_0x700b0026c018;  1 drivers
L_0x700b0026c210 .functor BUFT 1, C4<00000000000000000000000000000000>, C4<0>, C4<0>, C4<0>;
v0x32c55a00_0 .net/2u *"_ivl_30", 31 0, L_0x700b0026c210;  1 drivers
v0x32c55ae0_0 .net *"_ivl_32", 0 0, L_0x32c693b0;  1 drivers
v0x32c55ba0_0 .net *"_ivl_34", 31 0, L_0x32c69540;  1 drivers
L_0x700b0026c258 .functor BUFT 1, C4<00000000000000000000>, C4<0>, C4<0>, C4<0>;
v0x32c55c80_0 .net *"_ivl_37", 19 0, L_0x700b0026c258;  1 drivers
L_0x700b0026c2a0 .functor BUFT 1, C4<00000000000000000000000011111111>, C4<0>, C4<0>, C4<0>;
v0x32c55d60_0 .net/2u *"_ivl_38", 31 0, L_0x700b0026c2a0;  1 drivers
L_0x700b0026c060 .functor BUFT 1, C4<00000000000000000000000000000011>, C4<0>, C4<0>, C4<0>;
v0x32c55e40_0 .net/2u *"_ivl_4", 31 0, L_0x700b0026c060;  1 drivers
v0x32c55f20_0 .net *"_ivl_40", 0 0, L_0x32c69700;  1 drivers
v0x32c55fe0_0 .net *"_ivl_43", 0 0, L_0x32c33770;  1 drivers
L_0x700b0026c2e8 .functor BUFT 1, C4<01>, C4<0>, C4<0>, C4<0>;
v0x32c560a0_0 .net/2s *"_ivl_44", 1 0, L_0x700b0026c2e8;  1 drivers
L_0x700b0026c330 .functor BUFT 1, C4<00>, C4<0>, C4<0>, C4<0>;
v0x32c56180_0 .net/2s *"_ivl_46", 1 0, L_0x700b0026c330;  1 drivers
v0x32c56260_0 .net *"_ivl_48", 1 0, L_0x32c698a0;  1 drivers
v0x32c56340_0 .net *"_ivl_6", 0 0, L_0x32c68b50;  1 drivers
v0x32c56400_0 .net *"_ivl_8", 31 0, L_0x32c68c90;  1 drivers
v0x32c564e0_0 .var "address", 11 0;
v0x32c565c0_0 .net "clk", 0 0, v0x32c585b0_0;  alias, 1 drivers
v0x32c56660_0 .net "frameFinished", 0 0, L_0x32c69140;  alias, 1 drivers
v0x32c56700_0 .net "ld", 0 0, v0x32c07e00_0;  alias, 1 drivers
v0x32c567d0_0 .var "pointerResets", 1 0;
v0x32c56870_0 .net "reset", 0 0, v0x32c588d0_0;  alias, 1 drivers
v0x32c56940_0 .net "sh", 0 0, v0x32c54900_0;  alias, 1 drivers
L_0x32c58aa0 .concat [ 2 30 0 0], v0x32c567d0_0, L_0x700b0026c018;
L_0x32c68b50 .cmp/eq 32, L_0x32c58aa0, L_0x700b0026c060;
L_0x32c68c90 .concat [ 12 20 0 0], v0x32c564e0_0, L_0x700b0026c0a8;
L_0x32c68d80 .cmp/eq 32, L_0x32c68c90, L_0x700b0026c0f0;
L_0x32c68fb0 .functor MUXZ 2, L_0x700b0026c180, L_0x700b0026c138, L_0x32c07c20, C4<>;
L_0x32c69140 .part L_0x32c68fb0, 0, 1;
L_0x32c69270 .concat [ 2 30 0 0], v0x32c567d0_0, L_0x700b0026c1c8;
L_0x32c693b0 .cmp/eq 32, L_0x32c69270, L_0x700b0026c210;
L_0x32c69540 .concat [ 12 20 0 0], v0x32c564e0_0, L_0x700b0026c258;
L_0x32c69700 .cmp/ge 32, L_0x700b0026c2a0, L_0x32c69540;
L_0x32c698a0 .functor MUXZ 2, L_0x700b0026c330, L_0x700b0026c2e8, L_0x32c33770, C4<>;
L_0x32c69a30 .part L_0x32c698a0, 0, 1;
S_0x32c56ad0 .scope module, "send0" "send" 3 25, 3 32 0, S_0x32c24310;
 .timescale -9 -12;
    .port_info 0 /INPUT 1 "clk";
    .port_info 1 /INPUT 1 "reset";
    .port_info 2 /INPUT 1 "sd";
    .port_info 3 /INPUT 1 "dn";
    .port_info 4 /INPUT 1 "ConfigState";
    .port_info 5 /INPUT 1 "DC_input";
    .port_info 6 /OUTPUT 1 "DC";
    .port_info 7 /OUTPUT 1 "SPI_init";
    .port_info 8 /OUTPUT 1 "displayCS";
v0x32c56ce0_0 .net "ConfigState", 0 0, L_0x32c69a30;  alias, 1 drivers
v0x32c56db0_0 .var "DC", 0 0;
v0x32c56e50_0 .net "DC_input", 0 0, v0x32c582c0_0;  alias, 1 drivers
v0x32c56f20_0 .var "SPI_init", 0 0;
v0x32c56fe0_0 .net "clk", 0 0, v0x32c585b0_0;  alias, 1 drivers
v0x32c57120_0 .var "displayCS", 0 0;
v0x32c571e0_0 .net "dn", 0 0, v0x32c263f0_0;  alias, 1 drivers
v0x32c57280_0 .net "reset", 0 0, v0x32c588d0_0;  alias, 1 drivers
v0x32c57370_0 .net "sd", 0 0, v0x32c07140_0;  alias, 1 drivers
    .scope S_0x32c24640;
T_0 ;
    %pushi/vec4 0, 0, 1;
    %store/vec4 v0x32c263f0_0, 0, 1;
    %pushi/vec4 0, 0, 1;
    %store/vec4 v0x32c54900_0, 0, 1;
    %pushi/vec4 0, 0, 1;
    %store/vec4 v0x32c07140_0, 0, 1;
    %pushi/vec4 0, 0, 1;
    %store/vec4 v0x32c07e00_0, 0, 1;
    %pushi/vec4 0, 0, 3;
    %store/vec4 v0x32c54a80_0, 0, 3;
    %end;
    .thread T_0;
    .scope S_0x32c24640;
T_1 ;
    %wait E_0x32c367b0;
    %load/vec4 v0x32c338c0_0;
    %pad/u 32;
    %cmpi/e 1, 0, 32;
    %jmp/0xz  T_1.0, 4;
    %pushi/vec4 2, 0, 3;
    %assign/vec4 v0x32c54a80_0, 0;
    %jmp T_1.1;
T_1.0 ;
    %load/vec4 v0x32c54a80_0;
    %dup/vec4;
    %pushi/vec4 0, 0, 3;
    %cmp/u;
    %jmp/1 T_1.2, 6;
    %dup/vec4;
    %pushi/vec4 1, 0, 3;
    %cmp/u;
    %jmp/1 T_1.3, 6;
    %dup/vec4;
    %pushi/vec4 2, 0, 3;
    %cmp/u;
    %jmp/1 T_1.4, 6;
    %dup/vec4;
    %pushi/vec4 3, 0, 3;
    %cmp/u;
    %jmp/1 T_1.5, 6;
    %dup/vec4;
    %pushi/vec4 4, 0, 3;
    %cmp/u;
    %jmp/1 T_1.6, 6;
    %pushi/vec4 0, 0, 3;
    %assign/vec4 v0x32c54a80_0, 0;
    %jmp T_1.8;
T_1.2 ;
    %load/vec4 v0x32c20d10_0;
    %flag_set/vec4 8;
    %jmp/0xz  T_1.9, 8;
    %pushi/vec4 1, 0, 3;
    %assign/vec4 v0x32c54a80_0, 0;
    %jmp T_1.10;
T_1.9 ;
    %pushi/vec4 0, 0, 3;
    %assign/vec4 v0x32c54a80_0, 0;
T_1.10 ;
    %jmp T_1.8;
T_1.3 ;
    %pushi/vec4 2, 0, 3;
    %assign/vec4 v0x32c54a80_0, 0;
    %jmp T_1.8;
T_1.4 ;
    %load/vec4 v0x32c549c0_0;
    %flag_set/vec4 8;
    %jmp/0xz  T_1.11, 8;
    %load/vec4 v0x32c26280_0;
    %flag_set/vec4 8;
    %jmp/0xz  T_1.13, 8;
    %pushi/vec4 4, 0, 3;
    %assign/vec4 v0x32c54a80_0, 0;
    %jmp T_1.14;
T_1.13 ;
    %pushi/vec4 3, 0, 3;
    %assign/vec4 v0x32c54a80_0, 0;
T_1.14 ;
    %jmp T_1.12;
T_1.11 ;
    %pushi/vec4 2, 0, 3;
    %assign/vec4 v0x32c54a80_0, 0;
T_1.12 ;
    %jmp T_1.8;
T_1.5 ;
    %pushi/vec4 2, 0, 3;
    %assign/vec4 v0x32c54a80_0, 0;
    %jmp T_1.8;
T_1.6 ;
    %pushi/vec4 0, 0, 3;
    %assign/vec4 v0x32c54a80_0, 0;
    %jmp T_1.8;
T_1.8 ;
    %pop/vec4 1;
T_1.1 ;
    %jmp T_1;
    .thread T_1;
    .scope S_0x32c24640;
T_2 ;
    %wait E_0x32c369c0;
    %load/vec4 v0x32c54a80_0;
    %dup/vec4;
    %pushi/vec4 0, 0, 3;
    %cmp/u;
    %jmp/1 T_2.0, 6;
    %dup/vec4;
    %pushi/vec4 1, 0, 3;
    %cmp/u;
    %jmp/1 T_2.1, 6;
    %dup/vec4;
    %pushi/vec4 2, 0, 3;
    %cmp/u;
    %jmp/1 T_2.2, 6;
    %dup/vec4;
    %pushi/vec4 3, 0, 3;
    %cmp/u;
    %jmp/1 T_2.3, 6;
    %dup/vec4;
    %pushi/vec4 4, 0, 3;
    %cmp/u;
    %jmp/1 T_2.4, 6;
    %jmp T_2.5;
T_2.0 ;
    %pushi/vec4 0, 0, 1;
    %store/vec4 v0x32c54900_0, 0, 1;
    %pushi/vec4 0, 0, 1;
    %store/vec4 v0x32c07e00_0, 0, 1;
    %pushi/vec4 0, 0, 1;
    %store/vec4 v0x32c07140_0, 0, 1;
    %jmp T_2.5;
T_2.1 ;
    %pushi/vec4 0, 0, 1;
    %store/vec4 v0x32c263f0_0, 0, 1;
    %pushi/vec4 0, 0, 1;
    %store/vec4 v0x32c54900_0, 0, 1;
    %pushi/vec4 1, 0, 1;
    %store/vec4 v0x32c07e00_0, 0, 1;
    %pushi/vec4 0, 0, 1;
    %store/vec4 v0x32c07140_0, 0, 1;
    %jmp T_2.5;
T_2.2 ;
    %pushi/vec4 0, 0, 1;
    %store/vec4 v0x32c263f0_0, 0, 1;
    %pushi/vec4 0, 0, 1;
    %store/vec4 v0x32c54900_0, 0, 1;
    %pushi/vec4 0, 0, 1;
    %store/vec4 v0x32c07e00_0, 0, 1;
    %pushi/vec4 1, 0, 1;
    %store/vec4 v0x32c07140_0, 0, 1;
    %jmp T_2.5;
T_2.3 ;
    %pushi/vec4 0, 0, 1;
    %store/vec4 v0x32c263f0_0, 0, 1;
    %pushi/vec4 1, 0, 1;
    %store/vec4 v0x32c54900_0, 0, 1;
    %pushi/vec4 0, 0, 1;
    %store/vec4 v0x32c07e00_0, 0, 1;
    %pushi/vec4 0, 0, 1;
    %store/vec4 v0x32c07140_0, 0, 1;
    %jmp T_2.5;
T_2.4 ;
    %pushi/vec4 1, 0, 1;
    %store/vec4 v0x32c263f0_0, 0, 1;
    %pushi/vec4 0, 0, 1;
    %store/vec4 v0x32c54900_0, 0, 1;
    %pushi/vec4 0, 0, 1;
    %store/vec4 v0x32c07e00_0, 0, 1;
    %pushi/vec4 0, 0, 1;
    %store/vec4 v0x32c07140_0, 0, 1;
    %jmp T_2.5;
T_2.5 ;
    %pop/vec4 1;
    %jmp T_2;
    .thread T_2, $push;
    .scope S_0x32c24640;
T_3 ;
    %wait E_0x32c369c0;
    %load/vec4 v0x32c54a80_0;
    %dup/vec4;
    %pushi/vec4 0, 0, 3;
    %cmp/u;
    %jmp/1 T_3.0, 6;
    %dup/vec4;
    %pushi/vec4 1, 0, 3;
    %cmp/u;
    %jmp/1 T_3.1, 6;
    %dup/vec4;
    %pushi/vec4 3, 0, 3;
    %cmp/u;
    %jmp/1 T_3.2, 6;
    %dup/vec4;
    %pushi/vec4 2, 0, 3;
    %cmp/u;
    %jmp/1 T_3.3, 6;
    %dup/vec4;
    %pushi/vec4 4, 0, 3;
    %cmp/u;
    %jmp/1 T_3.4, 6;
    %jmp T_3.5;
T_3.0 ;
    %pushi/vec4 0, 0, 32; draw_string_vec4
    %pushi/vec4 0, 0, 32; draw_string_vec4
    %concat/vec4; draw_string_vec4
    %pushi/vec4 0, 0, 32; draw_string_vec4
    %concat/vec4; draw_string_vec4
    %pushi/vec4 0, 0, 32; draw_string_vec4
    %concat/vec4; draw_string_vec4
    %pushi/vec4 0, 0, 32; draw_string_vec4
    %concat/vec4; draw_string_vec4
    %pushi/vec4 0, 0, 32; draw_string_vec4
    %concat/vec4; draw_string_vec4
    %pushi/vec4 0, 0, 32; draw_string_vec4
    %concat/vec4; draw_string_vec4
    %pushi/vec4 0, 0, 32; draw_string_vec4
    %concat/vec4; draw_string_vec4
    %pushi/vec4 83, 0, 32; draw_string_vec4
    %concat/vec4; draw_string_vec4
    %pushi/vec4 1413567060, 0, 32; draw_string_vec4
    %concat/vec4; draw_string_vec4
    %store/vec4 v0x32c54b60_0, 0, 320;
    %jmp T_3.5;
T_3.1 ;
    %pushi/vec4 0, 0, 32; draw_string_vec4
    %pushi/vec4 0, 0, 32; draw_string_vec4
    %concat/vec4; draw_string_vec4
    %pushi/vec4 0, 0, 32; draw_string_vec4
    %concat/vec4; draw_string_vec4
    %pushi/vec4 0, 0, 32; draw_string_vec4
    %concat/vec4; draw_string_vec4
    %pushi/vec4 0, 0, 32; draw_string_vec4
    %concat/vec4; draw_string_vec4
    %pushi/vec4 0, 0, 32; draw_string_vec4
    %concat/vec4; draw_string_vec4
    %pushi/vec4 0, 0, 32; draw_string_vec4
    %concat/vec4; draw_string_vec4
    %pushi/vec4 0, 0, 32; draw_string_vec4
    %concat/vec4; draw_string_vec4
    %pushi/vec4 0, 0, 32; draw_string_vec4
    %concat/vec4; draw_string_vec4
    %pushi/vec4 1280262468, 0, 32; draw_string_vec4
    %concat/vec4; draw_string_vec4
    %store/vec4 v0x32c54b60_0, 0, 320;
    %jmp T_3.5;
T_3.2 ;
    %pushi/vec4 0, 0, 32; draw_string_vec4
    %pushi/vec4 0, 0, 32; draw_string_vec4
    %concat/vec4; draw_string_vec4
    %pushi/vec4 0, 0, 32; draw_string_vec4
    %concat/vec4; draw_string_vec4
    %pushi/vec4 0, 0, 32; draw_string_vec4
    %concat/vec4; draw_string_vec4
    %pushi/vec4 0, 0, 32; draw_string_vec4
    %concat/vec4; draw_string_vec4
    %pushi/vec4 0, 0, 32; draw_string_vec4
    %concat/vec4; draw_string_vec4
    %pushi/vec4 0, 0, 32; draw_string_vec4
    %concat/vec4; draw_string_vec4
    %pushi/vec4 0, 0, 32; draw_string_vec4
    %concat/vec4; draw_string_vec4
    %pushi/vec4 83, 0, 32; draw_string_vec4
    %concat/vec4; draw_string_vec4
    %pushi/vec4 1212761684, 0, 32; draw_string_vec4
    %concat/vec4; draw_string_vec4
    %store/vec4 v0x32c54b60_0, 0, 320;
    %jmp T_3.5;
T_3.3 ;
    %pushi/vec4 0, 0, 32; draw_string_vec4
    %pushi/vec4 0, 0, 32; draw_string_vec4
    %concat/vec4; draw_string_vec4
    %pushi/vec4 0, 0, 32; draw_string_vec4
    %concat/vec4; draw_string_vec4
    %pushi/vec4 0, 0, 32; draw_string_vec4
    %concat/vec4; draw_string_vec4
    %pushi/vec4 0, 0, 32; draw_string_vec4
    %concat/vec4; draw_string_vec4
    %pushi/vec4 0, 0, 32; draw_string_vec4
    %concat/vec4; draw_string_vec4
    %pushi/vec4 0, 0, 32; draw_string_vec4
    %concat/vec4; draw_string_vec4
    %pushi/vec4 0, 0, 32; draw_string_vec4
    %concat/vec4; draw_string_vec4
    %pushi/vec4 0, 0, 32; draw_string_vec4
    %concat/vec4; draw_string_vec4
    %pushi/vec4 1397050948, 0, 32; draw_string_vec4
    %concat/vec4; draw_string_vec4
    %store/vec4 v0x32c54b60_0, 0, 320;
    %jmp T_3.5;
T_3.4 ;
    %pushi/vec4 0, 0, 32; draw_string_vec4
    %pushi/vec4 0, 0, 32; draw_string_vec4
    %concat/vec4; draw_string_vec4
    %pushi/vec4 0, 0, 32; draw_string_vec4
    %concat/vec4; draw_string_vec4
    %pushi/vec4 0, 0, 32; draw_string_vec4
    %concat/vec4; draw_string_vec4
    %pushi/vec4 0, 0, 32; draw_string_vec4
    %concat/vec4; draw_string_vec4
    %pushi/vec4 0, 0, 32; draw_string_vec4
    %concat/vec4; draw_string_vec4
    %pushi/vec4 0, 0, 32; draw_string_vec4
    %concat/vec4; draw_string_vec4
    %pushi/vec4 0, 0, 32; draw_string_vec4
    %concat/vec4; draw_string_vec4
    %pushi/vec4 0, 0, 32; draw_string_vec4
    %concat/vec4; draw_string_vec4
    %pushi/vec4 1146048069, 0, 32; draw_string_vec4
    %concat/vec4; draw_string_vec4
    %store/vec4 v0x32c54b60_0, 0, 320;
    %jmp T_3.5;
T_3.5 ;
    %pop/vec4 1;
    %jmp T_3;
    .thread T_3, $push;
    .scope S_0x32c56ad0;
T_4 ;
    %wait E_0x32c367b0;
    %load/vec4 v0x32c57280_0;
    %flag_set/vec4 8;
    %jmp/0xz  T_4.0, 8;
    %pushi/vec4 0, 0, 1;
    %assign/vec4 v0x32c56db0_0, 0;
    %pushi/vec4 1, 0, 1;
    %assign/vec4 v0x32c57120_0, 0;
    %pushi/vec4 0, 0, 1;
    %assign/vec4 v0x32c56f20_0, 0;
    %jmp T_4.1;
T_4.0 ;
    %load/vec4 v0x32c57370_0;
    %flag_set/vec4 9;
    %flag_get/vec4 9;
    %jmp/0 T_4.4, 9;
    %load/vec4 v0x32c56ce0_0;
    %and;
T_4.4;
    %flag_set/vec4 8;
    %jmp/0xz  T_4.2, 8;
    %load/vec4 v0x32c56e50_0;
    %assign/vec4 v0x32c56db0_0, 0;
    %pushi/vec4 0, 0, 1;
    %assign/vec4 v0x32c57120_0, 0;
    %pushi/vec4 1, 0, 1;
    %assign/vec4 v0x32c56f20_0, 0;
    %jmp T_4.3;
T_4.2 ;
    %load/vec4 v0x32c57370_0;
    %flag_set/vec4 9;
    %flag_get/vec4 9;
    %jmp/0 T_4.7, 9;
    %load/vec4 v0x32c56ce0_0;
    %nor/r;
    %and;
T_4.7;
    %flag_set/vec4 8;
    %jmp/0xz  T_4.5, 8;
    %pushi/vec4 1, 0, 1;
    %assign/vec4 v0x32c56db0_0, 0;
    %pushi/vec4 1, 0, 1;
    %assign/vec4 v0x32c56f20_0, 0;
    %pushi/vec4 0, 0, 1;
    %assign/vec4 v0x32c57120_0, 0;
    %jmp T_4.6;
T_4.5 ;
    %pushi/vec4 0, 0, 1;
    %assign/vec4 v0x32c56f20_0, 0;
T_4.6 ;
T_4.3 ;
    %load/vec4 v0x32c571e0_0;
    %flag_set/vec4 8;
    %jmp/0xz  T_4.8, 8;
    %pushi/vec4 1, 0, 1;
    %assign/vec4 v0x32c57120_0, 0;
T_4.8 ;
T_4.1 ;
    %jmp T_4;
    .thread T_4;
    .scope S_0x32c54d60;
T_5 ;
    %wait E_0x32c367b0;
    %load/vec4 v0x32c56870_0;
    %flag_set/vec4 8;
    %jmp/0xz  T_5.0, 8;
    %pushi/vec4 0, 0, 12;
    %assign/vec4 v0x32c564e0_0, 0;
    %pushi/vec4 0, 0, 2;
    %assign/vec4 v0x32c567d0_0, 0;
    %jmp T_5.1;
T_5.0 ;
    %load/vec4 v0x32c56700_0;
    %flag_set/vec4 8;
    %jmp/0xz  T_5.2, 8;
    %pushi/vec4 254, 0, 12;
    %assign/vec4 v0x32c564e0_0, 0;
    %pushi/vec4 0, 0, 2;
    %assign/vec4 v0x32c567d0_0, 0;
    %jmp T_5.3;
T_5.2 ;
    %load/vec4 v0x32c564e0_0;
    %pad/u 32;
    %cmpi/e 4095, 0, 32;
    %jmp/0xz  T_5.4, 4;
    %load/vec4 v0x32c567d0_0;
    %addi 1, 0, 2;
    %assign/vec4 v0x32c567d0_0, 0;
    %pushi/vec4 256, 0, 12;
    %assign/vec4 v0x32c564e0_0, 0;
    %jmp T_5.5;
T_5.4 ;
    %load/vec4 v0x32c56940_0;
    %flag_set/vec4 8;
    %jmp/0xz  T_5.6, 8;
    %load/vec4 v0x32c564e0_0;
    %addi 1, 0, 12;
    %assign/vec4 v0x32c564e0_0, 0;
T_5.6 ;
T_5.5 ;
T_5.3 ;
T_5.1 ;
    %jmp T_5;
    .thread T_5;
    .scope S_0x32bd7140;
T_6 ;
    %pushi/vec4 0, 0, 1;
    %store/vec4 v0x32c588d0_0, 0, 1;
    %pushi/vec4 0, 0, 1;
    %store/vec4 v0x32c587e0_0, 0, 1;
    %pushi/vec4 0, 0, 1;
    %store/vec4 v0x32c582c0_0, 0, 1;
    %pushi/vec4 0, 0, 1;
    %store/vec4 v0x32c58a00_0, 0, 1;
    %end;
    .thread T_6;
    .scope S_0x32bd7140;
T_7 ;
    %pushi/vec4 0, 0, 1;
    %assign/vec4 v0x32c585b0_0, 0;
    %end;
    .thread T_7;
    .scope S_0x32bd7140;
T_8 ;
    %delay 10000, 0;
    %load/vec4 v0x32c585b0_0;
    %inv;
    %assign/vec4 v0x32c585b0_0, 0;
    %jmp T_8;
    .thread T_8;
    .scope S_0x32bd7140;
T_9 ;
    %pushi/vec4 1, 0, 1;
    %store/vec4 v0x32c588d0_0, 0, 1;
    %pushi/vec4 0, 0, 1;
    %store/vec4 v0x32c587e0_0, 0, 1;
    %pushi/vec4 0, 0, 1;
    %store/vec4 v0x32c582c0_0, 0, 1;
    %pushi/vec4 0, 0, 1;
    %store/vec4 v0x32c58a00_0, 0, 1;
    %delay 20000, 0;
    %pushi/vec4 0, 0, 1;
    %store/vec4 v0x32c588d0_0, 0, 1;
T_9.0 ;
    %load/vec4 v0x32c58740_0;
    %nor/r;
    %flag_set/vec4 8;
    %jmp/0xz T_9.1, 8;
    %load/vec4 v0x32c584c0_0;
    %pad/u 32;
    %pushi/vec4 2, 0, 32;
    %mod;
    %cmpi/e 1, 0, 32;
    %flag_mov 8, 4;
    %jmp/0 T_9.2, 8;
    %pushi/vec4 1, 0, 2;
    %jmp/1 T_9.3, 8;
T_9.2 ; End of true expr.
    %pushi/vec4 0, 0, 2;
    %jmp/0 T_9.3, 8;
 ; End of false expr.
    %blend;
T_9.3;
    %pad/s 1;
    %store/vec4 v0x32c582c0_0, 0, 1;
    %delay 40000, 0;
    %pushi/vec4 1, 0, 1;
    %store/vec4 v0x32c58a00_0, 0, 1;
    %delay 20000, 0;
    %pushi/vec4 0, 0, 1;
    %store/vec4 v0x32c58a00_0, 0, 1;
    %jmp T_9.0;
T_9.1 ;
    %pushi/vec4 1, 0, 1;
    %store/vec4 v0x32c587e0_0, 0, 1;
    %delay 40000, 0;
    %pushi/vec4 0, 0, 1;
    %store/vec4 v0x32c587e0_0, 0, 1;
T_9.4 ;
    %load/vec4 v0x32c58740_0;
    %nor/r;
    %flag_set/vec4 8;
    %jmp/0xz T_9.5, 8;
    %load/vec4 v0x32c584c0_0;
    %pad/u 32;
    %pushi/vec4 2, 0, 32;
    %mod;
    %cmpi/e 1, 0, 32;
    %flag_mov 8, 4;
    %jmp/0 T_9.6, 8;
    %pushi/vec4 1, 0, 2;
    %jmp/1 T_9.7, 8;
T_9.6 ; End of true expr.
    %pushi/vec4 0, 0, 2;
    %jmp/0 T_9.7, 8;
 ; End of false expr.
    %blend;
T_9.7;
    %pad/s 1;
    %store/vec4 v0x32c582c0_0, 0, 1;
    %delay 40000, 0;
    %pushi/vec4 1, 0, 1;
    %store/vec4 v0x32c58a00_0, 0, 1;
    %delay 20000, 0;
    %pushi/vec4 0, 0, 1;
    %store/vec4 v0x32c58a00_0, 0, 1;
    %jmp T_9.4;
T_9.5 ;
T_9.8 ;
    %load/vec4 v0x32c58740_0;
    %cmpi/ne 1, 0, 1;
    %jmp/0xz T_9.9, 6;
    %wait E_0x32c18b70;
    %jmp T_9.8;
T_9.9 ;
    %pushi/vec4 1, 0, 1;
    %store/vec4 v0x32c587e0_0, 0, 1;
    %end;
    .thread T_9;
    .scope S_0x32bd7140;
T_10 ;
    %fork t_1, S_0x32bd7320;
    %jmp t_0;
    .scope S_0x32bd7320;
t_1 ;
    %vpi_call 2 74 "$dumpfile", "addrCtrl_TB.vcd" {0 0 0};
    %vpi_call 2 75 "$dumpvars", 32'sb11111111111111111111111111111111, S_0x32bd7140 {0 0 0};
    %delay 2000000000, 0;
    %vpi_call 2 76 "$finish" {0 0 0};
    %end;
    .scope S_0x32bd7140;
t_0 %join;
    %end;
    .thread T_10;
# The file index is used to find the file name in the following table.
:file_names 4;
    "N/A";
    "<interactive>";
    "addrCtrl_TB.v";
    "addrCtrl.v";
# EOF
